03-01 22:35:58.505  1156  3447 D FreecessController: com.panda.mouse is top app, skip to freeze
03-01 22:36:00.850  1156  3447 D FreecessController: com.panda.mouse is top app, skip to freeze
03-01 22:36:08.870  1156  3447 D FreecessController: com.panda.mouse is top app, skip to freeze
03-01 22:36:12.181  1156  3447 D FreecessController: com.panda.mouse is top app, skip to freeze
03-01 22:36:15.484  1156  3447 D FreecessController: com.panda.mouse is top app, skip to freeze
03-01 22:36:30.590  1156  3447 D FreecessController: com.panda.mouse is top app, skip to freeze
03-01 22:36:32.957  1156  5201 I ActivityTaskManager: START u0 {act=android.intent.action.MAIN cat=[android.intent.category.LAUNCHER] flg=0x10000000 cmp=com.panda.mouse/com.chaozhuo.gameassistant.SplashActivity (has extras)} from uid 10060
03-01 22:36:32.965  1156  5201 D ActivityTaskManager: TaskLaunchParamsModifier:task=null activity=ActivityRecord{af73ff3 u0 com.panda.mouse/com.chaozhuo.gameassistant.SplashActivity display-from-dex-policy0 display-id=0 display-windowing-mode=1 suggested-display-area=DefaultTaskDisplayArea@145271629
03-01 22:36:32.965  1156  5201 D [secipm]: mSecIpmManager Preload com.panda.mouse dex files
03-01 22:36:32.966  1156  5201 D ActivityTaskManager: TaskLaunchParamsModifier:task=null activity=ActivityRecord{af73ff3 u0 com.panda.mouse/com.chaozhuo.gameassistant.SplashActivity t-1} display-area-from-source=DefaultTaskDisplayArea@145271629 display-id=0 display-windowing-mode=1 suggested-display-area=DefaultTaskDisplayArea@145271629 inherit-from-source=fullscreen activity-options-fullscreen=Rect(0, 0 - 0, 0) non-freeform-display display-area=DefaultTaskDisplayArea@145271629 maximized-bounds
03-01 22:36:32.970  1156  5201 D ActivityTaskManager: TaskLaunchParamsModifier:task=Task{9b474b0 #488 type=standard A=10360:com.panda.mouse U=0 visible=false mode=fullscreen translucent=true sz=0} activity=ActivityRecord{af73ff3 u0 com.panda.mouse/com.chaozhuo.gameassistant.SplashActivity t-1} display-area-from-source=DefaultTaskDisplayArea@145271629 display-id=0 display-windowing-mode=1 suggested-display-area=DefaultTaskDisplayArea@145271629 inherit-from-source=fullscreen activity-options-fullscreen=Rect(0, 0 - 0, 0) non-freeform-display display-area=DefaultTaskDisplayArea@145271629 maximized-bounds
03-01 22:36:33.025  1156  3222 D MARsPolicyManager: onPackageResumedFG pkgName = com.panda.mouse, userId = 0
03-01 22:36:33.071  1156  1475 I ActivityManager: Start proc 32074:com.panda.mouse/u0a360 for pre-top-activity {com.panda.mouse/com.chaozhuo.gameassistant.SplashActivity}
03-01 22:36:33.319  1156  2483 I ActivityManager: DSS OFF for com.panda.mouse
03-01 22:36:33.322  1156  2483 I DexController: getTaskHasActivityIsWaitingToRun: r=ActivityRecord{af73ff3 u0 com.panda.mouse/com.chaozhuo.gameassistant.SplashActivity t488}, app=ProcessRecord{4dacb9d 32074:com.panda.mouse/u0a360}
03-01 22:36:33.322  1156  2483 D ActivityManager: attachApplicationLocked() app=ProcessRecord{4dacb9d 32074:com.panda.mouse/u0a360} app.isolatedEntryPoint=null instr2=null
03-01 22:36:33.331  1156  2004 D SGM:GameManager: onLooperPrepared(), msg: MSG_APP_CREATE, pkgName: com.panda.mouse, userId: 0
03-01 22:36:33.331  1156  2483 D SGM:PkgDataHelper: notifyAppCreate(), pkgName: com.panda.mouse, userId: 0, sendRet: true
03-01 22:36:33.332  1156  2483 D MARsPolicyManager: onPackageResumedFG pkgName = com.panda.mouse, userId = 0
03-01 22:36:33.343  1156  2483 D SGM:GameManager:   sendRunningComponentFocus(), pkgName: com.panda.mouse, userId: 0
03-01 22:36:33.343  1156  2004 D SGM:GameManager: onLooperPrepared(), msg: MSG_TASK_FOCUSED, pkgName: com.panda.mouse, userId: 0
03-01 22:36:33.343  1156  2004 D SGM:GameManager:   handleTaskFocused(), pkgName: com.panda.mouse, userID:0
03-01 22:36:33.343  1156  2004 D SGM:GameManager:   handleResume(). pkgName: com.panda.mouse, userId: 0, isTunableApp: null
03-01 22:36:33.344  1156  2004 D SGM:GameManager: notifyFocusInOut(). of pkg: com.panda.mouse, type: 4, isMinimized: false, isTunableApp: false, userId: 0
03-01 22:36:33.351  1156  1892 V ActivityManager: Changed top to ProcessRecord{4dacb9d 32074:com.panda.mouse/u0a360}
03-01 22:36:33.356 32074 32074 D ActivityThread: handleBindApplication()++ app=com.panda.mouse
03-01 22:36:33.376  1156  1289 D SGM:GameManager: noteResumeComponent(), received pkgName: com.panda.mouse, userId: 0
03-01 22:36:33.376  1156  1289 I GameSDK@LifeCycle: noteResumeComponent(): package name  : com.panda.mouse
03-01 22:36:33.377  1156  2004 D SGM:GameManager: onLooperPrepared(), msg: MSG_APP_RESUME, pkgName: com.panda.mouse, userid: 0
03-01 22:36:33.377  1156  2004 D SGM:GameManager:   handleResume(). pkgName: com.panda.mouse, userId: 0, isTunableApp: null
03-01 22:36:33.377  1156  2004 D SGM:GameManager: notifyFocusInOut(). of pkg: com.panda.mouse, type: 4, isMinimized: false, isTunableApp: false, userId: 0
03-01 22:36:33.378  1156  1289 D SGM:GameManager: identifyGamePackage. com.panda.mouse, mCurrentUserId: 0, callerUserId: 0, callingMethodInfo: com.android.server.ssrm.fgapps.GameAppUtils.isGame(GameAppUtils.java:84)
03-01 22:36:33.378  1156  1289 D SGM:PkgDataHelper: getGamePkgData(). com.panda.mouse
03-01 22:36:33.378  1156  1289 D SGM:GameManager: identifyGamePackage. com.panda.mouse, mCurrentUserId: 0, callerUserId: 0, callingMethodInfo: com.android.server.ssrm.SortingMachine.isGame(SortingMachine.java:162)
03-01 22:36:33.378  1156  1289 D SGM:PkgDataHelper: getGamePkgData(). com.panda.mouse
03-01 22:36:33.451 32074 32074 D LoadedApk: LoadedApk::makeApplication() appContext.mOpPackageName=com.panda.mouse appContext.mBasePackageName=com.panda.mouse
03-01 22:36:33.505  1156  2360 D MdnieScenarioControlService:  packageName : com.panda.mouse    className : com.chaozhuo.gameassistant.SplashActivity
03-01 22:36:33.680  1156  5136 D WindowManager: makeSurface duration=1 name=com.panda.mouse/com.chaozhuo.gameassistant.SplashActivity$_32074
03-01 22:36:33.683  1156  5136 V WindowManager: Changing focus from null to Window{296dccc u0 com.panda.mouse/com.chaozhuo.gameassistant.SplashActivity} displayId=0 Callers=com.android.server.wm.RootWindowContainer.updateFocusedWindowLocked:582 com.android.server.wm.WindowManagerService.updateFocusedWindowLocked:6420 com.android.server.wm.WindowManagerService.relayoutWindow:2741 com.android.server.wm.Session.relayout:242 
03-01 22:36:33.698  1156  1290 D InsetsSourceProvider: updateVisibility: serverVisible=true, clientVisible=false, source=InsetsSource: {mType=ITYPE_STATUS_BAR, mFrame=[0,0][1920,30], mVisible=false, mWindowFrame=[0,0][0,0]}, controlTarget=Window{296dccc u0 com.panda.mouse/com.chaozhuo.gameassistant.SplashActivity}, from=com.android.server.wm.InsetsSourceProvider.setClientVisible:428 com.android.server.wm.InsetsSourceProvider.updateClientVisibility:413 com.android.server.wm.InsetsStateController.onInsetsModified:457 com.android.server.wm.InsetsStateController.lambda$notifyPendingInsetsControlChanged$6$InsetsStateController:638 com.android.server.wm.InsetsStateController$$ExternalSyntheticLambda1.run:2 com.android.server.wm.WindowAnimator.executeAfterPrepareSurfacesRunnables:345 com.android.server.wm.WindowAnimator.animate:226 com.android.server.wm.WindowAnimator.lambda$new$1$WindowAnimator:106 com.android.server.wm.WindowAnimator$$ExternalSyntheticLambda0.doFrame:2 android.view.Choreographer$CallbackRecord.run:1061 
03-01 22:36:33.750  1156  2482 D WindowManager: finishDrawingWindow: Window{296dccc u0 com.panda.mouse/com.chaozhuo.gameassistant.SplashActivity} mDrawState=DRAW_PENDING
03-01 22:36:33.771  1156  1475 I ActivityManager: Start proc 32148:com.panda.mouse:x/u0a360 for content provider {com.panda.mouse/com.chaozhuo.superme.server.SupermeGuradProvider}
03-01 22:36:33.845  1156  1286 I Pageboost: Launch time gathered : pid 32074 com.panda.mouse 797
03-01 22:36:33.882  1156  2321 I ActivityManager: DSS OFF for com.panda.mouse
03-01 22:36:33.884  1156  2321 D DexController: init process display: set packageProcessId, displayId=0, same_package_proc=ProcessRecord{4dacb9d 32074:com.panda.mouse/u0a360}, app=ProcessRecord{1fa3a0b 32148:com.panda.mouse:x/u0a360}
03-01 22:36:33.884  1156  2321 D ActivityManager: attachApplicationLocked() app=ProcessRecord{1fa3a0b 32148:com.panda.mouse:x/u0a360} app.isolatedEntryPoint=null instr2=null
03-01 22:36:33.887 32148 32148 D ActivityThread: handleBindApplication()++ app=com.panda.mouse:x
03-01 22:36:33.913 32148 32148 D LoadedApk: LoadedApk::makeApplication() appContext.mOpPackageName=com.panda.mouse appContext.mBasePackageName=com.panda.mouse
03-01 22:36:34.156  1156  1474 I ActivityManager: Deferring FGS notification in legacy app com.panda.mouse/u0a360 : Notification(channel=Octopus shortcut=null contentView=null vibrate=null sound=null defaults=0x0 flags=0x40 color=0x00000000 vis=PRIVATE semFlags=0x0 semPriority=0 semMissedCount=0)
03-01 22:36:34.295  1156  1289 D SGM:GameManager: identifyForegroundApp. com.panda.mouse, mCurrentUserId: 0, callerUserId: 0
03-01 22:36:34.295  1156  1289 D SGM:PkgDataHelper: getGamePkgData(). com.panda.mouse
03-01 22:36:35.651  1156  2483 I ActivityTaskManager: START u0 {cmp=com.panda.mouse/com.chaozhuo.gameassistant.XActivity} from uid 10360
03-01 22:36:35.652  1156  2483 D ActivityTaskManager: TaskLaunchParamsModifier:task=null activity=ActivityRecord{30938d8 u0 com.panda.mouse/com.chaozhuo.gameassistant.XActivity display-area-from-source=DefaultTaskDisplayArea@145271629 display-id=0 display-windowing-mode=1 suggested-display-area=DefaultTaskDisplayArea@145271629
03-01 22:36:35.652  1156  2483 D ActivityTaskManager: TaskLaunchParamsModifier:task=Task{9b474b0 #488 type=standard A=10360:com.panda.mouse U=0 visible=true mode=fullscreen translucent=true sz=1} activity=ActivityRecord{30938d8 u0 com.panda.mouse/com.chaozhuo.gameassistant.XActivity t-1} display-area-from-source=DefaultTaskDisplayArea@145271629 display-id=0 display-windowing-mode=1 suggested-display-area=DefaultTaskDisplayArea@145271629 inherit-from-source=fullscreen activity-options-fullscreen=Rect(0, 0 - 0, 0) non-freeform-display display-area=DefaultTaskDisplayArea@145271629 maximized-bounds
03-01 22:36:35.664  1156  2483 D MARsPolicyManager: onPackageResumedFG pkgName = com.panda.mouse, userId = 0
03-01 22:36:35.667  1156  2004 D SGM:GameManager: onLooperPrepared(), msg: MSG_APP_CREATE, pkgName: com.panda.mouse, userId: 0
03-01 22:36:35.667  1156  2483 D SGM:PkgDataHelper: notifyAppCreate(), pkgName: com.panda.mouse, userId: 0, sendRet: true
03-01 22:36:35.669  1156  2483 V WindowManager: Changing focus from Window{296dccc u0 com.panda.mouse/com.chaozhuo.gameassistant.SplashActivity} to null displayId=0 Callers=com.android.server.wm.RootWindowContainer.updateFocusedWindowLocked:582 com.android.server.wm.WindowManagerService.updateFocusedWindowLocked:6420 com.android.server.wm.ActivityTaskManagerService.setResumedActivityUncheckLocked:5449 com.android.server.wm.Task.onActivityStateChanged:2872 
03-01 22:36:35.673  1156  1289 D SGM:GameManager: notePauseComponent(), received pkgName: com.panda.mouse, userId: 0
03-01 22:36:35.674  1156  1289 D SGM:GameManager: noteResumeComponent(), received pkgName: com.panda.mouse, userId: 0
03-01 22:36:35.674  1156  1289 I GameSDK@LifeCycle: noteResumeComponent(): package name  : com.panda.mouse
03-01 22:36:35.674  1156  2004 D SGM:GameManager: onLooperPrepared(), msg: MSG_APP_RESUME, pkgName: com.panda.mouse, userid: 0
03-01 22:36:35.674  1156  2004 D SGM:GameManager:   handleResume(). pkgName: com.panda.mouse, userId: 0, isTunableApp: null
03-01 22:36:35.674  1156  2004 D SGM:GameManager: notifyFocusInOut(). of pkg: com.panda.mouse, type: 4, isMinimized: false, isTunableApp: false, userId: 0
03-01 22:36:35.791  1156  2321 D WindowManager: makeSurface duration=1 name=com.panda.mouse/com.chaozhuo.gameassistant.XActivity$_32074
03-01 22:36:35.793  1156  2321 V WindowManager: Changing focus from null to Window{5c3638f u0 com.panda.mouse/com.chaozhuo.gameassistant.XActivity} displayId=0 Callers=com.android.server.wm.RootWindowContainer.updateFocusedWindowLocked:582 com.android.server.wm.WindowManagerService.updateFocusedWindowLocked:6420 com.android.server.wm.WindowManagerService.relayoutWindow:2741 com.android.server.wm.Session.relayout:242 
03-01 22:36:35.814  1156  1290 D InsetsSourceProvider: updateVisibility: serverVisible=true, clientVisible=true, source=InsetsSource: {mType=ITYPE_STATUS_BAR, mFrame=[0,0][1920,30], mVisible=true, mWindowFrame=[0,0][0,0]}, controlTarget=Window{5c3638f u0 com.panda.mouse/com.chaozhuo.gameassistant.XActivity}, from=com.android.server.wm.InsetsSourceProvider.setClientVisible:428 com.android.server.wm.InsetsSourceProvider.updateClientVisibility:413 com.android.server.wm.InsetsStateController.onInsetsModified:457 com.android.server.wm.InsetsStateController.lambda$notifyPendingInsetsControlChanged$6$InsetsStateController:638 com.android.server.wm.InsetsStateController$$ExternalSyntheticLambda1.run:2 com.android.server.wm.WindowAnimator.executeAfterPrepareSurfacesRunnables:345 com.android.server.wm.WindowAnimator.animate:226 com.android.server.wm.WindowAnimator.lambda$new$1$WindowAnimator:106 com.android.server.wm.WindowAnimator$$ExternalSyntheticLambda0.doFrame:2 android.view.Choreographer$CallbackRecord.run:1061 
03-01 22:36:35.819  1156  2483 D WindowManager: finishDrawingWindow: Window{5c3638f u0 com.panda.mouse/com.chaozhuo.gameassistant.XActivity} mDrawState=DRAW_PENDING
03-01 22:36:35.823  1156  1290 D WindowManager: prepareDimAnimOnAnimating owner = ActivityRecord{af73ff3 u0 com.panda.mouse/com.chaozhuo.gameassistant.SplashActivity t488 f}}
03-01 22:36:35.823  1156  1290 I WindowManager: Reparenting to leash, surface=Surface(name=ActivityRecord{af73ff3 u0 com.panda.mouse/com.chaozhuo.gameassistant.SplashActivity t488})/@0xd801ae4, leashParent=Surface(name=Task=488)/@0x43aea61
03-01 22:36:35.824  1156  1290 D WindowManager: makeSurface duration=0 leash=Surface(name=Surface(name=ActivityRecord{af73ff3 u0 com.panda.mouse/com.chaozhuo.gameassistant.SplashActivity t488})/@0xd801ae4 - animation-leash of app_transition)/@0x8151b4d
03-01 22:36:35.824  1156  1290 D WindowManager: startDimAnimation owner = ActivityRecord{af73ff3 u0 com.panda.mouse/com.chaozhuo.gameassistant.SplashActivity t488 f}}
03-01 22:36:35.824  1156  1290 I WindowManager: Reparenting to leash, surface=Surface(name=Dim Layer for - ActivityRecord{af73ff3 u0 com.panda.mouse/com.chaozhuo.gameassistant.SplashActivity t488 f}} - animating-dim)/@0x9dc4602, leashParent=Surface(name=ActivityRecord{af73ff3 u0 com.panda.mouse/com.chaozhuo.gameassistant.SplashActivity t488})/@0xd801ae4
03-01 22:36:35.825  1156  1290 D WindowManager: makeSurface duration=0 leash=Surface(name=Surface(name=Dim Layer for - ActivityRecord{af73ff3 u0 com.panda.mouse/com.chaozhuo.gameassistant.SplashActivity t488 f}} - animating-dim)/@0x9dc4602 - animation-leash of dimmer)/@0x7aa9b13
03-01 22:36:35.826  1156  1290 I WindowManager: Reparenting to leash, surface=Surface(name=ActivityRecord{30938d8 u0 com.panda.mouse/com.chaozhuo.gameassistant.XActivity t488})/@0x138935a, leashParent=Surface(name=Task=488)/@0x43aea61
03-01 22:36:35.826  1156  1290 D WindowManager: makeSurface duration=0 leash=Surface(name=Surface(name=ActivityRecord{30938d8 u0 com.panda.mouse/com.chaozhuo.gameassistant.XActivity t488})/@0x138935a - animation-leash of app_transition)/@0x398598b
03-01 22:36:35.839  1156  1286 I Pageboost: Launch time gathered : pid 32074 com.panda.mouse 175
03-01 22:36:36.128  1156  1290 I WindowManager: Reparenting to original parent: Surface(name=ActivityRecord{af73ff3 u0 com.panda.mouse/com.chaozhuo.gameassistant.SplashActivity t488})/@0xd801ae4, destroy=true, surface=Surface(name=Dim Layer for - ActivityRecord{af73ff3 u0 com.panda.mouse/com.chaozhuo.gameassistant.SplashActivity t488 f}} - animating-dim)/@0x9dc4602
03-01 22:36:36.214  1156  1290 I WindowManager: Reparenting to original parent: Surface(name=Task=488)/@0x43aea61, destroy=true, surface=Surface(name=ActivityRecord{af73ff3 u0 com.panda.mouse/com.chaozhuo.gameassistant.SplashActivity t488})/@0xd801ae4
03-01 22:36:36.215  1156  1290 D WindowManager: clearDimAnimation owner = ActivityRecord{af73ff3 u0 com.panda.mouse/com.chaozhuo.gameassistant.SplashActivity t488 f}}, caller=com.android.server.wm.WindowContainer.onAnimationLeashLost:3108 com.android.server.wm.ActivityRecord.onAnimationLeashLost:7789 com.android.server.wm.SurfaceAnimator.removeLeash:426 
03-01 22:36:36.215  1156  1290 V WindowManager: Setting visibility of Window{296dccc u0 com.panda.mouse/com.chaozhuo.gameassistant.SplashActivity}: false, caller=com.android.server.wm.WindowContainer.sendAppVisibilityToClients:1100 com.android.server.wm.WindowToken.setClientVisible:448 com.android.server.wm.ActivityRecord.setClientVisible:6926 com.android.server.wm.ActivityRecord.onAnimationFinished:7813 com.android.server.wm.WindowContainer$$ExternalSyntheticLambda0.onAnimationFinished:2 
03-01 22:36:36.217  1156  1290 I WindowManager: Reparenting to original parent: Surface(name=Task=488)/@0x43aea61, destroy=true, surface=Surface(name=ActivityRecord{30938d8 u0 com.panda.mouse/com.chaozhuo.gameassistant.XActivity t488})/@0x138935a
03-01 22:36:36.243  1156  2321 I WindowManager: Destroying surface Surface(name=com.panda.mouse/com.chaozhuo.gameassistant.SplashActivity$_32074)/@0x55cc6ba called by com.android.server.wm.WindowStateAnimator.destroySurface:987 com.android.server.wm.WindowStateAnimator.destroySurfaceLocked:518 com.android.server.wm.WindowState.removeImmediately:2934 com.android.server.wm.WindowState.removeIfPossible:3125 com.android.server.wm.WindowState.removeIfPossible:2958 com.android.server.wm.WindowManagerService.removeWindow:2240 com.android.server.wm.Session.remove:225 android.view.IWindowSession$Stub.onTransact:746 
03-01 22:36:36.270  1156  5214 I ActivityTaskManager: Removing activity ActivityRecord{af73ff3 u0 com.panda.mouse/com.chaozhuo.gameassistant.SplashActivity t488 f}}(activityDestroyed)  from stack callers=com.android.server.wm.ActivityRecord.destroyed:4042 com.android.server.wm.ActivityClientController.activityDestroyed:282 android.app.IActivityClientController$Stub.onTransact:604 com.android.server.wm.ActivityClientController.onTransact:124 android.os.Binder.execTransactInternal:1220 
03-01 22:36:36.351  1156  1289 D SGM:GameManager: identifyForegroundApp. com.panda.mouse, mCurrentUserId: 0, callerUserId: 0
03-01 22:36:36.351  1156  1289 D SGM:PkgDataHelper: getGamePkgData(). com.panda.mouse
03-01 22:36:36.393  1156  2360 D MdnieScenarioControlService:  packageName : com.panda.mouse    className : com.chaozhuo.gameassistant.XActivity
03-01 22:36:37.738  1156  5214 V WindowManager: Changing focus from Window{5c3638f u0 com.panda.mouse/com.chaozhuo.gameassistant.XActivity} to Window{944fa79 u0 com.panda.mouse/com.chaozhuo.gameassistant.XActivity} displayId=0 Callers=com.android.server.wm.RootWindowContainer.updateFocusedWindowLocked:582 com.android.server.wm.WindowManagerService.updateFocusedWindowLocked:6420 com.android.server.wm.WindowManagerService.addWindow:2024 com.android.server.wm.Session.addToDisplayAsUser:211 
03-01 22:36:37.743  1156  5214 D WindowManager: makeSurface duration=0 name=com.panda.mouse/com.chaozhuo.gameassistant.XActivity$_32074
03-01 22:36:37.751  1156  2482 D WindowManager: finishDrawingWindow: Window{944fa79 u0 com.panda.mouse/com.chaozhuo.gameassistant.XActivity} mDrawState=DRAW_PENDING
03-01 22:36:37.753  1156  1290 I WindowManager: Reparenting to leash, surface=Surface(name=944fa79 com.panda.mouse/com.chaozhuo.gameassistant.XActivity)/@0xea672a3, leashParent=Surface(name=ActivityRecord{30938d8 u0 com.panda.mouse/com.chaozhuo.gameassistant.XActivity t488})/@0x138935a
03-01 22:36:37.754  1156  1290 D WindowManager: makeSurface duration=1 leash=Surface(name=Surface(name=944fa79 com.panda.mouse/com.chaozhuo.gameassistant.XActivity)/@0xea672a3 - animation-leash of window_animation)/@0x83d2959
03-01 22:36:37.761  1156  1289 D SGM:GameManager: notePauseComponent(), received pkgName: com.panda.mouse, userId: 0
03-01 22:36:37.767  1156  5214 D WindowManager: finishDrawingWindow: Window{944fa79 u0 com.panda.mouse/com.chaozhuo.gameassistant.XActivity} mDrawState=HAS_DRAWN
03-01 22:36:37.782  1156  5201 V WindowManager: Changing focus from Window{944fa79 u0 com.panda.mouse/com.chaozhuo.gameassistant.XActivity} to null displayId=0 Callers=com.android.server.wm.RootWindowContainer.updateFocusedWindowLocked:582 com.android.server.wm.WindowManagerService.updateFocusedWindowLocked:6420 com.android.server.wm.ActivityTaskManagerService.setResumedActivityUncheckLocked:5449 com.android.server.wm.Task.onActivityStateChanged:2872 
03-01 22:36:37.788  1156  1290 D WindowManager: prepareDimAnimOnAnimating owner = Task{9b474b0 #488 type=standard A=10360:com.panda.mouse U=0 visible=false mode=fullscreen translucent=true sz=1}
03-01 22:36:37.789  1156  1290 D WindowManager: startDimAnimation owner = Task{9b474b0 #488 type=standard A=10360:com.panda.mouse U=0 visible=false mode=fullscreen translucent=true sz=1}
03-01 22:36:37.912  1156  1290 I WindowManager: Reparenting to original parent: Surface(name=ActivityRecord{30938d8 u0 com.panda.mouse/com.chaozhuo.gameassistant.XActivity t488})/@0x138935a, destroy=true, surface=Surface(name=944fa79 com.panda.mouse/com.chaozhuo.gameassistant.XActivity)/@0xea672a3
03-01 22:36:38.180  1156  1290 D WindowManager: clearDimAnimation owner = Task{9b474b0 #488 type=standard A=10360:com.panda.mouse U=0 visible=false mode=fullscreen translucent=true sz=1}, caller=com.android.server.wm.WindowContainer.onAnimationLeashLost:3108 com.android.server.wm.Task.onAnimationLeashLost:10035 com.android.server.wm.SurfaceAnimator.removeLeash:426 
03-01 22:36:38.180  1156  1290 V WindowManager: Setting visibility of Window{944fa79 u0 com.panda.mouse/com.chaozhuo.gameassistant.XActivity}: false, caller=com.android.server.wm.WindowContainer.sendAppVisibilityToClients:1100 com.android.server.wm.WindowToken.setClientVisible:448 com.android.server.wm.ActivityRecord.setClientVisible:6926 com.android.server.wm.ActivityRecord.onAnimationFinished:7813 com.android.server.wm.WindowContainer.doAnimationFinished:3086 
03-01 22:36:38.180  1156  1290 V WindowManager: Setting visibility of Window{5c3638f u0 com.panda.mouse/com.chaozhuo.gameassistant.XActivity}: false, caller=com.android.server.wm.WindowContainer.sendAppVisibilityToClients:1100 com.android.server.wm.WindowToken.setClientVisible:448 com.android.server.wm.ActivityRecord.setClientVisible:6926 com.android.server.wm.ActivityRecord.onAnimationFinished:7813 com.android.server.wm.WindowContainer.doAnimationFinished:3086 
03-01 22:36:38.530  1156  1475 I ActivityManager: Start proc 32396:com.google.android.webview:sandboxed_process0:org.chromium.content.app.SandboxedProcessService0:0/u0i23 for  {com.panda.mouse/org.chromium.content.app.SandboxedProcessService0:0}
03-01 22:36:38.530  1156  1475 I ActivityManager: check webview name : com.google.android.webview:sandboxed_process0:org.chromium.content.app.SandboxedProcessService0:0check hostingname webview : {com.panda.mouse/org.chromium.content.app.SandboxedProcessService0:0}
03-01 22:36:38.575  1156  5214 I ActivityManager: DSS OFF for com.panda.mouse
03-01 22:36:38.577  1156  5214 D DexController: init process display: set packageProcessId, displayId=0, same_package_proc=ProcessRecord{4dacb9d 32074:com.panda.mouse/u0a360}, app=ProcessRecord{5ac0185 32396:com.google.android.webview:sandboxed_process0:org.chromium.content.app.SandboxedProcessService0:0/u0a360i23}
03-01 22:36:38.616 32396 32396 D LoadedApk: LoadedApk::makeApplication() appContext.mOpPackageName=com.panda.mouse appContext.mBasePackageName=com.panda.mouse
03-01 22:36:38.890  1156  5214 W AppOps  : Noting op not finished: uid 10360 pkg com.panda.mouse code 24 startTime of in progress event=1646148998886
03-01 22:36:38.997  1156  2740 D WindowManager: finishDrawingWindow: Window{8a8a9b2 u0 com.panda.mouse} mDrawState=DRAW_PENDING
03-01 22:36:38.997  1156  2740 D WindowManager: finishDrawingWindow: Window{733a126 u0 com.panda.mouse} mDrawState=DRAW_PENDING
03-01 22:36:39.140  1156  2482 E WindowManager: win=Window{944fa79 u0 com.panda.mouse/com.chaozhuo.gameassistant.XActivity} destroySurfaces: appStopped=true win.mWindowRemovalAllowed=false win.mRemoveOnExit=false win.mViewVisibility=8 caller=com.android.server.wm.ActivityRecord.destroySurfaces:5789 com.android.server.wm.ActivityRecord.destroySurfaces:5770 com.android.server.wm.ActivityRecord.notifyAppStopped:5834 com.android.server.wm.ActivityRecord.activityStopped:6454 com.android.server.wm.ActivityClientController.activityStopped:248 android.app.IActivityClientController$Stub.onTransact:596 com.android.server.wm.ActivityClientController.onTransact:124 
03-01 22:36:39.141  1156  2482 I WindowManager: Destroying surface Surface(name=com.panda.mouse/com.chaozhuo.gameassistant.XActivity$_32074)/@0x8756d18 called by com.android.server.wm.WindowStateAnimator.destroySurface:987 com.android.server.wm.WindowStateAnimator.destroySurfaceLocked:518 com.android.server.wm.WindowState.destroySurfaceUnchecked:4203 com.android.server.wm.WindowState.destroySurface:4177 com.android.server.wm.ActivityRecord.destroySurfaces:5789 com.android.server.wm.ActivityRecord.destroySurfaces:5770 com.android.server.wm.ActivityRecord.notifyAppStopped:5834 com.android.server.wm.ActivityRecord.activityStopped:6454 
03-01 22:36:39.141  1156  2482 E WindowManager: win=Window{5c3638f u0 com.panda.mouse/com.chaozhuo.gameassistant.XActivity} destroySurfaces: appStopped=true win.mWindowRemovalAllowed=false win.mRemoveOnExit=false win.mViewVisibility=8 caller=com.android.server.wm.ActivityRecord.destroySurfaces:5789 com.android.server.wm.ActivityRecord.destroySurfaces:5770 com.android.server.wm.ActivityRecord.notifyAppStopped:5834 com.android.server.wm.ActivityRecord.activityStopped:6454 com.android.server.wm.ActivityClientController.activityStopped:248 android.app.IActivityClientController$Stub.onTransact:596 com.android.server.wm.ActivityClientController.onTransact:124 
03-01 22:36:39.141  1156  2482 I WindowManager: Destroying surface Surface(name=com.panda.mouse/com.chaozhuo.gameassistant.XActivity$_32074)/@0x9ccf371 called by com.android.server.wm.WindowStateAnimator.destroySurface:987 com.android.server.wm.WindowStateAnimator.destroySurfaceLocked:518 com.android.server.wm.WindowState.destroySurfaceUnchecked:4203 com.android.server.wm.WindowState.destroySurface:4177 com.android.server.wm.ActivityRecord.destroySurfaces:5789 com.android.server.wm.ActivityRecord.destroySurfaces:5770 com.android.server.wm.ActivityRecord.notifyAppStopped:5834 com.android.server.wm.ActivityRecord.activityStopped:6454 
03-01 22:36:45.418  1156  6546 W AppOps  : Noting op not finished: uid 10360 pkg com.panda.mouse code 24 startTime of in progress event=1646148999146
03-01 22:36:45.452  1156  5944 D WindowManager: finishDrawingWindow: Window{63535d6 u0 com.panda.mouse} mDrawState=DRAW_PENDING
03-01 22:36:49.104  1156  6546 V WindowManager: Changing focus from Window{ef9d93b u0 com.pubg.newstate/com.epicgames.ue4.GameActivity} to Window{8a8a9b2 u0 com.panda.mouse} displayId=0 Callers=com.android.server.wm.RootWindowContainer.updateFocusedWindowLocked:582 com.android.server.wm.WindowManagerService.updateFocusedWindowLocked:6420 com.android.server.wm.WindowManagerService.relayoutWindow:2741 com.android.server.wm.Session.relayout:242 
03-01 22:36:49.187  1156  6546 W AppOps  : Noting op not finished: uid 10360 pkg com.panda.mouse code 24 startTime of in progress event=1646148999146
03-01 22:36:49.214  1156  6546 D WindowManager: finishDrawingWindow: Window{92f9080 u0 com.panda.mouse} mDrawState=DRAW_PENDING
03-01 22:36:49.231  1156  6546 D WindowManager: finishDrawingWindow: Window{92f9080 u0 com.panda.mouse} mDrawState=HAS_DRAWN
03-01 22:36:49.733  1156  5266 V WindowManager: Changing focus from Window{8a8a9b2 u0 com.panda.mouse} to Window{ef9d93b u0 com.pubg.newstate/com.epicgames.ue4.GameActivity} displayId=0 Callers=com.android.server.wm.RootWindowContainer.updateFocusedWindowLocked:582 com.android.server.wm.WindowManagerService.updateFocusedWindowLocked:6420 com.android.server.wm.WindowManagerService.relayoutWindow:2741 com.android.server.wm.Session.relayout:242 
03-01 22:36:51.515  1156  5266 V WindowManager: Changing focus from Window{ef9d93b u0 com.pubg.newstate/com.epicgames.ue4.GameActivity} to Window{8a8a9b2 u0 com.panda.mouse} displayId=0 Callers=com.android.server.wm.RootWindowContainer.updateFocusedWindowLocked:582 com.android.server.wm.WindowManagerService.updateFocusedWindowLocked:6420 com.android.server.wm.WindowManagerService.relayoutWindow:2741 com.android.server.wm.Session.relayout:242 
03-01 22:36:51.543  1156  1290 D InsetsSourceProvider: updateVisibility: serverVisible=true, clientVisible=false, source=InsetsSource: {mType=ITYPE_NAVIGATION_BAR, mFrame=[0,1080][1920,1080], mVisible=false, mWindowFrame=[0,1020][1920,1080]}, controlTarget=Window{8a8a9b2 u0 com.panda.mouse}, from=com.android.server.wm.InsetsSourceProvider.setClientVisible:428 com.android.server.wm.InsetsSourceProvider.updateClientVisibility:413 com.android.server.wm.InsetsStateController.onInsetsModified:457 com.android.server.wm.InsetsStateController.lambda$notifyPendingInsetsControlChanged$6$InsetsStateController:638 com.android.server.wm.InsetsStateController$$ExternalSyntheticLambda1.run:2 com.android.server.wm.WindowAnimator.executeAfterPrepareSurfacesRunnables:345 com.android.server.wm.WindowAnimator.animate:226 com.android.server.wm.WindowAnimator.lambda$new$1$WindowAnimator:106 com.android.server.wm.WindowAnimator$$ExternalSyntheticLambda0.doFrame:2 android.view.Choreographer$CallbackRecord.run:1061 
03-01 22:36:52.099  1156  5944 V WindowManager: Changing focus from Window{8a8a9b2 u0 com.panda.mouse} to Window{ef9d93b u0 com.pubg.newstate/com.epicgames.ue4.GameActivity} displayId=0 Callers=com.android.server.wm.RootWindowContainer.updateFocusedWindowLocked:582 com.android.server.wm.WindowManagerService.updateFocusedWindowLocked:6420 com.android.server.wm.WindowManagerService.relayoutWindow:2741 com.android.server.wm.Session.relayout:242 
03-01 22:36:52.114  1156  5944 W AppOps  : Noting op not finished: uid 10360 pkg com.panda.mouse code 24 startTime of in progress event=1646148999146
03-01 22:36:52.137  1156  5266 D WindowManager: finishDrawingWindow: Window{5f9552c u0 com.panda.mouse} mDrawState=DRAW_PENDING
03-01 22:37:01.996  1156  5044 E AppOps  : Operation not started: uid=10360 pkg=com.panda.mouse(null) op=SYSTEM_ALERT_WINDOW
03-01 22:37:02.001  1156  1156 D EdgeLightingPolicyManager:NotificationGroup: remove : sbn : StatusBarNotification(pkg=android user=UserHandle{0} id=0 tag=com.android.server.wm.AlertWindowNotification - com.panda.mouse key=0|android|0|com.android.server.wm.AlertWindowNotification - com.panda.mouse|1000: Notification(channel=com.android.server.wm.AlertWindowNotification - com.panda.mouse shortcut=null contentView=null vibrate=null sound=null defaults=0x0 flags=0x102 color=0xff888fa2 vis=PRIVATE semFlags=0x0 semPriority=0 semMissedCount=0))
03-01 22:37:05.362  1156  6546 W AppOps  : Noting op not finished: uid 10360 pkg com.panda.mouse code 24 startTime of in progress event=1646149025342
03-01 22:37:05.484  1156  5201 D WindowManager: finishDrawingWindow: Window{2f2c7fe u0 com.panda.mouse} mDrawState=DRAW_PENDING
03-01 22:37:05.488  1156  5201 D WindowManager: finishDrawingWindow: Window{3b832b2 u0 com.panda.mouse} mDrawState=DRAW_PENDING
03-01 22:37:05.557  1156  2368 W AppOps  : Noting op not finished: uid 10360 pkg com.panda.mouse code 24 startTime of in progress event=1646149025342
03-01 22:37:05.582  1156  2368 D WindowManager: finishDrawingWindow: Window{af5ad9d u0 com.panda.mouse} mDrawState=DRAW_PENDING
03-01 22:37:35.124  1156  2968 V WindowManager: Changing focus from Window{ef9d93b u0 com.pubg.newstate/com.epicgames.ue4.GameActivity} to Window{2f2c7fe u0 com.panda.mouse} displayId=0 Callers=com.android.server.wm.RootWindowContainer.updateFocusedWindowLocked:582 com.android.server.wm.WindowManagerService.updateFocusedWindowLocked:6420 com.android.server.wm.WindowManagerService.relayoutWindow:2741 com.android.server.wm.Session.relayout:242 
03-01 22:37:35.238  1156  5223 W AppOps  : Noting op not finished: uid 10360 pkg com.panda.mouse code 24 startTime of in progress event=1646149025342
03-01 22:37:35.277  1156  5223 D WindowManager: finishDrawingWindow: Window{e641ca u0 com.panda.mouse} mDrawState=DRAW_PENDING
03-01 22:37:35.321  1156  5223 D WindowManager: finishDrawingWindow: Window{e641ca u0 com.panda.mouse} mDrawState=HAS_DRAWN
03-01 22:37:35.964  1156  5044 V WindowManager: Changing focus from Window{2f2c7fe u0 com.panda.mouse} to Window{ef9d93b u0 com.pubg.newstate/com.epicgames.ue4.GameActivity} displayId=0 Callers=com.android.server.wm.RootWindowContainer.updateFocusedWindowLocked:582 com.android.server.wm.WindowManagerService.updateFocusedWindowLocked:6420 com.android.server.wm.WindowManagerService.relayoutWindow:2741 com.android.server.wm.Session.relayout:242 
03-01 22:37:53.731  1156  7005 V WindowManager: Changing focus from Window{ef9d93b u0 com.pubg.newstate/com.epicgames.ue4.GameActivity} to Window{2f2c7fe u0 com.panda.mouse} displayId=0 Callers=com.android.server.wm.RootWindowContainer.updateFocusedWindowLocked:582 com.android.server.wm.WindowManagerService.updateFocusedWindowLocked:6420 com.android.server.wm.WindowManagerService.relayoutWindow:2741 com.android.server.wm.Session.relayout:242 
03-01 22:37:54.384  1156  5223 V WindowManager: Changing focus from Window{2f2c7fe u0 com.panda.mouse} to Window{ef9d93b u0 com.pubg.newstate/com.epicgames.ue4.GameActivity} displayId=0 Callers=com.android.server.wm.RootWindowContainer.updateFocusedWindowLocked:582 com.android.server.wm.WindowManagerService.updateFocusedWindowLocked:6420 com.android.server.wm.WindowManagerService.relayoutWindow:2741 com.android.server.wm.Session.relayout:242 
03-01 22:37:54.418  1156  7005 W AppOps  : Noting op not finished: uid 10360 pkg com.panda.mouse code 24 startTime of in progress event=1646149025342
03-01 22:37:54.439  1156  5223 D WindowManager: finishDrawingWindow: Window{b737ded u0 com.panda.mouse} mDrawState=DRAW_PENDING
03-01 22:38:30.244  1156  1156 D EdgeLightingPolicyManager:NotificationGroup: remove : sbn : StatusBarNotification(pkg=android user=UserHandle{0} id=0 tag=com.android.server.wm.AlertWindowNotification - com.panda.mouse key=0|android|0|com.android.server.wm.AlertWindowNotification - com.panda.mouse|1000: Notification(channel=com.android.server.wm.AlertWindowNotification - com.panda.mouse shortcut=null contentView=null vibrate=null sound=null defaults=0x0 flags=0x102 color=0xff888fa2 vis=PRIVATE semFlags=0x0 semPriority=0 semMissedCount=0))
03-01 22:38:30.322  1156  1997 D WindowManager: finishDrawingWindow: Window{b737ded u0 com.panda.mouse} mDrawState=HAS_DRAWN
03-01 22:38:30.348  1156  5223 D WindowManager: finishDrawingWindow: Window{b737ded u0 com.panda.mouse} mDrawState=HAS_DRAWN
03-01 22:38:34.613  1156  5223 I Pageboost: moveTaskToFront : 10360:com.panda.mouse
03-01 22:38:34.615  1156  5223 D SGM:GameManager:   sendRunningComponentFocus(), pkgName: com.panda.mouse, userId: 0
03-01 22:38:34.615  1156  2004 D SGM:GameManager: onLooperPrepared(), msg: MSG_TASK_FOCUSED, pkgName: com.panda.mouse, userId: 0
03-01 22:38:34.615  1156  2004 D SGM:GameManager:   handleTaskFocused(), pkgName: com.panda.mouse, userID:0 mResumedPkgMap does not containsKey.
03-01 22:38:34.625  1156  2929 D MARsPolicyManager: onPackageResumedFG pkgName = com.panda.mouse, userId = 0
03-01 22:38:34.628  1156  2929 V WindowManager: Setting visibility of Window{5c3638f u0 com.panda.mouse/com.chaozhuo.gameassistant.XActivity}: true, caller=com.android.server.wm.WindowContainer.sendAppVisibilityToClients:1100 com.android.server.wm.WindowToken.setClientVisible:448 com.android.server.wm.ActivityRecord.setClientVisible:6926 com.android.server.wm.ActivityRecord.setVisibility:5371 com.android.server.wm.ActivityRecord.setVisibility:5266 
03-01 22:38:34.639  1156  2003 V ActivityManager: Changed top to ProcessRecord{4dacb9d 32074:com.panda.mouse/u0a360}
03-01 22:38:34.647  1156  1290 D WindowManager: createAnimationAdapter(): container=Task{9b474b0 #488 type=standard A=10360:com.panda.mouse U=0 visible=true mode=fullscreen translucent=false sz=1}
03-01 22:38:34.649  1156  1290 D WindowManager: 	Add container=Task{9b474b0 #488 type=standard A=10360:com.panda.mouse U=0 visible=true mode=fullscreen translucent=false sz=1}
03-01 22:38:34.654  1156  1290 I WindowManager: container=Task{9b474b0 #488 type=standard A=10360:com.panda.mouse U=0 visible=true mode=fullscreen translucent=false sz=1}
03-01 22:38:34.654  1156  1290 I WindowManager:   taskInfo=TaskInfo{userId=0 taskId=488 displayId=0 isRunning=true baseIntent=Intent { act=android.intent.action.MAIN cat=[android.intent.category.LAUNCHER] flg=0x10000000 cmp=com.panda.mouse/com.chaozhuo.gameassistant.SplashActivity } baseActivity=ComponentInfo{com.panda.mouse/com.chaozhuo.gameassistant.XActivity} topActivity=ComponentInfo{com.panda.mouse/com.chaozhuo.gameassistant.XActivity} origActivity=null realActivity=ComponentInfo{com.panda.mouse/com.chaozhuo.gameassistant.SplashActivity} numActivities=1 lastActiveTime=5926945 supportsSplitScreenMultiWindow=true supportsMultiWindow=true resizeMode=1 isResizeable=true token=WCT{RemoteToken{a340538 Task{9b474b0 #488 type=standard A=10360:com.panda.mouse U=0 visible=true mode=fullscreen translucent=false sz=1}}} topActivityType=1 pictureInPictureParams=PictureInPictureParams( aspectRatio=null sourceRectHint=null hasSetActions=false isAutoPipEnabled=false isSeamlessResizeEnabled=true) displayCutoutSafeInsets=null topActivityInfo=ActivityInfo{30d7911 com.chaozhuo.gameassistant.XActivity} launchCookies=[] positionInParent=Point(0, 0) parentTaskId=-1 isFocused=false isVisible=true topActivityInSizeCompat=false locusId= null topLaunchHome=false launchSplitWindowingMode=0 isPairTask=false pairedTaskIds=[] pairWindowingMode=0 pairDockSide=0 isAnimatingByRecent=false originallySupportedSplitScreen=true isAnimatingFreeformToFullscreen=false topActivityInFixedAspectRatio=false}
03-01 22:38:34.663  1156  1289 D SGM:GameManager: identifyGamePackage. com.panda.mouse, mCurrentUserId: 0, callerUserId: 0, callingMethodInfo: com.samsung.android.game.SemGameManager.isGamePackage(SemGameManager.java:104)
03-01 22:38:34.663  1156  1289 D SGM:PkgDataHelper: getGamePkgData(). com.panda.mouse
03-01 22:38:34.663  1156  1289 D SGM:SemGameManager: isGamePackage(), pkgName=com.panda.mouse, ret=false
03-01 22:38:34.664  1156  1289 D SGM:GameManager: noteResumeComponent(), received pkgName: com.panda.mouse, userId: 0
03-01 22:38:34.664  1156  2004 D SGM:GameManager: onLooperPrepared(), msg: MSG_APP_RESUME, pkgName: com.panda.mouse, userid: 0
03-01 22:38:34.664  1156  2004 D SGM:GameManager:   handleResume(). pkgName: com.panda.mouse, userId: 0, isTunableApp: null
03-01 22:38:34.664  1156  2004 D SGM:GameManager: notifyFocusInOut(). of pkg: com.panda.mouse, type: 4, isMinimized: false, isTunableApp: false, userId: 0
03-01 22:38:34.664  1156  1289 I GameSDK@LifeCycle: noteResumeComponent(): package name  : com.panda.mouse
03-01 22:38:34.665  1156  1289 D SGM:GameManager: identifyGamePackage. com.panda.mouse, mCurrentUserId: 0, callerUserId: 0, callingMethodInfo: com.android.server.ssrm.fgapps.GameAppUtils.isGame(GameAppUtils.java:84)
03-01 22:38:34.665  1156  1289 D SGM:PkgDataHelper: getGamePkgData(). com.panda.mouse
03-01 22:38:34.665  1156  1289 D SGM:GameManager: identifyGamePackage. com.panda.mouse, mCurrentUserId: 0, callerUserId: 0, callingMethodInfo: com.android.server.ssrm.SortingMachine.isGame(SortingMachine.java:162)
03-01 22:38:34.665  1156  1289 D SGM:PkgDataHelper: getGamePkgData(). com.panda.mouse
03-01 22:38:34.686  1156  2929 D WindowManager: makeSurface duration=0 name=com.panda.mouse/com.chaozhuo.gameassistant.XActivity$_32074
03-01 22:38:34.688  1156  2929 V WindowManager: Changing focus from null to Window{5c3638f u0 com.panda.mouse/com.chaozhuo.gameassistant.XActivity} displayId=0 Callers=com.android.server.wm.RootWindowContainer.updateFocusedWindowLocked:582 com.android.server.wm.WindowManagerService.updateFocusedWindowLocked:6420 com.android.server.wm.WindowManagerService.relayoutWindow:2741 com.android.server.wm.Session.relayout:242 
03-01 22:38:34.723  1156  2929 D WindowManager: finishDrawingWindow: Window{5c3638f u0 com.panda.mouse/com.chaozhuo.gameassistant.XActivity} mDrawState=DRAW_PENDING
03-01 22:38:34.742  1156  2929 I WindowManager: Reparenting to leash, surface=Surface(name=c279652 SnapshotStartingWindow for taskId=488)/@0x7b64350, leashParent=Surface(name=ActivityRecord{30938d8 u0 com.panda.mouse/com.chaozhuo.gameassistant.XActivity t488})/@0x138935a
03-01 22:38:34.804  1156  2360 D MdnieScenarioControlService:  packageName : com.panda.mouse    className : com.chaozhuo.gameassistant.XActivity
03-01 22:38:34.812  1156  1290 I WindowManager: Reparenting to original parent: Surface(name=ActivityRecord{30938d8 u0 com.panda.mouse/com.chaozhuo.gameassistant.XActivity t488})/@0x138935a, destroy=true, surface=Surface(name=c279652 SnapshotStartingWindow for taskId=488)/@0x7b64350
03-01 22:38:35.071  1156  2929 D WindowManager: 	container=Task{9b474b0 #488 type=standard A=10360:com.panda.mouse U=0 visible=true mode=fullscreen translucent=false sz=1}
03-01 22:38:35.248  1156  2360 D MdnieScenarioControlService:  packageName : com.panda.mouse    className : com.chaozhuo.gameassistant.XActivity
03-01 22:38:35.254  1156  1289 D SGM:GameManager: identifyForegroundApp. com.panda.mouse, mCurrentUserId: 0, callerUserId: 0
03-01 22:38:35.254  1156  1289 D SGM:PkgDataHelper: getGamePkgData(). com.panda.mouse
03-01 22:38:35.684  1156  2929 V WindowManager: Changing focus from Window{5c3638f u0 com.panda.mouse/com.chaozhuo.gameassistant.XActivity} to Window{98da9f8 u0 com.panda.mouse/com.chaozhuo.gameassistant.XActivity} displayId=0 Callers=com.android.server.wm.RootWindowContainer.updateFocusedWindowLocked:582 com.android.server.wm.WindowManagerService.updateFocusedWindowLocked:6420 com.android.server.wm.WindowManagerService.addWindow:2024 com.android.server.wm.Session.addToDisplayAsUser:211 
03-01 22:38:35.689  1156  2929 D WindowManager: makeSurface duration=0 name=com.panda.mouse/com.chaozhuo.gameassistant.XActivity$_32074
03-01 22:38:35.700  1156  2929 D WindowManager: finishDrawingWindow: Window{98da9f8 u0 com.panda.mouse/com.chaozhuo.gameassistant.XActivity} mDrawState=DRAW_PENDING
03-01 22:38:35.702  1156  1290 I WindowManager: Reparenting to leash, surface=Surface(name=98da9f8 com.panda.mouse/com.chaozhuo.gameassistant.XActivity)/@0x87ee0c3, leashParent=Surface(name=ActivityRecord{30938d8 u0 com.panda.mouse/com.chaozhuo.gameassistant.XActivity t488})/@0x138935a
03-01 22:38:35.703  1156  1290 D WindowManager: makeSurface duration=1 leash=Surface(name=Surface(name=98da9f8 com.panda.mouse/com.chaozhuo.gameassistant.XActivity)/@0x87ee0c3 - animation-leash of window_animation)/@0x534d40
03-01 22:38:35.719  1156  2368 V WindowManager: Changing focus from Window{98da9f8 u0 com.panda.mouse/com.chaozhuo.gameassistant.XActivity} to null displayId=0 Callers=com.android.server.wm.RootWindowContainer.updateFocusedWindowLocked:582 com.android.server.wm.WindowManagerService.updateFocusedWindowLocked:6420 com.android.server.wm.ActivityTaskManagerService.setResumedActivityUncheckLocked:5449 com.android.server.wm.Task.onActivityStateChanged:2872 
03-01 22:38:35.725  1156  1290 D WindowManager: prepareDimAnimOnAnimating owner = Task{9b474b0 #488 type=standard A=10360:com.panda.mouse U=0 visible=false mode=fullscreen translucent=true sz=1}
03-01 22:38:35.728  1156  1290 D WindowManager: startDimAnimation owner = Task{9b474b0 #488 type=standard A=10360:com.panda.mouse U=0 visible=false mode=fullscreen translucent=true sz=1}
03-01 22:38:35.750  1156  1289 D SGM:GameManager: notePauseComponent(), received pkgName: com.panda.mouse, userId: 0
03-01 22:38:35.858  1156  1290 I WindowManager: Reparenting to original parent: Surface(name=ActivityRecord{30938d8 u0 com.panda.mouse/com.chaozhuo.gameassistant.XActivity t488})/@0x138935a, destroy=true, surface=Surface(name=98da9f8 com.panda.mouse/com.chaozhuo.gameassistant.XActivity)/@0x87ee0c3
03-01 22:38:36.127  1156  1290 D WindowManager: clearDimAnimation owner = Task{9b474b0 #488 type=standard A=10360:com.panda.mouse U=0 visible=false mode=fullscreen translucent=true sz=1}, caller=com.android.server.wm.WindowContainer.onAnimationLeashLost:3108 com.android.server.wm.Task.onAnimationLeashLost:10035 com.android.server.wm.SurfaceAnimator.removeLeash:426 
03-01 22:38:36.127  1156  1290 V WindowManager: Setting visibility of Window{98da9f8 u0 com.panda.mouse/com.chaozhuo.gameassistant.XActivity}: false, caller=com.android.server.wm.WindowContainer.sendAppVisibilityToClients:1100 com.android.server.wm.WindowToken.setClientVisible:448 com.android.server.wm.ActivityRecord.setClientVisible:6926 com.android.server.wm.ActivityRecord.onAnimationFinished:7813 com.android.server.wm.WindowContainer.doAnimationFinished:3086 
03-01 22:38:36.127  1156  1290 V WindowManager: Setting visibility of Window{5c3638f u0 com.panda.mouse/com.chaozhuo.gameassistant.XActivity}: false, caller=com.android.server.wm.WindowContainer.sendAppVisibilityToClients:1100 com.android.server.wm.WindowToken.setClientVisible:448 com.android.server.wm.ActivityRecord.setClientVisible:6926 com.android.server.wm.ActivityRecord.onAnimationFinished:7813 com.android.server.wm.WindowContainer.doAnimationFinished:3086 
03-01 22:38:36.647  1156  6546 E WindowManager: win=Window{98da9f8 u0 com.panda.mouse/com.chaozhuo.gameassistant.XActivity} destroySurfaces: appStopped=true win.mWindowRemovalAllowed=false win.mRemoveOnExit=false win.mViewVisibility=8 caller=com.android.server.wm.ActivityRecord.destroySurfaces:5789 com.android.server.wm.ActivityRecord.destroySurfaces:5770 com.android.server.wm.ActivityRecord.notifyAppStopped:5834 com.android.server.wm.ActivityRecord.activityStopped:6454 com.android.server.wm.ActivityClientController.activityStopped:248 android.app.IActivityClientController$Stub.onTransact:596 com.android.server.wm.ActivityClientController.onTransact:124 
03-01 22:38:36.647  1156  6546 I WindowManager: Destroying surface Surface(name=com.panda.mouse/com.chaozhuo.gameassistant.XActivity$_32074)/@0xfd084cc called by com.android.server.wm.WindowStateAnimator.destroySurface:987 com.android.server.wm.WindowStateAnimator.destroySurfaceLocked:518 com.android.server.wm.WindowState.destroySurfaceUnchecked:4203 com.android.server.wm.WindowState.destroySurface:4177 com.android.server.wm.ActivityRecord.destroySurfaces:5789 com.android.server.wm.ActivityRecord.destroySurfaces:5770 com.android.server.wm.ActivityRecord.notifyAppStopped:5834 com.android.server.wm.ActivityRecord.activityStopped:6454 
03-01 22:38:36.647  1156  6546 E WindowManager: win=Window{5c3638f u0 com.panda.mouse/com.chaozhuo.gameassistant.XActivity} destroySurfaces: appStopped=true win.mWindowRemovalAllowed=false win.mRemoveOnExit=false win.mViewVisibility=8 caller=com.android.server.wm.ActivityRecord.destroySurfaces:5789 com.android.server.wm.ActivityRecord.destroySurfaces:5770 com.android.server.wm.ActivityRecord.notifyAppStopped:5834 com.android.server.wm.ActivityRecord.activityStopped:6454 com.android.server.wm.ActivityClientController.activityStopped:248 android.app.IActivityClientController$Stub.onTransact:596 com.android.server.wm.ActivityClientController.onTransact:124 
03-01 22:38:36.647  1156  6546 I WindowManager: Destroying surface Surface(name=com.panda.mouse/com.chaozhuo.gameassistant.XActivity$_32074)/@0x606e315 called by com.android.server.wm.WindowStateAnimator.destroySurface:987 com.android.server.wm.WindowStateAnimator.destroySurfaceLocked:518 com.android.server.wm.WindowState.destroySurfaceUnchecked:4203 com.android.server.wm.WindowState.destroySurface:4177 com.android.server.wm.ActivityRecord.destroySurfaces:5789 com.android.server.wm.ActivityRecord.destroySurfaces:5770 com.android.server.wm.ActivityRecord.notifyAppStopped:5834 com.android.server.wm.ActivityRecord.activityStopped:6454 
03-01 22:38:36.662  1156  2483 W AppOps  : Noting op not finished: uid 10360 pkg com.panda.mouse code 24 startTime of in progress event=1646149116660
03-01 22:38:36.728  1156  6546 D WindowManager: finishDrawingWindow: Window{74ab3e7 u0 com.panda.mouse} mDrawState=DRAW_PENDING
03-01 22:38:36.729  1156  6546 D WindowManager: finishDrawingWindow: Window{9e721b8 u0 com.panda.mouse} mDrawState=DRAW_PENDING
03-01 22:38:36.736  1156  6546 D WindowManager: finishDrawingWindow: Window{9e721b8 u0 com.panda.mouse} mDrawState=HAS_DRAWN
03-01 22:38:36.737  1156  2894 W AppOps  : Noting op not finished: uid 10360 pkg com.panda.mouse code 24 startTime of in progress event=1646149116668
03-01 22:38:36.756  1156  2371 D WindowManager: finishDrawingWindow: Window{debf706 u0 com.panda.mouse} mDrawState=DRAW_PENDING
03-01 22:39:20.677  1156  2483 V WindowManager: Changing focus from Window{ed91e0 u0 com.pubg.newstate/com.epicgames.ue4.GameActivity} to Window{74ab3e7 u0 com.panda.mouse} displayId=0 Callers=com.android.server.wm.RootWindowContainer.updateFocusedWindowLocked:582 com.android.server.wm.WindowManagerService.updateFocusedWindowLocked:6420 com.android.server.wm.WindowManagerService.relayoutWindow:2741 com.android.server.wm.Session.relayout:242 
03-01 22:39:20.796  1156  5214 W AppOps  : Noting op not finished: uid 10360 pkg com.panda.mouse code 24 startTime of in progress event=1646149116668
03-01 22:39:20.855  1156  2483 D WindowManager: finishDrawingWindow: Window{d87eb3e u0 com.panda.mouse} mDrawState=DRAW_PENDING
