03-01 22:52:55.222  1156  5214 V WindowManager: Relayout Window{9afdb2 u0 com.panda.mouse}: viewVisibility=0 req=24x29 d0
03-01 22:52:55.238  1156  5266 V WindowManager: Relayout Window{9afdb2 u0 com.panda.mouse}: viewVisibility=0 req=24x29 d0
03-01 22:52:55.371  1156  5266 V WindowManager: Relayout Window{9afdb2 u0 com.panda.mouse}: viewVisibility=0 req=24x29 d0
03-01 22:52:55.389  1156  5266 V WindowManager: Relayout Window{9afdb2 u0 com.panda.mouse}: viewVisibility=0 req=24x29 d0
03-01 22:52:55.406  1156  5266 V WindowManager: Relayout Window{9afdb2 u0 com.panda.mouse}: viewVisibility=0 req=24x29 d0
03-01 22:52:55.421  1156  5266 V WindowManager: Relayout Window{9afdb2 u0 com.panda.mouse}: viewVisibility=0 req=24x29 d0
03-01 22:52:55.438  1156  5266 V WindowManager: Relayout Window{9afdb2 u0 com.panda.mouse}: viewVisibility=0 req=24x29 d0
03-01 22:52:55.454  1156  5266 V WindowManager: Relayout Window{9afdb2 u0 com.panda.mouse}: viewVisibility=0 req=24x29 d0
03-01 22:52:55.471  1156  5266 V WindowManager: Relayout Window{9afdb2 u0 com.panda.mouse}: viewVisibility=0 req=24x29 d0
03-01 22:52:55.489  1156  5266 V WindowManager: Relayout Window{9afdb2 u0 com.panda.mouse}: viewVisibility=0 req=24x29 d0
03-01 22:52:55.506  1156  5946 V WindowManager: Relayout Window{9afdb2 u0 com.panda.mouse}: viewVisibility=0 req=24x29 d0
03-01 22:52:55.522  1156  5946 V WindowManager: Relayout Window{9afdb2 u0 com.panda.mouse}: viewVisibility=0 req=24x29 d0
03-01 22:52:55.621  1156  5946 V WindowManager: Relayout Window{a65a4f0 u0 com.panda.mouse}: viewVisibility=0 req=1920x1080 d0
03-01 22:52:55.623  1156  5946 V WindowManager: Changing focus from Window{a65a4f0 u0 com.panda.mouse} to Window{84cd7dd u0 com.aurora.warden/com.aurora.warden.ui.activities.AuroraActivity} displayId=0 Callers=com.android.server.wm.RootWindowContainer.updateFocusedWindowLocked:582 com.android.server.wm.WindowManagerService.updateFocusedWindowLocked:6420 com.android.server.wm.WindowManagerService.relayoutWindow:2741 com.android.server.wm.Session.relayout:242 
03-01 22:52:55.629  1156  5214 V WindowManager: Relayout Window{9afdb2 u0 com.panda.mouse}: viewVisibility=0 req=24x29 d0
03-01 22:52:55.637  1132  1132 I SurfaceFlinger: [a65a4f0 com.panda.mouse#0] FrameRatePriority: -1
03-01 22:52:55.638  1156  5214 D InputDispatcher: Focus left window (0): a65a4f0 com.panda.mouse
03-01 22:52:55.688 24396 24396 I DaemonService: appInstalled: com.panda.mouse
03-01 22:52:55.736 24396 24396 I DaemonService: line=package:com.panda.mouse
03-01 22:52:55.741 24396 24396 I DaemonService: getPidViaProcessName: com.panda.mouse:i
03-01 22:52:55.938  1156  5946 V WindowManager: Relayout Window{9afdb2 u0 com.panda.mouse}: viewVisibility=0 req=24x29 d0
03-01 22:52:55.955  1156  2624 V WindowManager: Relayout Window{9afdb2 u0 com.panda.mouse}: viewVisibility=0 req=24x29 d0
03-01 22:52:55.971  1156  5946 V WindowManager: Relayout Window{9afdb2 u0 com.panda.mouse}: viewVisibility=0 req=24x29 d0
03-01 22:52:55.990  1156  5946 V WindowManager: Relayout Window{9afdb2 u0 com.panda.mouse}: viewVisibility=0 req=24x29 d0
03-01 22:52:56.005  1156  2624 V WindowManager: Relayout Window{9afdb2 u0 com.panda.mouse}: viewVisibility=0 req=24x29 d0
03-01 22:52:56.022  1156  2624 V WindowManager: Relayout Window{9afdb2 u0 com.panda.mouse}: viewVisibility=0 req=24x29 d0
03-01 22:52:56.039 24396 24396 I DaemonService: line=root         24394     1 1607668  21620 do_sys_poll         0 S com.panda.mouse:i
03-01 22:52:56.040  1156  5946 V WindowManager: Relayout Window{9afdb2 u0 com.panda.mouse}: viewVisibility=0 req=24x29 d0
03-01 22:52:56.055  1156  5946 V WindowManager: Relayout Window{9afdb2 u0 com.panda.mouse}: viewVisibility=0 req=24x29 d0
03-01 22:52:56.071  1156  5946 V WindowManager: Relayout Window{9afdb2 u0 com.panda.mouse}: viewVisibility=0 req=24x29 d0
03-01 22:52:56.088  1156  5946 V WindowManager: Relayout Window{9afdb2 u0 com.panda.mouse}: viewVisibility=0 req=24x29 d0
03-01 22:52:56.106  1156  2624 V WindowManager: Relayout Window{9afdb2 u0 com.panda.mouse}: viewVisibility=0 req=24x29 d0
03-01 22:52:56.122  1156  5946 V WindowManager: Relayout Window{9afdb2 u0 com.panda.mouse}: viewVisibility=0 req=24x29 d0
03-01 22:52:56.138  1156  2624 V WindowManager: Relayout Window{9afdb2 u0 com.panda.mouse}: viewVisibility=0 req=24x29 d0
03-01 22:52:56.155  1156  2624 V WindowManager: Relayout Window{9afdb2 u0 com.panda.mouse}: viewVisibility=0 req=24x29 d0
03-01 22:52:56.171  1156  5946 V WindowManager: Relayout Window{9afdb2 u0 com.panda.mouse}: viewVisibility=0 req=24x29 d0
03-01 22:52:56.188  1156  5946 V WindowManager: Relayout Window{9afdb2 u0 com.panda.mouse}: viewVisibility=0 req=24x29 d0
03-01 22:52:56.205  1156  2624 V WindowManager: Relayout Window{9afdb2 u0 com.panda.mouse}: viewVisibility=0 req=24x29 d0
03-01 22:52:56.222  1156  2624 V WindowManager: Relayout Window{9afdb2 u0 com.panda.mouse}: viewVisibility=0 req=24x29 d0
03-01 22:52:56.238  1156  2624 V WindowManager: Relayout Window{9afdb2 u0 com.panda.mouse}: viewVisibility=0 req=24x29 d0
03-01 22:52:56.256  1156  5946 V WindowManager: Relayout Window{9afdb2 u0 com.panda.mouse}: viewVisibility=0 req=24x29 d0
03-01 22:52:56.271  1156  2624 V WindowManager: Relayout Window{9afdb2 u0 com.panda.mouse}: viewVisibility=0 req=24x29 d0
03-01 22:52:56.289  1156  2624 V WindowManager: Relayout Window{9afdb2 u0 com.panda.mouse}: viewVisibility=0 req=24x29 d0
03-01 22:52:56.304  1156  2624 V WindowManager: Relayout Window{9afdb2 u0 com.panda.mouse}: viewVisibility=0 req=24x29 d0
03-01 22:52:56.321  1156  2624 V WindowManager: Relayout Window{9afdb2 u0 com.panda.mouse}: viewVisibility=0 req=24x29 d0
03-01 22:52:56.338  1156  2624 V WindowManager: Relayout Window{9afdb2 u0 com.panda.mouse}: viewVisibility=0 req=24x29 d0
03-01 22:52:56.354  1156  2624 V WindowManager: Relayout Window{9afdb2 u0 com.panda.mouse}: viewVisibility=0 req=24x29 d0
03-01 22:52:56.371  1156  2624 V WindowManager: Relayout Window{9afdb2 u0 com.panda.mouse}: viewVisibility=0 req=24x29 d0
03-01 22:52:56.390  1156  5946 V WindowManager: Relayout Window{9afdb2 u0 com.panda.mouse}: viewVisibility=0 req=24x29 d0
03-01 22:52:56.405  1156  2624 V WindowManager: Relayout Window{9afdb2 u0 com.panda.mouse}: viewVisibility=0 req=24x29 d0
03-01 22:52:56.421  1156  5946 V WindowManager: Relayout Window{9afdb2 u0 com.panda.mouse}: viewVisibility=0 req=24x29 d0
03-01 22:52:56.438  1156  5946 V WindowManager: Relayout Window{9afdb2 u0 com.panda.mouse}: viewVisibility=0 req=24x29 d0
03-01 22:52:56.454  1156  5946 V WindowManager: Relayout Window{9afdb2 u0 com.panda.mouse}: viewVisibility=0 req=24x29 d0
03-01 22:52:56.471  1156  5946 V WindowManager: Relayout Window{9afdb2 u0 com.panda.mouse}: viewVisibility=0 req=24x29 d0
03-01 22:52:56.488  1156  5946 V WindowManager: Relayout Window{9afdb2 u0 com.panda.mouse}: viewVisibility=0 req=24x29 d0
03-01 22:52:56.505  1156  5946 V WindowManager: Relayout Window{9afdb2 u0 com.panda.mouse}: viewVisibility=0 req=24x29 d0
03-01 22:52:56.521  1156  5946 V WindowManager: Relayout Window{9afdb2 u0 com.panda.mouse}: viewVisibility=0 req=24x29 d0
03-01 22:52:56.538  1156  2624 V WindowManager: Relayout Window{9afdb2 u0 com.panda.mouse}: viewVisibility=0 req=24x29 d0
03-01 22:52:56.555  1156  2624 V WindowManager: Relayout Window{9afdb2 u0 com.panda.mouse}: viewVisibility=0 req=24x29 d0
03-01 22:52:56.571  1156  5946 V WindowManager: Relayout Window{9afdb2 u0 com.panda.mouse}: viewVisibility=0 req=24x29 d0
03-01 22:52:56.588  1156  2624 V WindowManager: Relayout Window{9afdb2 u0 com.panda.mouse}: viewVisibility=0 req=24x29 d0
03-01 22:52:56.604  1156  2624 V WindowManager: Relayout Window{9afdb2 u0 com.panda.mouse}: viewVisibility=0 req=24x29 d0
03-01 22:52:56.621  1156  2624 V WindowManager: Relayout Window{9afdb2 u0 com.panda.mouse}: viewVisibility=0 req=24x29 d0
03-01 22:52:56.638  1156  2624 V WindowManager: Relayout Window{9afdb2 u0 com.panda.mouse}: viewVisibility=0 req=24x29 d0
03-01 22:52:56.672  1156  2624 V WindowManager: Relayout Window{9afdb2 u0 com.panda.mouse}: viewVisibility=0 req=24x29 d0
03-01 22:52:56.688  1156  2624 V WindowManager: Relayout Window{9afdb2 u0 com.panda.mouse}: viewVisibility=0 req=24x29 d0
03-01 22:52:56.704  1156  2624 V WindowManager: Relayout Window{9afdb2 u0 com.panda.mouse}: viewVisibility=0 req=24x29 d0
03-01 22:52:56.722  1156  2624 V WindowManager: Relayout Window{9afdb2 u0 com.panda.mouse}: viewVisibility=0 req=24x29 d0
03-01 22:52:56.738  1156  5946 V WindowManager: Relayout Window{9afdb2 u0 com.panda.mouse}: viewVisibility=0 req=24x29 d0
03-01 22:52:56.754  1156  5946 V WindowManager: Relayout Window{9afdb2 u0 com.panda.mouse}: viewVisibility=0 req=24x29 d0
03-01 22:52:56.771  1156  5946 V WindowManager: Relayout Window{9afdb2 u0 com.panda.mouse}: viewVisibility=0 req=24x29 d0
03-01 22:52:56.788  1156  5946 V WindowManager: Relayout Window{9afdb2 u0 com.panda.mouse}: viewVisibility=0 req=24x29 d0
03-01 22:52:56.805  1156  5946 V WindowManager: Relayout Window{9afdb2 u0 com.panda.mouse}: viewVisibility=0 req=24x29 d0
03-01 22:52:56.821  1156  5946 V WindowManager: Relayout Window{9afdb2 u0 com.panda.mouse}: viewVisibility=0 req=24x29 d0
03-01 22:52:56.838  1156  5946 V WindowManager: Relayout Window{9afdb2 u0 com.panda.mouse}: viewVisibility=0 req=24x29 d0
03-01 22:52:56.855  1156  5946 V WindowManager: Relayout Window{9afdb2 u0 com.panda.mouse}: viewVisibility=0 req=24x29 d0
03-01 22:52:56.873  1156  5946 V WindowManager: Relayout Window{9afdb2 u0 com.panda.mouse}: viewVisibility=0 req=24x29 d0
03-01 22:52:56.888  1156  2624 V WindowManager: Relayout Window{9afdb2 u0 com.panda.mouse}: viewVisibility=0 req=24x29 d0
03-01 22:52:56.904  1156  5946 V WindowManager: Relayout Window{9afdb2 u0 com.panda.mouse}: viewVisibility=0 req=24x29 d0
03-01 22:52:56.949  1156  5946 V WindowManager: Relayout Window{9afdb2 u0 com.panda.mouse}: viewVisibility=0 req=24x29 d0
03-01 22:52:56.971  1156  5946 V WindowManager: Relayout Window{9afdb2 u0 com.panda.mouse}: viewVisibility=0 req=24x29 d0
03-01 22:52:56.989  1156  5946 V WindowManager: Relayout Window{9afdb2 u0 com.panda.mouse}: viewVisibility=0 req=24x29 d0
03-01 22:52:57.005  1156  5946 V WindowManager: Relayout Window{9afdb2 u0 com.panda.mouse}: viewVisibility=0 req=24x29 d0
03-01 22:52:57.021  1156  5946 V WindowManager: Relayout Window{9afdb2 u0 com.panda.mouse}: viewVisibility=0 req=24x29 d0
03-01 22:52:57.139  1156  5214 V WindowManager: Relayout Window{9afdb2 u0 com.panda.mouse}: viewVisibility=0 req=24x29 d0
03-01 22:52:57.155  1156  5214 V WindowManager: Relayout Window{9afdb2 u0 com.panda.mouse}: viewVisibility=0 req=24x29 d0
03-01 22:52:57.172  1156  5214 V WindowManager: Relayout Window{9afdb2 u0 com.panda.mouse}: viewVisibility=0 req=24x29 d0
03-01 22:52:57.188  1156  5946 V WindowManager: Relayout Window{9afdb2 u0 com.panda.mouse}: viewVisibility=0 req=24x29 d0
03-01 22:52:57.204  1156  5214 V WindowManager: Relayout Window{9afdb2 u0 com.panda.mouse}: viewVisibility=0 req=24x29 d0
03-01 22:52:57.288  1156  5946 V WindowManager: Relayout Window{9afdb2 u0 com.panda.mouse}: viewVisibility=0 req=24x29 d0
03-01 22:52:57.306  1156  5214 V WindowManager: Relayout Window{9afdb2 u0 com.panda.mouse}: viewVisibility=0 req=24x29 d0
03-01 22:52:57.322  1156  5946 V WindowManager: Relayout Window{9afdb2 u0 com.panda.mouse}: viewVisibility=0 req=24x29 d0
03-01 22:52:57.338  1156  5214 V WindowManager: Relayout Window{9afdb2 u0 com.panda.mouse}: viewVisibility=0 req=24x29 d0
03-01 22:52:57.355  1156  5946 V WindowManager: Relayout Window{9afdb2 u0 com.panda.mouse}: viewVisibility=0 req=24x29 d0
03-01 22:52:57.371  1156  5214 V WindowManager: Relayout Window{9afdb2 u0 com.panda.mouse}: viewVisibility=0 req=24x29 d0
03-01 22:52:57.455  1156  5946 V WindowManager: Relayout Window{9afdb2 u0 com.panda.mouse}: viewVisibility=0 req=24x29 d0
03-01 22:52:57.471  1156  5214 V WindowManager: Relayout Window{9afdb2 u0 com.panda.mouse}: viewVisibility=0 req=24x29 d0
03-01 22:52:57.488  1156  5946 V WindowManager: Relayout Window{9afdb2 u0 com.panda.mouse}: viewVisibility=0 req=24x29 d0
03-01 22:52:57.572  1156  5946 V WindowManager: Relayout Window{9afdb2 u0 com.panda.mouse}: viewVisibility=0 req=24x29 d0
03-01 22:52:57.623  1156  5214 V WindowManager: Relayout Window{9afdb2 u0 com.panda.mouse}: viewVisibility=0 req=24x29 d0
03-01 22:52:57.639  1156  5214 V WindowManager: Relayout Window{9afdb2 u0 com.panda.mouse}: viewVisibility=0 req=24x29 d0
03-01 22:52:57.655  1156  5214 V WindowManager: Relayout Window{9afdb2 u0 com.panda.mouse}: viewVisibility=0 req=24x29 d0
03-01 22:52:57.672  1156  5214 V WindowManager: Relayout Window{9afdb2 u0 com.panda.mouse}: viewVisibility=0 req=24x29 d0
03-01 22:52:57.688  1156  5214 V WindowManager: Relayout Window{9afdb2 u0 com.panda.mouse}: viewVisibility=0 req=24x29 d0
03-01 22:52:57.838  1156  5946 V WindowManager: Relayout Window{a65a4f0 u0 com.panda.mouse}: viewVisibility=0 req=1920x1080 d0
03-01 22:52:57.840  1156  5946 V WindowManager: Changing focus from Window{84cd7dd u0 com.aurora.warden/com.aurora.warden.ui.activities.AuroraActivity} to Window{a65a4f0 u0 com.panda.mouse} displayId=0 Callers=com.android.server.wm.RootWindowContainer.updateFocusedWindowLocked:582 com.android.server.wm.WindowManagerService.updateFocusedWindowLocked:6420 com.android.server.wm.WindowManagerService.relayoutWindow:2741 com.android.server.wm.Session.relayout:242 
03-01 22:52:57.856  1156  5946 V WindowManager: Relayout Window{9afdb2 u0 com.panda.mouse}: viewVisibility=0 req=24x29 d0
03-01 22:52:57.870  1132  1132 I SurfaceFlinger: [a65a4f0 com.panda.mouse#0] FrameRatePriority: 1
03-01 22:52:57.874  1156  5946 D InputDispatcher: Focus entered window (0): a65a4f0 com.panda.mouse
03-01 22:52:57.922  1156  5266 W InputManager-JNI: Input channel object '9afdb2 com.panda.mouse (client)' was disposed without first being removed with the input manager!
03-01 22:52:57.933  1156  5266 W AppOps  : Noting op not finished: uid 10360 pkg com.panda.mouse code 24 startTime of in progress event=1646149968766
03-01 22:52:57.936  1132  1254 I SurfaceFlinger: id=15655 createSurf (0x0),-1 flag=80004, b41a7f7 com.panda.mouse#0
03-01 22:52:57.937  1132  1132 I Layer   : id=15651 removedFromDrawingState 9afdb2 com.panda.mouse#0 (253)
03-01 22:52:57.937  1132  1132 I SurfaceFlinger: id=15651 Removed 9afdb2 com.panda.mouse#0 (253)
03-01 22:52:57.937  1132  1132 I Layer   : id=15651 Destroyed 9afdb2 com.panda.mouse#0
03-01 22:52:57.940  1156  5266 V WindowManager: Relayout Window{b41a7f7 u0 com.panda.mouse}: viewVisibility=0 req=24x29 d0
03-01 22:52:57.994  1156  5266 D WindowManager: finishDrawingWindow: Window{b41a7f7 u0 com.panda.mouse} mDrawState=DRAW_PENDING
03-01 22:52:58.006  1156  5266 V WindowManager: Relayout Window{b41a7f7 u0 com.panda.mouse}: viewVisibility=0 req=24x29 d0
03-01 22:52:58.021  1156  5214 V WindowManager: Relayout Window{b41a7f7 u0 com.panda.mouse}: viewVisibility=0 req=24x29 d0
03-01 22:52:58.038  1156  5214 V WindowManager: Relayout Window{b41a7f7 u0 com.panda.mouse}: viewVisibility=0 req=24x29 d0
03-01 22:52:58.055  1156  5214 V WindowManager: Relayout Window{b41a7f7 u0 com.panda.mouse}: viewVisibility=0 req=24x29 d0
03-01 22:52:58.073  1156  5214 V WindowManager: Relayout Window{b41a7f7 u0 com.panda.mouse}: viewVisibility=0 req=24x29 d0
03-01 22:52:58.090  1156  5266 V WindowManager: Relayout Window{b41a7f7 u0 com.panda.mouse}: viewVisibility=0 req=24x29 d0
03-01 22:52:58.104  1156  5214 V WindowManager: Relayout Window{b41a7f7 u0 com.panda.mouse}: viewVisibility=0 req=24x29 d0
03-01 22:52:58.238  1156  5266 V WindowManager: Relayout Window{b41a7f7 u0 com.panda.mouse}: viewVisibility=0 req=24x29 d0
03-01 22:52:58.256  1156  5214 V WindowManager: Relayout Window{b41a7f7 u0 com.panda.mouse}: viewVisibility=0 req=24x29 d0
03-01 22:52:58.274  1156  5266 V WindowManager: Relayout Window{b41a7f7 u0 com.panda.mouse}: viewVisibility=0 req=24x29 d0
03-01 22:52:58.290  1156  5266 V WindowManager: Relayout Window{b41a7f7 u0 com.panda.mouse}: viewVisibility=0 req=24x29 d0
03-01 22:52:58.305  1156  5266 V WindowManager: Relayout Window{b41a7f7 u0 com.panda.mouse}: viewVisibility=0 req=24x29 d0
03-01 22:52:58.321  1156  5266 V WindowManager: Relayout Window{b41a7f7 u0 com.panda.mouse}: viewVisibility=0 req=24x29 d0
03-01 22:52:58.455  1156  5266 V WindowManager: Relayout Window{a65a4f0 u0 com.panda.mouse}: viewVisibility=0 req=1920x1080 d0
03-01 22:52:58.458  1156  5266 V WindowManager: Changing focus from Window{a65a4f0 u0 com.panda.mouse} to Window{84cd7dd u0 com.aurora.warden/com.aurora.warden.ui.activities.AuroraActivity} displayId=0 Callers=com.android.server.wm.RootWindowContainer.updateFocusedWindowLocked:582 com.android.server.wm.WindowManagerService.updateFocusedWindowLocked:6420 com.android.server.wm.WindowManagerService.relayoutWindow:2741 com.android.server.wm.Session.relayout:242 
03-01 22:52:58.474  1156  5266 V WindowManager: Relayout Window{b41a7f7 u0 com.panda.mouse}: viewVisibility=0 req=24x29 d0
03-01 22:52:58.487  1132  1132 I SurfaceFlinger: [a65a4f0 com.panda.mouse#0] FrameRatePriority: -1
03-01 22:52:58.488  1156  2624 D InputDispatcher: Focus left window (0): a65a4f0 com.panda.mouse
03-01 22:52:59.592  7960  9406 I AppsEdge.Badge: key=com.panda.mouse:0 count=1
03-01 22:52:59.734  2910  7078 I AppIconSolution: getThemeIconWithBG called with public API, pkg = com.panda.mouse
03-01 22:52:59.734  2910  7078 I AppIconSolution: return adaptive icon for com.panda.mouse, isNight = true
03-01 22:52:59.735  2910  7078 I LauncherActivityInfo: packageName: com.panda.mouse, useThemeIcon: false, height: 120, width: 120, density: 200
03-01 22:52:59.759  2910  2910 I TaskThumbnailView: isDrawBackgroundOnly is true, mBitmapShader == null, ComponentInfo{com.panda.mouse/com.chaozhuo.gameassistant.XActivity}
03-01 22:52:59.828  2910  2910 I TaskThumbnailView: isDrawBackgroundOnly is true, mBitmapShader == null, ComponentInfo{com.panda.mouse/com.chaozhuo.gameassistant.XActivity}
03-01 22:52:59.896  2910  3057 D SuggestedItemsProvider: <RecentApps> : (5) [{com.termux/com.termux.app.TermuxActivity} / UserHandle{0}, {com.aurora.warden/com.aurora.warden.ui.activities.AuroraActivity} / UserHandle{0}, {com.microsoft.emmx/com.microsoft.ruby.Main} / UserHandle{0}, {com.panda.mouse/com.chaozhuo.gameassistant.SplashActivity} / UserHandle{0}, {com.pubg.newstate/com.epicgames.ue4.SplashActivity} / UserHandle{0}]
03-01 22:52:59.896  2910  3057 D SuggestedItemsProvider: <Excludings> : (6) [{com.panda.mouse/com.chaozhuo.gameassistant.SplashActivity} / UserHandle{0}, {com.aurora.warden/com.aurora.warden.ui.activities.AuroraActivity} / UserHandle{0}, {com.termux/com.termux.app.TermuxActivity} / UserHandle{0}, {com.pubg.newstate/com.epicgames.ue4.SplashActivity} / UserHandle{0}, {com.microsoft.emmx/com.microsoft.ruby.Main} / UserHandle{0}, {com.samsung.android.appseparation/com.samsung.android.appseparation.view.launcher.LauncherActivity} / UserHandle{0}]
03-01 22:53:00.040  1156  5214 W InputManager-JNI: Input channel object '57ec484 com.panda.mouse (client)' was disposed without first being removed with the input manager!
03-01 22:53:00.050  1156  5214 W InputManager-JNI: Input channel object 'a65a4f0 com.panda.mouse (client)' was disposed without first being removed with the input manager!
03-01 22:53:00.055  1132  1132 I Layer   : id=15642 removedFromDrawingState 57ec484 com.panda.mouse#0 (262)
03-01 22:53:00.055  1132  1132 I Layer   : id=15644 removedFromDrawingState a65a4f0 com.panda.mouse#0 (262)
03-01 22:53:00.055  1132  1132 I SurfaceFlinger: id=15642 Removed 57ec484 com.panda.mouse#0 (262)
03-01 22:53:00.055  1132  1132 I Layer   : id=15642 Destroyed 57ec484 com.panda.mouse#0
03-01 22:53:00.056  1132  3124 I SurfaceFlinger: id=15644 Removed a65a4f0 com.panda.mouse#0 (260)
03-01 22:53:00.072  1132  1132 I Layer   : id=15644 Destroyed a65a4f0 com.panda.mouse#0
03-01 22:53:00.113  1156  2929 W InputManager-JNI: Input channel object 'b41a7f7 com.panda.mouse (client)' was disposed without first being removed with the input manager!
03-01 22:53:00.115  1156  1156 D EdgeLightingPolicyManager:NotificationGroup: remove : sbn : StatusBarNotification(pkg=android user=UserHandle{0} id=0 tag=com.android.server.wm.AlertWindowNotification - com.panda.mouse key=0|android|0|com.android.server.wm.AlertWindowNotification - com.panda.mouse|1000: Notification(channel=com.android.server.wm.AlertWindowNotification - com.panda.mouse shortcut=null contentView=null vibrate=null sound=null defaults=0x0 flags=0x102 color=0xff888fa2 vis=PRIVATE semFlags=0x0 semPriority=0 semMissedCount=0))
03-01 22:53:00.120  2287  2287 D FaceWidgetNotificationManager: removeFaceWidgetMusicNotification() key : 0|android|0|com.android.server.wm.AlertWindowNotification - com.panda.mouse|1000
03-01 22:53:00.122  1132  1132 I Layer   : id=15655 removedFromDrawingState b41a7f7 com.panda.mouse#0 (256)
03-01 22:53:00.122  1132  1132 I SurfaceFlinger: id=15655 Removed b41a7f7 com.panda.mouse#0 (256)
03-01 22:53:00.122  1132  1132 I Layer   : id=15655 Destroyed b41a7f7 com.panda.mouse#0
03-01 22:53:00.268  2910  3057 I Launcher.NotificationListener: notificationIsValidForUI : com.panda.mouse missingTitleAndText : false isGroupHeader : false
03-01 22:53:00.377  2910  2910 I PopupDataProvider: refresh badge  package : com.panda.mouse count : 1
03-01 22:53:00.411  2910  3057 D SuggestedItemsProvider: <RecentApps> : (5) [{com.termux/com.termux.app.TermuxActivity} / UserHandle{0}, {com.aurora.warden/com.aurora.warden.ui.activities.AuroraActivity} / UserHandle{0}, {com.microsoft.emmx/com.microsoft.ruby.Main} / UserHandle{0}, {com.panda.mouse/com.chaozhuo.gameassistant.SplashActivity} / UserHandle{0}, {com.pubg.newstate/com.epicgames.ue4.SplashActivity} / UserHandle{0}]
03-01 22:53:00.411  2910  3057 D SuggestedItemsProvider: <Excludings> : (6) [{com.panda.mouse/com.chaozhuo.gameassistant.SplashActivity} / UserHandle{0}, {com.aurora.warden/com.aurora.warden.ui.activities.AuroraActivity} / UserHandle{0}, {com.termux/com.termux.app.TermuxActivity} / UserHandle{0}, {com.pubg.newstate/com.epicgames.ue4.SplashActivity} / UserHandle{0}, {com.microsoft.emmx/com.microsoft.ruby.Main} / UserHandle{0}, {com.samsung.android.appseparation/com.samsung.android.appseparation.view.launcher.LauncherActivity} / UserHandle{0}]
03-01 22:53:01.163 24396 24396 I DaemonService: appInstalled: com.panda.mouse
03-01 22:53:01.217 24396 24396 I DaemonService: line=package:com.panda.mouse
03-01 22:53:01.220 24396 24396 I DaemonService: getPidViaProcessName: com.panda.mouse:i
03-01 22:53:01.570 24396 24396 I DaemonService: line=root         24394     1 1607392  21556 do_sys_poll         0 S com.panda.mouse:i
03-01 22:53:06.699 24396 24396 I DaemonService: appInstalled: com.panda.mouse
03-01 22:53:06.749 24396 24396 I DaemonService: line=package:com.panda.mouse
03-01 22:53:06.751 24396 24396 I DaemonService: getPidViaProcessName: com.panda.mouse:i
03-01 22:53:07.006 24396 24396 I DaemonService: line=root         24394     1 1607592  21556 do_sys_poll         0 S com.panda.mouse:i
03-01 22:53:10.647  7960  9406 I AppsEdge.Badge: key=com.panda.mouse:0 count=1
03-01 22:53:12.129 24396 24396 I DaemonService: appInstalled: com.panda.mouse
03-01 22:53:12.186 24396 24396 I DaemonService: line=package:com.panda.mouse
03-01 22:53:12.190 24396 24396 I DaemonService: getPidViaProcessName: com.panda.mouse:i
03-01 22:53:12.287 24396 24396 I DaemonService: line=root         24394     1 1607792  21792 do_sys_poll         0 S com.panda.mouse:i
03-01 22:53:17.439 24396 24396 I DaemonService: appInstalled: com.panda.mouse
03-01 22:53:17.519 24396 24396 I DaemonService: line=package:com.panda.mouse
03-01 22:53:17.526 24396 24396 I DaemonService: getPidViaProcessName: com.panda.mouse:i
03-01 22:53:17.976 24396 24396 I DaemonService: line=root         24394     1 1608032  22760 do_sys_poll         0 S com.panda.mouse:i
03-01 22:53:23.144 24396 24396 I DaemonService: appInstalled: com.panda.mouse
03-01 22:53:23.213 24396 24396 I DaemonService: line=package:com.panda.mouse
03-01 22:53:23.216 24396 24396 I DaemonService: getPidViaProcessName: com.panda.mouse:i
03-01 22:53:23.627 24396 24396 I DaemonService: line=root         24394     1 1608232  23452 do_sys_poll         0 S com.panda.mouse:i
03-01 22:53:28.758 24396 24396 I DaemonService: appInstalled: com.panda.mouse
03-01 22:53:28.813 24396 24396 I DaemonService: line=package:com.panda.mouse
03-01 22:53:28.815 24396 24396 I DaemonService: getPidViaProcessName: com.panda.mouse:i
03-01 22:53:29.243 24396 24396 I DaemonService: line=root         24394     1 1608476  23832 do_sys_poll         0 S com.panda.mouse:i
03-01 22:53:34.397 24396 24396 I DaemonService: appInstalled: com.panda.mouse
03-01 22:53:34.455 24396 24396 I DaemonService: line=package:com.panda.mouse
03-01 22:53:34.459 24396 24396 I DaemonService: getPidViaProcessName: com.panda.mouse:i
03-01 22:53:34.797 24396 24396 I DaemonService: line=root         24394     1 1606264  19516 do_sys_poll         0 S com.panda.mouse:i
03-01 22:53:39.928 24396 24396 I DaemonService: appInstalled: com.panda.mouse
03-01 22:53:39.986 24396 24396 I DaemonService: line=package:com.panda.mouse
03-01 22:53:39.989 24396 24396 I DaemonService: getPidViaProcessName: com.panda.mouse:i
03-01 22:53:40.229 24396 24396 I DaemonService: line=root         24394     1 1606504  20508 do_sys_poll         0 S com.panda.mouse:i
03-01 22:53:45.367 24396 24396 I DaemonService: appInstalled: com.panda.mouse
03-01 22:53:45.430 24396 24396 I DaemonService: line=package:com.panda.mouse
03-01 22:53:45.433 24396 24396 I DaemonService: getPidViaProcessName: com.panda.mouse:i
03-01 22:53:45.777 24396 24396 I DaemonService: line=root         24394     1 1606704  21036 do_sys_poll         0 S com.panda.mouse:i
03-01 22:53:50.918 24396 24396 I DaemonService: appInstalled: com.panda.mouse
03-01 22:53:50.968 24396 24396 I DaemonService: line=package:com.panda.mouse
03-01 22:53:50.971 24396 24396 I DaemonService: getPidViaProcessName: com.panda.mouse:i
03-01 22:53:51.234 24396 24396 I DaemonService: line=root         24394     1 1606904  21740 do_sys_poll         0 S com.panda.mouse:i
03-01 22:53:56.385 24396 24396 I DaemonService: appInstalled: com.panda.mouse
03-01 22:53:56.444 24396 24396 I DaemonService: line=package:com.panda.mouse
03-01 22:53:56.448 24396 24396 I DaemonService: getPidViaProcessName: com.panda.mouse:i
03-01 22:53:56.659 24396 24396 I DaemonService: line=root         24394     1 1607124  22508 do_sys_poll         0 S com.panda.mouse:i
03-01 22:54:01.797 24396 24396 I DaemonService: appInstalled: com.panda.mouse
03-01 22:54:01.863 24396 24396 I DaemonService: line=package:com.panda.mouse
03-01 22:54:01.866 24396 24396 I DaemonService: getPidViaProcessName: com.panda.mouse:i
03-01 22:54:02.311 24396 24396 I DaemonService: line=root         24394     1 1607344  22744 do_sys_poll         0 S com.panda.mouse:i
03-01 22:54:07.442 24396 24396 I DaemonService: appInstalled: com.panda.mouse
03-01 22:54:07.502 24396 24396 I DaemonService: line=package:com.panda.mouse
03-01 22:54:07.507 24396 24396 I DaemonService: getPidViaProcessName: com.panda.mouse:i
03-01 22:54:07.905 24396 24396 I DaemonService: line=root         24394     1 1607544  23448 do_sys_poll         0 S com.panda.mouse:i
03-01 22:54:13.027 24396 24396 I DaemonService: appInstalled: com.panda.mouse
03-01 22:54:13.093 24396 24396 I DaemonService: line=package:com.panda.mouse
03-01 22:54:13.101 24396 24396 I DaemonService: getPidViaProcessName: com.panda.mouse:i
03-01 22:54:13.549 24396 24396 I DaemonService: line=root         24394     1 1607784  23940 do_sys_poll         0 S com.panda.mouse:i
03-01 22:54:18.693 24396 24396 I DaemonService: appInstalled: com.panda.mouse
03-01 22:54:18.747 24396 24396 I DaemonService: line=package:com.panda.mouse
03-01 22:54:18.750 24396 24396 I DaemonService: getPidViaProcessName: com.panda.mouse:i
03-01 22:54:19.156 24396 24396 I DaemonService: line=root         24394     1 1606280  19104 do_sys_poll         0 S com.panda.mouse:i
03-01 22:54:24.298 24396 24396 I DaemonService: appInstalled: com.panda.mouse
03-01 22:54:24.352 24396 24396 I DaemonService: line=package:com.panda.mouse
03-01 22:54:24.355 24396 24396 I DaemonService: getPidViaProcessName: com.panda.mouse:i
03-01 22:54:24.582 24396 24396 I DaemonService: line=root         24394     1 1606520  19548 do_sys_poll         0 S com.panda.mouse:i
03-01 22:54:29.699 24396 24396 I DaemonService: appInstalled: com.panda.mouse
03-01 22:54:29.756 24396 24396 I DaemonService: line=package:com.panda.mouse
03-01 22:54:29.759 24396 24396 I DaemonService: getPidViaProcessName: com.panda.mouse:i
03-01 22:54:30.041 24396 24396 I DaemonService: line=root         24394     1 1606720  20052 do_sys_poll         0 S com.panda.mouse:i
03-01 22:54:31.379  1156  3222 E ClipboardService: Denying clipboard access to com.panda.mouse, application is not in focus nor is it a system service for user 0
03-01 22:54:31.384  1156  5266 E ClipboardService: Denying clipboard access to com.panda.mouse, application is not in focus nor is it a system service for user 0
03-01 22:54:31.508  1156  2138 E ClipboardService: Denying clipboard access to com.panda.mouse, application is not in focus nor is it a system service for user 0
03-01 22:54:35.171 24396 24396 I DaemonService: appInstalled: com.panda.mouse
03-01 22:54:35.228 24396 24396 I DaemonService: line=package:com.panda.mouse
03-01 22:54:35.232 24396 24396 I DaemonService: getPidViaProcessName: com.panda.mouse:i
03-01 22:54:35.629 24396 24396 I DaemonService: line=root         24394     1 1606920  20472 do_sys_poll         0 S com.panda.mouse:i
03-01 22:54:40.763 24396 24396 I DaemonService: appInstalled: com.panda.mouse
03-01 22:54:40.814 24396 24396 I DaemonService: line=package:com.panda.mouse
03-01 22:54:40.817 24396 24396 I DaemonService: getPidViaProcessName: com.panda.mouse:i
03-01 22:54:41.035 24396 24396 I DaemonService: line=root         24394     1 1607160  20716 do_sys_poll         0 S com.panda.mouse:i
03-01 22:54:46.167 24396 24396 I DaemonService: appInstalled: com.panda.mouse
03-01 22:54:46.228 24396 24396 I DaemonService: line=package:com.panda.mouse
03-01 22:54:46.232 24396 24396 I DaemonService: getPidViaProcessName: com.panda.mouse:i
03-01 22:54:46.688 24396 24396 I DaemonService: line=root         24394     1 1607360  21220 do_sys_poll         0 S com.panda.mouse:i
03-01 22:54:51.818 24396 24396 I DaemonService: appInstalled: com.panda.mouse
03-01 22:54:51.871 24396 24396 I DaemonService: line=package:com.panda.mouse
03-01 22:54:51.875 24396 24396 I DaemonService: getPidViaProcessName: com.panda.mouse:i
03-01 22:54:52.172 24396 24396 I DaemonService: line=root         24394     1 1607560  21484 do_sys_poll         0 S com.panda.mouse:i
03-01 22:54:57.308 24396 24396 I DaemonService: appInstalled: com.panda.mouse
03-01 22:54:57.362 24396 24396 I DaemonService: line=package:com.panda.mouse
03-01 22:54:57.367 24396 24396 I DaemonService: getPidViaProcessName: com.panda.mouse:i
03-01 22:54:57.733 24396 24396 I DaemonService: line=root         24394     1 1607800  21776 do_sys_poll         0 S com.panda.mouse:i
03-01 22:55:02.862 24396 24396 I DaemonService: appInstalled: com.panda.mouse
03-01 22:55:02.924 24396 24396 I DaemonService: line=package:com.panda.mouse
03-01 22:55:02.926 24396 24396 I DaemonService: getPidViaProcessName: com.panda.mouse:i
03-01 22:55:03.327 24396 24396 I DaemonService: line=root         24394     1 1608020  22276 do_sys_poll         0 S com.panda.mouse:i
03-01 22:55:08.457 24396 24396 I DaemonService: appInstalled: com.panda.mouse
03-01 22:55:08.512 24396 24396 I DaemonService: line=package:com.panda.mouse
03-01 22:55:08.516 24396 24396 I DaemonService: getPidViaProcessName: com.panda.mouse:i
03-01 22:55:08.837 24396 24396 I DaemonService: line=root         24394     1 1606320  18348 do_sys_poll         0 S com.panda.mouse:i
03-01 22:55:13.949 24396 24396 I DaemonService: appInstalled: com.panda.mouse
03-01 22:55:14.002 24396 24396 I DaemonService: line=package:com.panda.mouse
03-01 22:55:14.005 24396 24396 I DaemonService: getPidViaProcessName: com.panda.mouse:i
03-01 22:55:14.482 24396 24396 I DaemonService: line=root         24394     1 1606520  19308 do_sys_poll         0 S com.panda.mouse:i
03-01 22:55:19.615 24396 24396 I DaemonService: appInstalled: com.panda.mouse
03-01 22:55:19.671 24396 24396 I DaemonService: line=package:com.panda.mouse
03-01 22:55:19.674 24396 24396 I DaemonService: getPidViaProcessName: com.panda.mouse:i
03-01 22:55:20.020 24396 24396 I DaemonService: line=root         24394     1 1606720  19544 do_sys_poll         0 S com.panda.mouse:i
03-01 22:55:25.153 24396 24396 I DaemonService: appInstalled: com.panda.mouse
03-01 22:55:25.207 24396 24396 I DaemonService: line=package:com.panda.mouse
03-01 22:55:25.212 24396 24396 I DaemonService: getPidViaProcessName: com.panda.mouse:i
03-01 22:55:25.625 24396 24396 I DaemonService: line=root         24394     1 1606960  20312 do_sys_poll         0 S com.panda.mouse:i
03-01 22:55:30.764 24396 24396 I DaemonService: appInstalled: com.panda.mouse
03-01 22:55:30.819 24396 24396 I DaemonService: line=package:com.panda.mouse
03-01 22:55:30.823 24396 24396 I DaemonService: getPidViaProcessName: com.panda.mouse:i
03-01 22:55:31.200 24396 24396 I DaemonService: line=root         24394     1 1607160  21016 do_sys_poll         0 S com.panda.mouse:i
03-01 22:55:36.326 24396 24396 I DaemonService: appInstalled: com.panda.mouse
03-01 22:55:36.378 24396 24396 I DaemonService: line=package:com.panda.mouse
03-01 22:55:36.381 24396 24396 I DaemonService: getPidViaProcessName: com.panda.mouse:i
03-01 22:55:36.484 24396 24396 I DaemonService: line=root         24394     1 1607360  21544 do_sys_poll         0 S com.panda.mouse:i
03-01 22:55:41.609 24396 24396 I DaemonService: appInstalled: com.panda.mouse
03-01 22:55:41.694 24396 24396 I DaemonService: line=package:com.panda.mouse
03-01 22:55:41.697 24396 24396 I DaemonService: getPidViaProcessName: com.panda.mouse:i
03-01 22:55:42.071 24396 24396 I DaemonService: line=root         24394     1 1607600  22048 do_sys_poll         0 S com.panda.mouse:i
03-01 22:55:47.202 24396 24396 I DaemonService: appInstalled: com.panda.mouse
03-01 22:55:47.254 24396 24396 I DaemonService: line=package:com.panda.mouse
03-01 22:55:47.257 24396 24396 I DaemonService: getPidViaProcessName: com.panda.mouse:i
03-01 22:55:47.337 24396 24396 I DaemonService: line=root         24394     1 1606200  18272 do_sys_poll         0 S com.panda.mouse:i
03-01 22:55:52.456 24396 24396 I DaemonService: appInstalled: com.panda.mouse
03-01 22:55:52.509 24396 24396 I DaemonService: line=package:com.panda.mouse
03-01 22:55:52.512 24396 24396 I DaemonService: getPidViaProcessName: com.panda.mouse:i
03-01 22:55:52.958 24396 24396 I DaemonService: line=root         24394     1 1606400  19040 do_sys_poll         0 S com.panda.mouse:i
03-01 22:55:58.092 24396 24396 I DaemonService: appInstalled: com.panda.mouse
03-01 22:55:58.159 24396 24396 I DaemonService: line=package:com.panda.mouse
03-01 22:55:58.164 24396 24396 I DaemonService: getPidViaProcessName: com.panda.mouse:i
03-01 22:55:58.607 24396 24396 I DaemonService: line=root         24394     1 1606640  19744 do_sys_poll         0 S com.panda.mouse:i
03-01 22:56:03.747 24396 24396 I DaemonService: appInstalled: com.panda.mouse
03-01 22:56:03.805 24396 24396 I DaemonService: line=package:com.panda.mouse
03-01 22:56:03.807 24396 24396 I DaemonService: getPidViaProcessName: com.panda.mouse:i
03-01 22:56:04.189 24396 24396 I DaemonService: line=root         24394     1 1606840  19984 do_sys_poll         0 S com.panda.mouse:i
03-01 22:56:09.320 24396 24396 I DaemonService: appInstalled: com.panda.mouse
03-01 22:56:09.374 24396 24396 I DaemonService: line=package:com.panda.mouse
03-01 22:56:09.377 24396 24396 I DaemonService: getPidViaProcessName: com.panda.mouse:i
03-01 22:56:09.728 24396 24396 I DaemonService: line=root         24394     1 1607080  20248 do_sys_poll         0 S com.panda.mouse:i
03-01 22:56:14.878 24396 24396 I DaemonService: appInstalled: com.panda.mouse
03-01 22:56:14.948 24396 24396 I DaemonService: line=package:com.panda.mouse
03-01 22:56:14.955 24396 24396 I DaemonService: getPidViaProcessName: com.panda.mouse:i
03-01 22:56:15.378 24396 24396 I DaemonService: line=root         24394     1 1607280  21212 do_sys_poll         0 S com.panda.mouse:i
03-01 22:56:20.519 24396 24396 I DaemonService: appInstalled: com.panda.mouse
03-01 22:56:20.577 24396 24396 I DaemonService: line=package:com.panda.mouse
03-01 22:56:20.580 24396 24396 I DaemonService: getPidViaProcessName: com.panda.mouse:i
03-01 22:56:20.985 24396 24396 I DaemonService: line=root         24394     1 1607520  21980 do_sys_poll         0 S com.panda.mouse:i
03-01 22:56:26.118 24396 24396 I DaemonService: appInstalled: com.panda.mouse
03-01 22:56:26.177 24396 24396 I DaemonService: line=package:com.panda.mouse
03-01 22:56:26.180 24396 24396 I DaemonService: getPidViaProcessName: com.panda.mouse:i
03-01 22:56:26.608 24396 24396 I DaemonService: line=root         24394     1 1607720  22216 do_sys_poll         0 S com.panda.mouse:i
03-01 22:56:31.749 24396 24396 I DaemonService: appInstalled: com.panda.mouse
03-01 22:56:31.804 24396 24396 I DaemonService: line=package:com.panda.mouse
03-01 22:56:31.808 24396 24396 I DaemonService: getPidViaProcessName: com.panda.mouse:i
03-01 22:56:32.217 24396 24396 I DaemonService: line=root         24394     1 1606196  18616 do_sys_poll         0 S com.panda.mouse:i
03-01 22:56:37.354 24396 24396 I DaemonService: appInstalled: com.panda.mouse
03-01 22:56:37.411 24396 24396 I DaemonService: line=package:com.panda.mouse
03-01 22:56:37.415 24396 24396 I DaemonService: getPidViaProcessName: com.panda.mouse:i
03-01 22:56:37.796 24396 24396 I DaemonService: line=root         24394     1 1606396  18856 do_sys_poll         0 S com.panda.mouse:i
03-01 22:56:42.943 24396 24396 I DaemonService: appInstalled: com.panda.mouse
03-01 22:56:42.995 24396 24396 I DaemonService: line=package:com.panda.mouse
03-01 22:56:42.998 24396 24396 I DaemonService: getPidViaProcessName: com.panda.mouse:i
03-01 22:56:43.369 24396 24396 I DaemonService: line=root         24394     1 1606596  19092 do_sys_poll         0 S com.panda.mouse:i
03-01 22:56:48.511 24396 24396 I DaemonService: appInstalled: com.panda.mouse
03-01 22:56:48.581 24396 24396 I DaemonService: line=package:com.panda.mouse
03-01 22:56:48.586 24396 24396 I DaemonService: getPidViaProcessName: com.panda.mouse:i
03-01 22:56:49.013 24396 24396 I DaemonService: line=root         24394     1 1606836  19556 do_sys_poll         0 S com.panda.mouse:i
03-01 22:56:54.151 24396 24396 I DaemonService: appInstalled: com.panda.mouse
03-01 22:56:54.202 24396 24396 I DaemonService: line=package:com.panda.mouse
03-01 22:56:54.207 24396 24396 I DaemonService: getPidViaProcessName: com.panda.mouse:i
03-01 22:56:54.643 24396 24396 I DaemonService: line=root         24394     1 1607036  20060 do_sys_poll         0 S com.panda.mouse:i
03-01 22:56:59.787 24396 24396 I DaemonService: appInstalled: com.panda.mouse
03-01 22:56:59.859 24396 24396 I DaemonService: line=package:com.panda.mouse
03-01 22:56:59.868 24396 24396 I DaemonService: getPidViaProcessName: com.panda.mouse:i
03-01 22:57:00.110 24396 24396 I DaemonService: line=root         24394     1 1607276  20560 do_sys_poll         0 S com.panda.mouse:i
03-01 22:57:05.226 24396 24396 I DaemonService: appInstalled: com.panda.mouse
03-01 22:57:05.286 24396 24396 I DaemonService: line=package:com.panda.mouse
03-01 22:57:05.289 24396 24396 I DaemonService: getPidViaProcessName: com.panda.mouse:i
03-01 22:57:05.683 24396 24396 I DaemonService: line=root         24394     1 1607476  21264 do_sys_poll         0 S com.panda.mouse:i
03-01 22:57:10.818 24396 24396 I DaemonService: appInstalled: com.panda.mouse
03-01 22:57:10.872 24396 24396 I DaemonService: line=package:com.panda.mouse
03-01 22:57:10.876 24396 24396 I DaemonService: getPidViaProcessName: com.panda.mouse:i
03-01 22:57:11.198 24396 24396 I DaemonService: line=root         24394     1 1607716  21764 do_sys_poll         0 S com.panda.mouse:i
03-01 22:57:16.347 24396 24396 I DaemonService: appInstalled: com.panda.mouse
03-01 22:57:16.403 24396 24396 I DaemonService: line=package:com.panda.mouse
03-01 22:57:16.407 24396 24396 I DaemonService: getPidViaProcessName: com.panda.mouse:i
03-01 22:57:16.758 24396 24396 I DaemonService: line=root         24394     1 1607936  22004 do_sys_poll         0 S com.panda.mouse:i
03-01 22:57:21.897 24396 24396 I DaemonService: appInstalled: com.panda.mouse
03-01 22:57:21.952 24396 24396 I DaemonService: line=package:com.panda.mouse
03-01 22:57:21.954 24396 24396 I DaemonService: getPidViaProcessName: com.panda.mouse:i
03-01 22:57:22.078  2910  7078 I AppIconSolution: getThemeIconWithBG called with public API, pkg = com.panda.mouse
03-01 22:57:22.078  2910  7078 I AppIconSolution: return adaptive icon for com.panda.mouse, isNight = true
03-01 22:57:22.079  2910  7078 I LauncherActivityInfo: packageName: com.panda.mouse, useThemeIcon: false, height: 120, width: 120, density: 200
03-01 22:57:22.089  2910  2910 I TaskThumbnailView: isDrawBackgroundOnly is true, mBitmapShader == null, ComponentInfo{com.panda.mouse/com.chaozhuo.gameassistant.XActivity}
03-01 22:57:22.195  2910  3057 D SuggestedItemsProvider: <RecentApps> : (5) [{com.microsoft.emmx/com.microsoft.ruby.Main} / UserHandle{0}, {com.termux/com.termux.app.TermuxActivity} / UserHandle{0}, {com.aurora.warden/com.aurora.warden.ui.activities.AuroraActivity} / UserHandle{0}, {com.panda.mouse/com.chaozhuo.gameassistant.SplashActivity} / UserHandle{0}, {com.pubg.newstate/com.epicgames.ue4.SplashActivity} / UserHandle{0}]
03-01 22:57:22.195  2910  3057 D SuggestedItemsProvider: <Excludings> : (6) [{com.panda.mouse/com.chaozhuo.gameassistant.SplashActivity} / UserHandle{0}, {com.aurora.warden/com.aurora.warden.ui.activities.AuroraActivity} / UserHandle{0}, {com.termux/com.termux.app.TermuxActivity} / UserHandle{0}, {com.pubg.newstate/com.epicgames.ue4.SplashActivity} / UserHandle{0}, {com.microsoft.emmx/com.microsoft.ruby.Main} / UserHandle{0}, {com.samsung.android.appseparation/com.samsung.android.appseparation.view.launcher.LauncherActivity} / UserHandle{0}]
03-01 22:57:22.213  2910  2910 I TaskThumbnailView: isDrawBackgroundOnly is true, mBitmapShader == null, ComponentInfo{com.panda.mouse/com.chaozhuo.gameassistant.XActivity}
03-01 22:57:22.347  2910  3057 I Launcher.NotificationListener: notificationIsValidForUI : com.panda.mouse missingTitleAndText : false isGroupHeader : false
03-01 22:57:22.352  2910  2910 I PopupDataProvider: refresh badge  package : com.panda.mouse count : 1
03-01 22:57:22.459 24396 24396 I DaemonService: line=root         24394     1 1606256  18520 do_sys_poll         0 S com.panda.mouse:i
03-01 22:57:22.500  2910  3057 D SuggestedItemsProvider: <RecentApps> : (5) [{com.microsoft.emmx/com.microsoft.ruby.Main} / UserHandle{0}, {com.termux/com.termux.app.TermuxActivity} / UserHandle{0}, {com.aurora.warden/com.aurora.warden.ui.activities.AuroraActivity} / UserHandle{0}, {com.panda.mouse/com.chaozhuo.gameassistant.SplashActivity} / UserHandle{0}, {com.pubg.newstate/com.epicgames.ue4.SplashActivity} / UserHandle{0}]
03-01 22:57:22.500  2910  3057 D SuggestedItemsProvider: <Excludings> : (6) [{com.panda.mouse/com.chaozhuo.gameassistant.SplashActivity} / UserHandle{0}, {com.aurora.warden/com.aurora.warden.ui.activities.AuroraActivity} / UserHandle{0}, {com.termux/com.termux.app.TermuxActivity} / UserHandle{0}, {com.pubg.newstate/com.epicgames.ue4.SplashActivity} / UserHandle{0}, {com.microsoft.emmx/com.microsoft.ruby.Main} / UserHandle{0}, {com.samsung.android.appseparation/com.samsung.android.appseparation.view.launcher.LauncherActivity} / UserHandle{0}]
03-01 22:57:24.110 11169 22536 I AppIconSolution: getThemeIconWithBG called with public API, pkg = com.panda.mouse
03-01 22:57:24.110 11169 22536 I AppIconSolution: return adaptive icon for com.panda.mouse, isNight = true
03-01 22:57:24.111 11169 22536 I LauncherActivityInfo: packageName: com.panda.mouse, useThemeIcon: false, height: 180, width: 180, density: 300
03-01 22:57:27.594 24396 24396 I DaemonService: appInstalled: com.panda.mouse
03-01 22:57:27.620 24396 24396 I DaemonService: line=package:com.panda.mouse
03-01 22:57:27.624 24396 24396 I DaemonService: getPidViaProcessName: com.panda.mouse:i
03-01 22:57:27.916 24396 24396 I DaemonService: line=root         24394     1 1606496  17444 do_sys_poll         0 S com.panda.mouse:i
03-01 22:57:33.022  2910  2910 I TaskThumbnailView: isDrawBackgroundOnly is true, mBitmapShader == null, ComponentInfo{com.panda.mouse/com.chaozhuo.gameassistant.XActivity}
03-01 22:57:33.045  2910  2910 I TaskThumbnailView: isDrawBackgroundOnly is true, mBitmapShader == null, ComponentInfo{com.panda.mouse/com.chaozhuo.gameassistant.XActivity}
03-01 22:57:33.051  2910  2910 I TaskThumbnailView: isDrawBackgroundOnly is true, mBitmapShader == null, ComponentInfo{com.panda.mouse/com.chaozhuo.gameassistant.XActivity}
03-01 22:57:33.056 24396 24396 I DaemonService: appInstalled: com.panda.mouse
03-01 22:57:33.065  2910  2910 I TaskThumbnailView: isDrawBackgroundOnly is true, mBitmapShader == null, ComponentInfo{com.panda.mouse/com.chaozhuo.gameassistant.XActivity}
03-01 22:57:33.112 24396 24396 I DaemonService: line=package:com.panda.mouse
03-01 22:57:33.117 24396 24396 I DaemonService: getPidViaProcessName: com.panda.mouse:i
03-01 22:57:33.119  2910  3057 D SuggestedItemsProvider: <RecentApps> : (6) [{com.samsung.android.app.galaxyfinder/com.samsung.android.app.galaxyfinder.GalaxyFinderActivity} / UserHandle{0}, {com.termux/com.termux.app.TermuxActivity} / UserHandle{0}, {com.microsoft.emmx/com.microsoft.ruby.Main} / UserHandle{0}, {com.aurora.warden/com.aurora.warden.ui.activities.AuroraActivity} / UserHandle{0}, {com.panda.mouse/com.chaozhuo.gameassistant.SplashActivity} / UserHandle{0}, {com.pubg.newstate/com.epicgames.ue4.SplashActivity} / UserHandle{0}]
03-01 22:57:33.120  2910  3057 D SuggestedItemsProvider: <Excludings> : (7) [{com.panda.mouse/com.chaozhuo.gameassistant.SplashActivity} / UserHandle{0}, {com.aurora.warden/com.aurora.warden.ui.activities.AuroraActivity} / UserHandle{0}, {com.termux/com.termux.app.TermuxActivity} / UserHandle{0}, {com.pubg.newstate/com.epicgames.ue4.SplashActivity} / UserHandle{0}, {com.microsoft.emmx/com.microsoft.ruby.Main} / UserHandle{0}, {com.samsung.android.appseparation/com.samsung.android.appseparation.view.launcher.LauncherActivity} / UserHandle{0}, {com.samsung.android.app.galaxyfinder/com.samsung.android.app.galaxyfinder.GalaxyFinderActivity} / UserHandle{0}]
03-01 22:57:33.220 24396 24396 I DaemonService: line=root         24394     1 1606696  17948 do_sys_poll         0 S com.panda.mouse:i
03-01 22:57:33.471  2910  3057 I Launcher.NotificationListener: notificationIsValidForUI : com.panda.mouse missingTitleAndText : false isGroupHeader : false
03-01 22:57:33.510  2910  2910 I PopupDataProvider: refresh badge  package : com.panda.mouse count : 1
03-01 22:57:33.574  2910  3057 D SuggestedItemsProvider: <RecentApps> : (6) [{com.termux/com.termux.app.TermuxActivity} / UserHandle{0}, {com.microsoft.emmx/com.microsoft.ruby.Main} / UserHandle{0}, {com.aurora.warden/com.aurora.warden.ui.activities.AuroraActivity} / UserHandle{0}, {com.panda.mouse/com.chaozhuo.gameassistant.SplashActivity} / UserHandle{0}, {com.pubg.newstate/com.epicgames.ue4.SplashActivity} / UserHandle{0}, {com.android.settings/com.android.settings.homepage.SettingsHomepageActivity} / UserHandle{0}]
03-01 22:57:33.574  2910  3057 D SuggestedItemsProvider: <Excludings> : (7) [{com.android.settings/com.android.settings.homepage.SettingsHomepageActivity} / UserHandle{0}, {com.panda.mouse/com.chaozhuo.gameassistant.SplashActivity} / UserHandle{0}, {com.aurora.warden/com.aurora.warden.ui.activities.AuroraActivity} / UserHandle{0}, {com.termux/com.termux.app.TermuxActivity} / UserHandle{0}, {com.pubg.newstate/com.epicgames.ue4.SplashActivity} / UserHandle{0}, {com.microsoft.emmx/com.microsoft.ruby.Main} / UserHandle{0}, {com.samsung.android.appseparation/com.samsung.android.appseparation.view.launcher.LauncherActivity} / UserHandle{0}]
03-01 22:57:36.267  1132  3124 I SurfaceFlinger: id=15769 createSurf (0x0),-1 flag=80004, ab935fe com.panda.mouse#0
03-01 22:57:36.284  1156  2968 W AppOps  : Noting op not finished: uid 10360 pkg com.panda.mouse code 24 startTime of in progress event=1646150256266
03-01 22:57:36.286  1132  3124 I SurfaceFlinger: id=15771 createSurf (0x0),-1 flag=80004, 66eb40a com.panda.mouse#0
03-01 22:57:36.306  1156  5201 V WindowManager: Relayout Window{ab935fe u0 com.panda.mouse}: viewVisibility=0 req=103x110 d0
03-01 22:57:36.383  1156  5044 V WindowManager: Relayout Window{66eb40a u0 com.panda.mouse}: viewVisibility=0 req=1920x1080 d0
03-01 22:57:36.420  1156  5044 D WindowManager: finishDrawingWindow: Window{66eb40a u0 com.panda.mouse} mDrawState=DRAW_PENDING
03-01 22:57:36.422  1156  5044 D WindowManager: finishDrawingWindow: Window{ab935fe u0 com.panda.mouse} mDrawState=DRAW_PENDING
03-01 22:57:36.458  1156  5044 W AppOps  : Noting op not finished: uid 10360 pkg com.panda.mouse code 24 startTime of in progress event=1646150256266
03-01 22:57:36.461  1132  3124 I SurfaceFlinger: id=15775 createSurf (0x0),-1 flag=80004, 972ec99 com.panda.mouse#0
03-01 22:57:36.475  1156  5044 V WindowManager: Relayout Window{972ec99 u0 com.panda.mouse}: viewVisibility=0 req=24x29 d0
03-01 22:57:36.507  1156  5044 D WindowManager: finishDrawingWindow: Window{972ec99 u0 com.panda.mouse} mDrawState=DRAW_PENDING
