03-01 22:39:21.468  1156  5947 V WindowManager: Changing focus from Window{74ab3e7 u0 com.panda.mouse} to Window{ed91e0 u0 com.pubg.newstate/com.epicgames.ue4.GameActivity} displayId=0 Callers=com.android.server.wm.RootWindowContainer.updateFocusedWindowLocked:582 com.android.server.wm.WindowManagerService.updateFocusedWindowLocked:6420 com.android.server.wm.WindowManagerService.relayoutWindow:2741 com.android.server.wm.Session.relayout:242 
03-01 22:39:31.912  1156  5240 V WindowManager: Changing focus from Window{ed91e0 u0 com.pubg.newstate/com.epicgames.ue4.GameActivity} to Window{74ab3e7 u0 com.panda.mouse} displayId=0 Callers=com.android.server.wm.RootWindowContainer.updateFocusedWindowLocked:582 com.android.server.wm.WindowManagerService.updateFocusedWindowLocked:6420 com.android.server.wm.WindowManagerService.relayoutWindow:2741 com.android.server.wm.Session.relayout:242 
03-01 22:39:32.445  1156  5947 V WindowManager: Changing focus from Window{74ab3e7 u0 com.panda.mouse} to Window{ed91e0 u0 com.pubg.newstate/com.epicgames.ue4.GameActivity} displayId=0 Callers=com.android.server.wm.RootWindowContainer.updateFocusedWindowLocked:582 com.android.server.wm.WindowManagerService.updateFocusedWindowLocked:6420 com.android.server.wm.WindowManagerService.relayoutWindow:2741 com.android.server.wm.Session.relayout:242 
03-01 22:39:34.312  1156  2624 D WindowManager: finishDrawingWindow: Window{87d43ae u0 com.panda.mouse} mDrawState=DRAW_PENDING
03-01 22:39:52.875  1156  5947 V WindowManager: Changing focus from Window{ed91e0 u0 com.pubg.newstate/com.epicgames.ue4.GameActivity} to Window{74ab3e7 u0 com.panda.mouse} displayId=0 Callers=com.android.server.wm.RootWindowContainer.updateFocusedWindowLocked:582 com.android.server.wm.WindowManagerService.updateFocusedWindowLocked:6420 com.android.server.wm.WindowManagerService.relayoutWindow:2741 com.android.server.wm.Session.relayout:242 
03-01 22:39:52.986  1156  5947 D WindowManager: finishDrawingWindow: Window{b5ed707 u0 com.panda.mouse} mDrawState=DRAW_PENDING
03-01 22:39:53.325  1156  5240 V WindowManager: Changing focus from Window{74ab3e7 u0 com.panda.mouse} to Window{ed91e0 u0 com.pubg.newstate/com.epicgames.ue4.GameActivity} displayId=0 Callers=com.android.server.wm.RootWindowContainer.updateFocusedWindowLocked:582 com.android.server.wm.WindowManagerService.updateFocusedWindowLocked:6420 com.android.server.wm.WindowManagerService.relayoutWindow:2741 com.android.server.wm.Session.relayout:242 
03-01 22:40:40.334  1156  1156 D EdgeLightingPolicyManager:NotificationGroup: remove : sbn : StatusBarNotification(pkg=android user=UserHandle{0} id=0 tag=com.android.server.wm.AlertWindowNotification - com.panda.mouse key=0|android|0|com.android.server.wm.AlertWindowNotification - com.panda.mouse|1000: Notification(channel=com.android.server.wm.AlertWindowNotification - com.panda.mouse shortcut=null contentView=null vibrate=null sound=null defaults=0x0 flags=0x102 color=0xff888fa2 vis=PRIVATE semFlags=0x0 semPriority=0 semMissedCount=0))
03-01 22:40:40.660  1156  1998 E AppOps  : Operation not started: uid=10360 pkg=com.panda.mouse(null) op=SYSTEM_ALERT_WINDOW
03-01 22:40:40.722  1156  5157 E AppOps  : Operation not started: uid=10360 pkg=com.panda.mouse(null) op=SYSTEM_ALERT_WINDOW
03-01 22:41:00.478  1156  5946 W AppOps  : Noting op not finished: uid 10360 pkg com.panda.mouse code 24 startTime of in progress event=1646149260453
03-01 22:41:00.563  1156  5946 D WindowManager: finishDrawingWindow: Window{d2d589f u0 com.panda.mouse} mDrawState=DRAW_PENDING
03-01 22:41:00.566  1156  5946 D WindowManager: finishDrawingWindow: Window{4f749a8 u0 com.panda.mouse} mDrawState=DRAW_PENDING
03-01 22:41:00.568  1156  5946 W AppOps  : Noting op not finished: uid 10360 pkg com.panda.mouse code 24 startTime of in progress event=1646149260453
03-01 22:41:00.589  1156  5946 D WindowManager: finishDrawingWindow: Window{dbd2dab u0 com.panda.mouse} mDrawState=DRAW_PENDING
03-01 22:41:00.590  1156  5946 D WindowManager: finishDrawingWindow: Window{4f749a8 u0 com.panda.mouse} mDrawState=HAS_DRAWN
03-01 22:43:39.706  1156  5946 V WindowManager: Changing focus from Window{ed91e0 u0 com.pubg.newstate/com.epicgames.ue4.GameActivity} to Window{d2d589f u0 com.panda.mouse} displayId=0 Callers=com.android.server.wm.RootWindowContainer.updateFocusedWindowLocked:582 com.android.server.wm.WindowManagerService.updateFocusedWindowLocked:6420 com.android.server.wm.WindowManagerService.relayoutWindow:2741 com.android.server.wm.Session.relayout:242 
03-01 22:43:39.797  1156  5946 W AppOps  : Noting op not finished: uid 10360 pkg com.panda.mouse code 24 startTime of in progress event=1646149260453
03-01 22:43:39.821  1156  5946 D WindowManager: finishDrawingWindow: Window{1d60a6 u0 com.panda.mouse} mDrawState=DRAW_PENDING
03-01 22:43:39.839  1156  5946 D WindowManager: finishDrawingWindow: Window{1d60a6 u0 com.panda.mouse} mDrawState=HAS_DRAWN
03-01 22:43:45.538  1156  1998 V WindowManager: Changing focus from Window{d2d589f u0 com.panda.mouse} to Window{ed91e0 u0 com.pubg.newstate/com.epicgames.ue4.GameActivity} displayId=0 Callers=com.android.server.wm.RootWindowContainer.updateFocusedWindowLocked:582 com.android.server.wm.WindowManagerService.updateFocusedWindowLocked:6420 com.android.server.wm.WindowManagerService.relayoutWindow:2741 com.android.server.wm.Session.relayout:242 
03-01 22:43:47.928  1156  2483 V WindowManager: Changing focus from Window{ed91e0 u0 com.pubg.newstate/com.epicgames.ue4.GameActivity} to Window{d2d589f u0 com.panda.mouse} displayId=0 Callers=com.android.server.wm.RootWindowContainer.updateFocusedWindowLocked:582 com.android.server.wm.WindowManagerService.updateFocusedWindowLocked:6420 com.android.server.wm.WindowManagerService.relayoutWindow:2741 com.android.server.wm.Session.relayout:242 
03-01 22:43:48.031  1156  5944 W AppOps  : Noting op not finished: uid 10360 pkg com.panda.mouse code 24 startTime of in progress event=1646149260453
03-01 22:43:48.056  1156  2483 D WindowManager: finishDrawingWindow: Window{5c2752a u0 com.panda.mouse} mDrawState=DRAW_PENDING
03-01 22:43:50.090  1156  1287 D WindowManager: requestTransientBars: swipeTarget=Window{d50c8cd u0 NavigationBar0}, controlTarget=Window{d2d589f u0 com.panda.mouse}, canShowTransient=true, restorePositionTypes=0x0, from=com.android.server.wm.DisplayPolicy.access$100:223 com.android.server.wm.DisplayPolicy$1.onSwipeFromBottom:577 
03-01 22:43:54.205  1156  5953 V WindowManager: Changing focus from Window{d2d589f u0 com.panda.mouse} to Window{e50f67e u0 NotificationShade} displayId=0 Callers=com.android.server.wm.RootWindowContainer.updateFocusedWindowLocked:582 com.android.server.wm.WindowManagerService.updateFocusedWindowLocked:6420 com.android.server.wm.WindowManagerService.relayoutWindow:2741 com.android.server.wm.Session.relayout:242 
03-01 22:43:57.066  1156  2483 V WindowManager: Changing focus from Window{e50f67e u0 NotificationShade} to Window{d2d589f u0 com.panda.mouse} displayId=0 Callers=com.android.server.wm.RootWindowContainer.updateFocusedWindowLocked:582 com.android.server.wm.WindowManagerService.updateFocusedWindowLocked:6420 com.android.server.wm.WindowManagerService.relayoutWindow:2741 com.android.server.wm.Session.relayout:242 
03-01 22:43:57.077  1156  2483 D InsetsSourceProvider: updateVisibility: serverVisible=true, clientVisible=false, source=InsetsSource: {mType=ITYPE_NAVIGATION_BAR, mFrame=[0,1080][1920,1080], mVisible=false, mWindowFrame=[0,1020][1920,1080]}, controlTarget=Window{d2d589f u0 com.panda.mouse}, from=com.android.server.wm.InsetsSourceProvider.setClientVisible:428 com.android.server.wm.InsetsSourceProvider.updateClientVisibility:413 com.android.server.wm.InsetsStateController.onInsetsModified:457 com.android.server.wm.InsetsStateController.lambda$notifyPendingInsetsControlChanged$6$InsetsStateController:638 com.android.server.wm.InsetsStateController$$ExternalSyntheticLambda1.run:2 com.android.server.wm.WindowAnimator.executeAfterPrepareSurfacesRunnables:345 com.android.server.wm.RootWindowContainer.performSurfacePlacementNoTrace:1035 com.android.server.wm.RootWindowContainer.performSurfacePlacement:958 com.android.server.wm.WindowSurfacePlacer.performSurfacePlacementLoop:189 com.android.server.wm.WindowSurfacePlacer.performSurfacePlacement:130 
03-01 22:43:57.397  1156  5947 V WindowManager: Changing focus from Window{d2d589f u0 com.panda.mouse} to Window{e50f67e u0 NotificationShade} displayId=0 Callers=com.android.server.wm.RootWindowContainer.updateFocusedWindowLocked:582 com.android.server.wm.WindowManagerService.updateFocusedWindowLocked:6420 com.android.server.wm.WindowManagerService.relayoutWindow:2741 com.android.server.wm.Session.relayout:242 
03-01 22:43:57.653  1156  5232 V WindowManager: Changing focus from Window{e50f67e u0 NotificationShade} to Window{d2d589f u0 com.panda.mouse} displayId=0 Callers=com.android.server.wm.RootWindowContainer.updateFocusedWindowLocked:582 com.android.server.wm.WindowManagerService.updateFocusedWindowLocked:6420 com.android.server.wm.WindowManagerService.relayoutWindow:2741 com.android.server.wm.Session.relayout:242 
03-01 22:43:57.657  1156  1290 D InsetsSourceProvider: updateVisibility: serverVisible=true, clientVisible=false, source=InsetsSource: {mType=ITYPE_NAVIGATION_BAR, mFrame=[0,1080][1920,1080], mVisible=false, mWindowFrame=[0,1020][1920,1080]}, controlTarget=Window{d2d589f u0 com.panda.mouse}, from=com.android.server.wm.InsetsSourceProvider.setClientVisible:428 com.android.server.wm.InsetsSourceProvider.updateClientVisibility:413 com.android.server.wm.InsetsStateController.onInsetsModified:457 com.android.server.wm.InsetsStateController.lambda$notifyPendingInsetsControlChanged$6$InsetsStateController:638 com.android.server.wm.InsetsStateController$$ExternalSyntheticLambda1.run:2 com.android.server.wm.WindowAnimator.executeAfterPrepareSurfacesRunnables:345 com.android.server.wm.WindowAnimator.animate:226 com.android.server.wm.WindowAnimator.lambda$new$1$WindowAnimator:106 com.android.server.wm.WindowAnimator$$ExternalSyntheticLambda0.doFrame:2 android.view.Choreographer$CallbackRecord.run:1061 
03-01 22:43:57.981  1156  5947 V WindowManager: Changing focus from Window{d2d589f u0 com.panda.mouse} to Window{e50f67e u0 NotificationShade} displayId=0 Callers=com.android.server.wm.RootWindowContainer.updateFocusedWindowLocked:582 com.android.server.wm.WindowManagerService.updateFocusedWindowLocked:6420 com.android.server.wm.WindowManagerService.relayoutWindow:2741 com.android.server.wm.Session.relayout:242 
03-01 22:43:58.231  1156  5944 V WindowManager: Changing focus from Window{e50f67e u0 NotificationShade} to Window{d2d589f u0 com.panda.mouse} displayId=0 Callers=com.android.server.wm.RootWindowContainer.updateFocusedWindowLocked:582 com.android.server.wm.WindowManagerService.updateFocusedWindowLocked:6420 com.android.server.wm.WindowManagerService.relayoutWindow:2741 com.android.server.wm.Session.relayout:242 
03-01 22:43:58.238  1156  1998 D InsetsSourceProvider: updateVisibility: serverVisible=true, clientVisible=false, source=InsetsSource: {mType=ITYPE_NAVIGATION_BAR, mFrame=[0,1080][1920,1080], mVisible=false, mWindowFrame=[0,1020][1920,1080]}, controlTarget=Window{d2d589f u0 com.panda.mouse}, from=com.android.server.wm.InsetsSourceProvider.setClientVisible:428 com.android.server.wm.InsetsSourceProvider.updateClientVisibility:413 com.android.server.wm.InsetsStateController.onInsetsModified:457 com.android.server.wm.InsetsStateController.lambda$notifyPendingInsetsControlChanged$6$InsetsStateController:638 com.android.server.wm.InsetsStateController$$ExternalSyntheticLambda1.run:2 com.android.server.wm.WindowAnimator.executeAfterPrepareSurfacesRunnables:345 com.android.server.wm.RootWindowContainer.performSurfacePlacementNoTrace:1035 com.android.server.wm.RootWindowContainer.performSurfacePlacement:958 com.android.server.wm.WindowSurfacePlacer.performSurfacePlacementLoop:189 com.android.server.wm.WindowSurfacePlacer.performSurfacePlacement:130 
03-01 22:43:59.253  1156  5946 V WindowManager: Changing focus from Window{d2d589f u0 com.panda.mouse} to Window{e50f67e u0 NotificationShade} displayId=0 Callers=com.android.server.wm.RootWindowContainer.updateFocusedWindowLocked:582 com.android.server.wm.WindowManagerService.updateFocusedWindowLocked:6420 com.android.server.wm.WindowManagerService.relayoutWindow:2741 com.android.server.wm.Session.relayout:242 
03-01 22:44:00.991  1156  1998 V WindowManager: Changing focus from Window{e50f67e u0 NotificationShade} to Window{d2d589f u0 com.panda.mouse} displayId=0 Callers=com.android.server.wm.RootWindowContainer.updateFocusedWindowLocked:582 com.android.server.wm.WindowManagerService.updateFocusedWindowLocked:6420 com.android.server.wm.WindowManagerService.relayoutWindow:2741 com.android.server.wm.Session.relayout:242 
03-01 22:44:01.004  1156  1290 D InsetsSourceProvider: updateVisibility: serverVisible=true, clientVisible=false, source=InsetsSource: {mType=ITYPE_NAVIGATION_BAR, mFrame=[0,1080][1920,1080], mVisible=false, mWindowFrame=[0,1020][1920,1080]}, controlTarget=Window{d2d589f u0 com.panda.mouse}, from=com.android.server.wm.InsetsSourceProvider.setClientVisible:428 com.android.server.wm.InsetsSourceProvider.updateClientVisibility:413 com.android.server.wm.InsetsStateController.onInsetsModified:457 com.android.server.wm.InsetsStateController.lambda$notifyPendingInsetsControlChanged$6$InsetsStateController:638 com.android.server.wm.InsetsStateController$$ExternalSyntheticLambda1.run:2 com.android.server.wm.WindowAnimator.executeAfterPrepareSurfacesRunnables:345 com.android.server.wm.WindowAnimator.animate:226 com.android.server.wm.WindowAnimator.lambda$new$1$WindowAnimator:106 com.android.server.wm.WindowAnimator$$ExternalSyntheticLambda0.doFrame:2 android.view.Choreographer$CallbackRecord.run:1061 
03-01 22:44:01.201  1156  2483 V WindowManager: Changing focus from Window{d2d589f u0 com.panda.mouse} to null displayId=0 Callers=com.android.server.wm.RootWindowContainer.updateFocusedWindowLocked:582 com.android.server.wm.WindowManagerService.updateFocusedWindowLocked:6420 com.android.server.wm.WindowState.removeIfPossible:3134 com.android.server.wm.WindowState.removeIfPossible:2958 
03-01 22:44:01.245  1156  1156 D EdgeLightingPolicyManager:NotificationGroup: remove : sbn : StatusBarNotification(pkg=android user=UserHandle{0} id=0 tag=com.android.server.wm.AlertWindowNotification - com.panda.mouse key=0|android|0|com.android.server.wm.AlertWindowNotification - com.panda.mouse|1000: Notification(channel=com.android.server.wm.AlertWindowNotification - com.panda.mouse shortcut=null contentView=null vibrate=null sound=null defaults=0x0 flags=0x102 color=0xff888fa2 vis=PRIVATE semFlags=0x0 semPriority=0 semMissedCount=0))
03-01 22:44:04.944  1156  5953 I Pageboost: moveTaskToFront : 10360:com.panda.mouse
03-01 22:44:04.946  1156  5953 D SGM:GameManager:   sendRunningComponentFocus(), pkgName: com.panda.mouse, userId: 0
03-01 22:44:04.946  1156  2004 D SGM:GameManager: onLooperPrepared(), msg: MSG_TASK_FOCUSED, pkgName: com.panda.mouse, userId: 0
03-01 22:44:04.946  1156  2004 D SGM:GameManager:   handleTaskFocused(), pkgName: com.panda.mouse, userID:0 mResumedPkgMap does not containsKey.
03-01 22:44:04.954  1156  1998 D MARsPolicyManager: onPackageResumedFG pkgName = com.panda.mouse, userId = 0
03-01 22:44:04.954  1156  1998 V WindowManager: Setting visibility of Window{5c3638f u0 com.panda.mouse/com.chaozhuo.gameassistant.XActivity}: true, caller=com.android.server.wm.WindowContainer.sendAppVisibilityToClients:1100 com.android.server.wm.WindowToken.setClientVisible:448 com.android.server.wm.ActivityRecord.setClientVisible:6926 com.android.server.wm.ActivityRecord.setVisibility:5371 com.android.server.wm.ActivityRecord.setVisibility:5266 
03-01 22:44:04.965  1156  2003 V ActivityManager: Changed top to ProcessRecord{4dacb9d 32074:com.panda.mouse/u0a360}
03-01 22:44:04.974  1156  1290 D WindowManager: createAnimationAdapter(): container=Task{9b474b0 #488 type=standard A=10360:com.panda.mouse U=0 visible=true mode=fullscreen translucent=false sz=1}
03-01 22:44:04.975  1156  1290 D WindowManager: 	Add container=Task{9b474b0 #488 type=standard A=10360:com.panda.mouse U=0 visible=true mode=fullscreen translucent=false sz=1}
03-01 22:44:04.980  1156  1290 I WindowManager: container=Task{9b474b0 #488 type=standard A=10360:com.panda.mouse U=0 visible=true mode=fullscreen translucent=false sz=1}
03-01 22:44:04.980  1156  1290 I WindowManager:   taskInfo=TaskInfo{userId=0 taskId=488 displayId=0 isRunning=true baseIntent=Intent { act=android.intent.action.MAIN cat=[android.intent.category.LAUNCHER] flg=0x10000000 cmp=com.panda.mouse/com.chaozhuo.gameassistant.SplashActivity } baseActivity=ComponentInfo{com.panda.mouse/com.chaozhuo.gameassistant.XActivity} topActivity=ComponentInfo{com.panda.mouse/com.chaozhuo.gameassistant.XActivity} origActivity=null realActivity=ComponentInfo{com.panda.mouse/com.chaozhuo.gameassistant.SplashActivity} numActivities=1 lastActiveTime=6257276 supportsSplitScreenMultiWindow=true supportsMultiWindow=true resizeMode=1 isResizeable=true token=WCT{RemoteToken{a340538 Task{9b474b0 #488 type=standard A=10360:com.panda.mouse U=0 visible=true mode=fullscreen translucent=false sz=1}}} topActivityType=1 pictureInPictureParams=PictureInPictureParams( aspectRatio=null sourceRectHint=null hasSetActions=false isAutoPipEnabled=false isSeamlessResizeEnabled=true) displayCutoutSafeInsets=null topActivityInfo=ActivityInfo{30d7911 com.chaozhuo.gameassistant.XActivity} launchCookies=[] positionInParent=Point(0, 0) parentTaskId=-1 isFocused=false isVisible=true topActivityInSizeCompat=false locusId= null topLaunchHome=false launchSplitWindowingMode=0 isPairTask=false pairedTaskIds=[] pairWindowingMode=0 pairDockSide=0 isAnimatingByRecent=false originallySupportedSplitScreen=true isAnimatingFreeformToFullscreen=false topActivityInFixedAspectRatio=false}
03-01 22:44:04.989  1156  1289 D SGM:GameManager: identifyGamePackage. com.panda.mouse, mCurrentUserId: 0, callerUserId: 0, callingMethodInfo: com.samsung.android.game.SemGameManager.isGamePackage(SemGameManager.java:104)
03-01 22:44:04.989  1156  1289 D SGM:PkgDataHelper: getGamePkgData(). com.panda.mouse
03-01 22:44:04.989  1156  1289 D SGM:SemGameManager: isGamePackage(), pkgName=com.panda.mouse, ret=false
03-01 22:44:04.990  1156  1289 D SGM:GameManager: noteResumeComponent(), received pkgName: com.panda.mouse, userId: 0
03-01 22:44:04.990  1156  1289 I GameSDK@LifeCycle: noteResumeComponent(): package name  : com.panda.mouse
03-01 22:44:04.990  1156  2004 D SGM:GameManager: onLooperPrepared(), msg: MSG_APP_RESUME, pkgName: com.panda.mouse, userid: 0
03-01 22:44:04.990  1156  2004 D SGM:GameManager:   handleResume(). pkgName: com.panda.mouse, userId: 0, isTunableApp: null
03-01 22:44:04.990  1156  2004 D SGM:GameManager: notifyFocusInOut(). of pkg: com.panda.mouse, type: 4, isMinimized: false, isTunableApp: false, userId: 0
03-01 22:44:04.991  1156  1289 D SGM:GameManager: identifyGamePackage. com.panda.mouse, mCurrentUserId: 0, callerUserId: 0, callingMethodInfo: com.android.server.ssrm.fgapps.GameAppUtils.isGame(GameAppUtils.java:84)
03-01 22:44:04.991  1156  1289 D SGM:PkgDataHelper: getGamePkgData(). com.panda.mouse
03-01 22:44:04.991  1156  1289 D SGM:GameManager: identifyGamePackage. com.panda.mouse, mCurrentUserId: 0, callerUserId: 0, callingMethodInfo: com.android.server.ssrm.SortingMachine.isGame(SortingMachine.java:162)
03-01 22:44:04.991  1156  1289 D SGM:PkgDataHelper: getGamePkgData(). com.panda.mouse
03-01 22:44:05.003  1156  5953 D WindowManager: makeSurface duration=1 name=com.panda.mouse/com.chaozhuo.gameassistant.XActivity$_32074
03-01 22:44:05.007  1156  5953 V WindowManager: Changing focus from null to Window{5c3638f u0 com.panda.mouse/com.chaozhuo.gameassistant.XActivity} displayId=0 Callers=com.android.server.wm.RootWindowContainer.updateFocusedWindowLocked:582 com.android.server.wm.WindowManagerService.updateFocusedWindowLocked:6420 com.android.server.wm.WindowManagerService.relayoutWindow:2741 com.android.server.wm.Session.relayout:242 
03-01 22:44:05.029  1156  5953 D WindowManager: finishDrawingWindow: Window{5c3638f u0 com.panda.mouse/com.chaozhuo.gameassistant.XActivity} mDrawState=DRAW_PENDING
03-01 22:44:05.068  1156  5953 I WindowManager: Reparenting to leash, surface=Surface(name=d9a9641 SnapshotStartingWindow for taskId=488)/@0xaee319c, leashParent=Surface(name=ActivityRecord{30938d8 u0 com.panda.mouse/com.chaozhuo.gameassistant.XActivity t488})/@0x138935a
03-01 22:44:05.097  1156  8071 D SGM:GameManager: identifyGamePackage. com.panda.mouse, mCurrentUserId: 0, callerUserId: 0, callingMethodInfo: com.android.server.ssrm.SortingMachine.isGame(SortingMachine.java:162)
03-01 22:44:05.097  1156  8071 D SGM:PkgDataHelper: getGamePkgData(). com.panda.mouse
03-01 22:44:05.127  1156  2360 D MdnieScenarioControlService:  packageName : com.panda.mouse    className : com.chaozhuo.gameassistant.XActivity
03-01 22:44:05.135  1156  1290 I WindowManager: Reparenting to original parent: Surface(name=ActivityRecord{30938d8 u0 com.panda.mouse/com.chaozhuo.gameassistant.XActivity t488})/@0x138935a, destroy=true, surface=Surface(name=d9a9641 SnapshotStartingWindow for taskId=488)/@0xaee319c
03-01 22:44:05.411  1156  5953 D WindowManager: 	container=Task{9b474b0 #488 type=standard A=10360:com.panda.mouse U=0 visible=true mode=fullscreen translucent=false sz=1}
03-01 22:44:05.546  1156  1289 D SGM:GameManager: identifyForegroundApp. com.panda.mouse, mCurrentUserId: 0, callerUserId: 0
03-01 22:44:05.546  1156  1289 D SGM:PkgDataHelper: getGamePkgData(). com.panda.mouse
03-01 22:44:05.576  1156  2360 D MdnieScenarioControlService:  packageName : com.panda.mouse    className : com.chaozhuo.gameassistant.XActivity
03-01 22:44:11.021  1156  8071 D SGM:GameManager: identifyGamePackage. com.panda.mouse, mCurrentUserId: 0, callerUserId: 0, callingMethodInfo: com.android.server.ssrm.SortingMachine.isGame(SortingMachine.java:162)
03-01 22:44:11.022  1156  8071 D SGM:PkgDataHelper: getGamePkgData(). com.panda.mouse
03-01 22:44:11.098  1156  8071 D SGM:GameManager: identifyGamePackage. com.panda.mouse, mCurrentUserId: 0, callerUserId: 0, callingMethodInfo: com.android.server.ssrm.SortingMachine.isGame(SortingMachine.java:162)
03-01 22:44:11.098  1156  8071 D SGM:PkgDataHelper: getGamePkgData(). com.panda.mouse
03-01 22:44:43.976  1156  1287 D WindowManager: requestTransientBars: swipeTarget=Window{cac20c7 u0 StatusBar}, controlTarget=Window{5c3638f u0 com.panda.mouse/com.chaozhuo.gameassistant.XActivity}, canShowTransient=false, restorePositionTypes=0x3, from=com.android.server.wm.DisplayPolicy.access$100:223 com.android.server.wm.DisplayPolicy$1.onSwipeFromTop:566 
03-01 22:44:44.051  1156  5044 V WindowManager: Changing focus from Window{5c3638f u0 com.panda.mouse/com.chaozhuo.gameassistant.XActivity} to Window{e50f67e u0 NotificationShade} displayId=0 Callers=com.android.server.wm.RootWindowContainer.updateFocusedWindowLocked:582 com.android.server.wm.WindowManagerService.updateFocusedWindowLocked:6420 com.android.server.wm.WindowManagerService.relayoutWindow:2741 com.android.server.wm.Session.relayout:242 
03-01 22:44:46.414  1156  7005 V WindowManager: Changing focus from Window{e50f67e u0 NotificationShade} to Window{5c3638f u0 com.panda.mouse/com.chaozhuo.gameassistant.XActivity} displayId=0 Callers=com.android.server.wm.RootWindowContainer.updateFocusedWindowLocked:582 com.android.server.wm.WindowManagerService.updateFocusedWindowLocked:6420 com.android.server.wm.WindowManagerService.relayoutWindow:2741 com.android.server.wm.Session.relayout:242 
03-01 22:44:46.425  1156  7005 V WindowManager: Changing focus from Window{5c3638f u0 com.panda.mouse/com.chaozhuo.gameassistant.XActivity} to null displayId=0 Callers=com.android.server.wm.RootWindowContainer.updateFocusedWindowLocked:582 com.android.server.wm.WindowManagerService.updateFocusedWindowLocked:6420 com.android.server.wm.ActivityTaskManagerService.setResumedActivityUncheckLocked:5449 com.android.server.wm.Task.onActivityStateChanged:2872 
03-01 22:44:46.429  1156  1289 D SGM:GameManager: notePauseComponent(), received pkgName: com.panda.mouse, userId: 0
03-01 22:44:46.479  1156  1290 D WindowManager: prepareDimAnimOnAnimating owner = Task{9b474b0 #488 type=standard A=10360:com.panda.mouse U=0 visible=false mode=fullscreen translucent=true sz=1}
03-01 22:44:46.480  1156  1290 D WindowManager: startDimAnimation owner = Task{9b474b0 #488 type=standard A=10360:com.panda.mouse U=0 visible=false mode=fullscreen translucent=true sz=1}
03-01 22:44:46.901  1156  1290 D WindowManager: clearDimAnimation owner = Task{9b474b0 #488 type=standard A=10360:com.panda.mouse U=0 visible=false mode=fullscreen translucent=true sz=1}, caller=com.android.server.wm.WindowContainer.onAnimationLeashLost:3108 com.android.server.wm.Task.onAnimationLeashLost:10035 com.android.server.wm.SurfaceAnimator.removeLeash:426 
03-01 22:44:46.903  1156  1290 V WindowManager: Setting visibility of Window{5c3638f u0 com.panda.mouse/com.chaozhuo.gameassistant.XActivity}: false, caller=com.android.server.wm.WindowContainer.sendAppVisibilityToClients:1100 com.android.server.wm.WindowToken.setClientVisible:448 com.android.server.wm.ActivityRecord.setClientVisible:6926 com.android.server.wm.ActivityRecord.onAnimationFinished:7813 com.android.server.wm.WindowContainer.doAnimationFinished:3086 
03-01 22:44:46.995  1156  2740 E WindowManager: win=Window{5c3638f u0 com.panda.mouse/com.chaozhuo.gameassistant.XActivity} destroySurfaces: appStopped=true win.mWindowRemovalAllowed=false win.mRemoveOnExit=false win.mViewVisibility=8 caller=com.android.server.wm.ActivityRecord.destroySurfaces:5789 com.android.server.wm.ActivityRecord.destroySurfaces:5770 com.android.server.wm.ActivityRecord.notifyAppStopped:5834 com.android.server.wm.ActivityRecord.activityStopped:6454 com.android.server.wm.ActivityClientController.activityStopped:248 android.app.IActivityClientController$Stub.onTransact:596 com.android.server.wm.ActivityClientController.onTransact:124 
03-01 22:44:46.995  1156  2740 I WindowManager: Destroying surface Surface(name=com.panda.mouse/com.chaozhuo.gameassistant.XActivity$_32074)/@0xc5f965a called by com.android.server.wm.WindowStateAnimator.destroySurface:987 com.android.server.wm.WindowStateAnimator.destroySurfaceLocked:518 com.android.server.wm.WindowState.destroySurfaceUnchecked:4203 com.android.server.wm.WindowState.destroySurface:4177 com.android.server.wm.ActivityRecord.destroySurfaces:5789 com.android.server.wm.ActivityRecord.destroySurfaces:5770 com.android.server.wm.ActivityRecord.notifyAppStopped:5834 com.android.server.wm.ActivityRecord.activityStopped:6454 
03-01 22:44:47.609  1156  1289 V ActivityManager: Changed top to ProcessRecord{4dacb9d 32074:com.panda.mouse/u0a360}
03-01 22:44:47.611  1156  2371 D MARsPolicyManager: onPackageResumedFG pkgName = com.panda.mouse, userId = 0
03-01 22:44:47.611  1156  1289 D SGM:GameManager: identifyGamePackage. com.panda.mouse, mCurrentUserId: 0, callerUserId: 0, callingMethodInfo: com.samsung.android.game.SemGameManager.isGamePackage(SemGameManager.java:104)
03-01 22:44:47.611  1156  1289 D SGM:PkgDataHelper: getGamePkgData(). com.panda.mouse
03-01 22:44:47.611  1156  1289 D SGM:SemGameManager: isGamePackage(), pkgName=com.panda.mouse, ret=false
03-01 22:44:47.611  1156  2371 V WindowManager: Setting visibility of Window{5c3638f u0 com.panda.mouse/com.chaozhuo.gameassistant.XActivity}: true, caller=com.android.server.wm.WindowContainer.sendAppVisibilityToClients:1100 com.android.server.wm.WindowToken.setClientVisible:448 com.android.server.wm.ActivityRecord.setClientVisible:6926 com.android.server.wm.ActivityRecord.setVisibility:5371 com.android.server.wm.ActivityRecord.setVisibility:5266 
03-01 22:44:47.612  1156  2371 D SGM:GameManager:   sendRunningComponentFocus(), pkgName: com.panda.mouse, userId: 0
03-01 22:44:47.612  1156  2004 D SGM:GameManager: onLooperPrepared(), msg: MSG_TASK_FOCUSED, pkgName: com.panda.mouse, userId: 0
03-01 22:44:47.612  1156  2004 D SGM:GameManager:   handleTaskFocused(), pkgName: com.panda.mouse, userID:0 mResumedPkgMap does not containsKey.
03-01 22:44:47.613  1156  2371 D WindowManager: rotationForOrientation, orientationSource=ActivityRecord{30938d8 u0 com.panda.mouse/com.chaozhuo.gameassistant.XActivity t488}
03-01 22:44:47.613  1156  2371 D WindowManager: rotationForOrientation, orientationSource=ActivityRecord{30938d8 u0 com.panda.mouse/com.chaozhuo.gameassistant.XActivity t488}
03-01 22:44:47.613  1156  2371 D WindowManager: rotationForOrientation, orientationSource=ActivityRecord{30938d8 u0 com.panda.mouse/com.chaozhuo.gameassistant.XActivity t488}
03-01 22:44:47.624  1156  1289 D SGM:GameManager: noteResumeComponent(), received pkgName: com.panda.mouse, userId: 0
03-01 22:44:47.624  1156  1289 I GameSDK@LifeCycle: noteResumeComponent(): package name  : com.panda.mouse
03-01 22:44:47.624  1156  2004 D SGM:GameManager: onLooperPrepared(), msg: MSG_APP_RESUME, pkgName: com.panda.mouse, userid: 0
03-01 22:44:47.625  1156  2004 D SGM:GameManager:   handleResume(). pkgName: com.panda.mouse, userId: 0, isTunableApp: null
03-01 22:44:47.625  1156  2004 D SGM:GameManager: notifyFocusInOut(). of pkg: com.panda.mouse, type: 4, isMinimized: false, isTunableApp: false, userId: 0
03-01 22:44:47.625  1156  1289 D SGM:GameManager: identifyGamePackage. com.panda.mouse, mCurrentUserId: 0, callerUserId: 0, callingMethodInfo: com.android.server.ssrm.fgapps.GameAppUtils.isGame(GameAppUtils.java:84)
03-01 22:44:47.625  1156  1289 D SGM:PkgDataHelper: getGamePkgData(). com.panda.mouse
03-01 22:44:47.625  1156  1289 D SGM:GameManager: identifyGamePackage. com.panda.mouse, mCurrentUserId: 0, callerUserId: 0, callingMethodInfo: com.android.server.ssrm.SortingMachine.isGame(SortingMachine.java:162)
03-01 22:44:47.625  1156  1289 D SGM:PkgDataHelper: getGamePkgData(). com.panda.mouse
03-01 22:44:47.634  1156  2483 D WindowManager: makeSurface duration=1 name=com.panda.mouse/com.chaozhuo.gameassistant.XActivity$_32074
03-01 22:44:47.636  1156  2483 V WindowManager: Changing focus from null to Window{5c3638f u0 com.panda.mouse/com.chaozhuo.gameassistant.XActivity} displayId=0 Callers=com.android.server.wm.RootWindowContainer.updateFocusedWindowLocked:582 com.android.server.wm.WindowManagerService.updateFocusedWindowLocked:6420 com.android.server.wm.WindowManagerService.relayoutWindow:2741 com.android.server.wm.Session.relayout:242 
03-01 22:44:47.644  1156  2483 D WindowManager: finishDrawingWindow: Window{5c3638f u0 com.panda.mouse/com.chaozhuo.gameassistant.XActivity} mDrawState=DRAW_PENDING
03-01 22:44:47.786  1156  2360 D MdnieScenarioControlService:  packageName : com.panda.mouse    className : com.chaozhuo.gameassistant.XActivity
03-01 22:44:48.088  1156  2360 D MdnieScenarioControlService:  packageName : com.panda.mouse    className : com.chaozhuo.gameassistant.XActivity
03-01 22:44:48.137  1156  1289 D SGM:GameManager: identifyForegroundApp. com.panda.mouse, mCurrentUserId: 0, callerUserId: 0
03-01 22:44:48.137  1156  1289 D SGM:PkgDataHelper: getGamePkgData(). com.panda.mouse
03-01 22:44:48.641  1156  1287 D WindowManager: requestTransientBars: swipeTarget=Window{cac20c7 u0 StatusBar}, controlTarget=Window{5c3638f u0 com.panda.mouse/com.chaozhuo.gameassistant.XActivity}, canShowTransient=false, restorePositionTypes=0x3, from=com.android.server.wm.DisplayPolicy.access$100:223 com.android.server.wm.DisplayPolicy$1.onSwipeFromTop:566 
03-01 22:44:48.663  1156  2483 V WindowManager: Changing focus from Window{5c3638f u0 com.panda.mouse/com.chaozhuo.gameassistant.XActivity} to Window{e50f67e u0 NotificationShade} displayId=0 Callers=com.android.server.wm.RootWindowContainer.updateFocusedWindowLocked:582 com.android.server.wm.WindowManagerService.updateFocusedWindowLocked:6420 com.android.server.wm.WindowManagerService.relayoutWindow:2741 com.android.server.wm.Session.relayout:242 
03-01 22:44:50.463  1156  5266 V WindowManager: Changing focus from Window{e50f67e u0 NotificationShade} to Window{5c3638f u0 com.panda.mouse/com.chaozhuo.gameassistant.XActivity} displayId=0 Callers=com.android.server.wm.RootWindowContainer.updateFocusedWindowLocked:582 com.android.server.wm.WindowManagerService.updateFocusedWindowLocked:6420 com.android.server.wm.WindowManagerService.relayoutWindow:2741 com.android.server.wm.Session.relayout:242 
03-01 22:44:50.471  1156  1210 V WindowManager: Changing focus from Window{5c3638f u0 com.panda.mouse/com.chaozhuo.gameassistant.XActivity} to null displayId=0 Callers=com.android.server.wm.RootWindowContainer.updateFocusedWindowLocked:582 com.android.server.wm.WindowManagerService.updateFocusedWindowLocked:6420 com.android.server.wm.ActivityTaskManagerService.setResumedActivityUncheckLocked:5449 com.android.server.wm.Task.onActivityStateChanged:2872 
03-01 22:44:50.475  1156  1289 D SGM:GameManager: notePauseComponent(), received pkgName: com.panda.mouse, userId: 0
03-01 22:44:50.494  1156  1290 D WindowManager: prepareDimAnimOnAnimating owner = Task{9b474b0 #488 type=standard A=10360:com.panda.mouse U=0 visible=false mode=fullscreen translucent=true sz=1}
03-01 22:44:50.496  1156  1290 D WindowManager: startDimAnimation owner = Task{9b474b0 #488 type=standard A=10360:com.panda.mouse U=0 visible=false mode=fullscreen translucent=true sz=1}
03-01 22:44:50.899  1156  1290 D WindowManager: clearDimAnimation owner = Task{9b474b0 #488 type=standard A=10360:com.panda.mouse U=0 visible=false mode=fullscreen translucent=true sz=1}, caller=com.android.server.wm.WindowContainer.onAnimationLeashLost:3108 com.android.server.wm.Task.onAnimationLeashLost:10035 com.android.server.wm.SurfaceAnimator.removeLeash:426 
03-01 22:44:50.899  1156  1290 V WindowManager: Setting visibility of Window{5c3638f u0 com.panda.mouse/com.chaozhuo.gameassistant.XActivity}: false, caller=com.android.server.wm.WindowContainer.sendAppVisibilityToClients:1100 com.android.server.wm.WindowToken.setClientVisible:448 com.android.server.wm.ActivityRecord.setClientVisible:6926 com.android.server.wm.ActivityRecord.onAnimationFinished:7813 com.android.server.wm.WindowContainer.doAnimationFinished:3086 
03-01 22:44:50.936  1156  2371 E WindowManager: win=Window{5c3638f u0 com.panda.mouse/com.chaozhuo.gameassistant.XActivity} destroySurfaces: appStopped=true win.mWindowRemovalAllowed=false win.mRemoveOnExit=false win.mViewVisibility=8 caller=com.android.server.wm.ActivityRecord.destroySurfaces:5789 com.android.server.wm.ActivityRecord.destroySurfaces:5770 com.android.server.wm.ActivityRecord.notifyAppStopped:5834 com.android.server.wm.ActivityRecord.activityStopped:6454 com.android.server.wm.ActivityClientController.activityStopped:248 android.app.IActivityClientController$Stub.onTransact:596 com.android.server.wm.ActivityClientController.onTransact:124 
03-01 22:44:50.936  1156  2371 I WindowManager: Destroying surface Surface(name=com.panda.mouse/com.chaozhuo.gameassistant.XActivity$_32074)/@0xf7b4651 called by com.android.server.wm.WindowStateAnimator.destroySurface:987 com.android.server.wm.WindowStateAnimator.destroySurfaceLocked:518 com.android.server.wm.WindowState.destroySurfaceUnchecked:4203 com.android.server.wm.WindowState.destroySurface:4177 com.android.server.wm.ActivityRecord.destroySurfaces:5789 com.android.server.wm.ActivityRecord.destroySurfaces:5770 com.android.server.wm.ActivityRecord.notifyAppStopped:5834 com.android.server.wm.ActivityRecord.activityStopped:6454 
03-01 22:45:04.691  1156  2284 D UsbProfileGroupSettingsManager: task.topActivity.getPackageName()=com.panda.mouse
03-01 22:45:17.759  1156  2740 D MARsPolicyManager: onPackageResumedFG pkgName = com.panda.mouse, userId = 0
03-01 22:45:17.760  1156  2740 V WindowManager: Setting visibility of Window{5c3638f u0 com.panda.mouse/com.chaozhuo.gameassistant.XActivity}: true, caller=com.android.server.wm.WindowContainer.sendAppVisibilityToClients:1100 com.android.server.wm.WindowToken.setClientVisible:448 com.android.server.wm.ActivityRecord.setClientVisible:6926 com.android.server.wm.ActivityRecord.setVisibility:5371 com.android.server.wm.ActivityRecord.setVisibility:5266 
03-01 22:45:17.761  1156  2740 D SGM:GameManager:   sendRunningComponentFocus(), pkgName: com.panda.mouse, userId: 0
03-01 22:45:17.761  1156  2004 D SGM:GameManager: onLooperPrepared(), msg: MSG_TASK_FOCUSED, pkgName: com.panda.mouse, userId: 0
03-01 22:45:17.761  1156  2004 D SGM:GameManager:   handleTaskFocused(), pkgName: com.panda.mouse, userID:0 mResumedPkgMap does not containsKey.
03-01 22:45:17.771  1156  2003 V ActivityManager: Changed top to ProcessRecord{4dacb9d 32074:com.panda.mouse/u0a360}
03-01 22:45:17.777  1156  1289 D SGM:GameManager: identifyGamePackage. com.panda.mouse, mCurrentUserId: 0, callerUserId: 0, callingMethodInfo: com.samsung.android.game.SemGameManager.isGamePackage(SemGameManager.java:104)
03-01 22:45:17.777  1156  1289 D SGM:PkgDataHelper: getGamePkgData(). com.panda.mouse
03-01 22:45:17.777  1156  1289 D SGM:SemGameManager: isGamePackage(), pkgName=com.panda.mouse, ret=false
03-01 22:45:17.777  1156  1289 D SGM:GameManager: noteResumeComponent(), received pkgName: com.panda.mouse, userId: 0
03-01 22:45:17.778  1156  1289 I GameSDK@LifeCycle: noteResumeComponent(): package name  : com.panda.mouse
03-01 22:45:17.778  1156  2004 D SGM:GameManager: onLooperPrepared(), msg: MSG_APP_RESUME, pkgName: com.panda.mouse, userid: 0
03-01 22:45:17.778  1156  2004 D SGM:GameManager:   handleResume(). pkgName: com.panda.mouse, userId: 0, isTunableApp: null
03-01 22:45:17.778  1156  2004 D SGM:GameManager: notifyFocusInOut(). of pkg: com.panda.mouse, type: 4, isMinimized: false, isTunableApp: false, userId: 0
03-01 22:45:17.779  1156  1289 D SGM:GameManager: identifyGamePackage. com.panda.mouse, mCurrentUserId: 0, callerUserId: 0, callingMethodInfo: com.android.server.ssrm.fgapps.GameAppUtils.isGame(GameAppUtils.java:84)
03-01 22:45:17.779  1156  1289 D SGM:PkgDataHelper: getGamePkgData(). com.panda.mouse
03-01 22:45:17.780  1156  1289 D SGM:GameManager: identifyGamePackage. com.panda.mouse, mCurrentUserId: 0, callerUserId: 0, callingMethodInfo: com.android.server.ssrm.SortingMachine.isGame(SortingMachine.java:162)
03-01 22:45:17.780  1156  1289 D SGM:PkgDataHelper: getGamePkgData(). com.panda.mouse
03-01 22:45:17.797  1156  5136 D WindowManager: makeSurface duration=1 name=com.panda.mouse/com.chaozhuo.gameassistant.XActivity$_32074
03-01 22:45:17.800  1156  5136 V WindowManager: Changing focus from null to Window{5c3638f u0 com.panda.mouse/com.chaozhuo.gameassistant.XActivity} displayId=0 Callers=com.android.server.wm.RootWindowContainer.updateFocusedWindowLocked:582 com.android.server.wm.WindowManagerService.updateFocusedWindowLocked:6420 com.android.server.wm.WindowManagerService.relayoutWindow:2741 com.android.server.wm.Session.relayout:242 
03-01 22:45:17.818  1156  2740 D WindowManager: finishDrawingWindow: Window{5c3638f u0 com.panda.mouse/com.chaozhuo.gameassistant.XActivity} mDrawState=DRAW_PENDING
03-01 22:45:17.918  1156  2360 D MdnieScenarioControlService:  packageName : com.panda.mouse    className : com.chaozhuo.gameassistant.XActivity
03-01 22:45:18.253  1156  2360 D MdnieScenarioControlService:  packageName : com.panda.mouse    className : com.chaozhuo.gameassistant.XActivity
03-01 22:45:18.339  1156  1289 D SGM:GameManager: identifyForegroundApp. com.panda.mouse, mCurrentUserId: 0, callerUserId: 0
03-01 22:45:18.339  1156  1289 D SGM:PkgDataHelper: getGamePkgData(). com.panda.mouse
03-01 22:45:23.781  1156  8071 D SGM:GameManager: identifyGamePackage. com.panda.mouse, mCurrentUserId: 0, callerUserId: 0, callingMethodInfo: com.android.server.ssrm.SortingMachine.isGame(SortingMachine.java:162)
03-01 22:45:23.781  1156  8071 D SGM:PkgDataHelper: getGamePkgData(). com.panda.mouse
03-01 22:45:43.422  1156  1287 D WindowManager: requestTransientBars: swipeTarget=Window{d50c8cd u0 NavigationBar0}, controlTarget=Window{5c3638f u0 com.panda.mouse/com.chaozhuo.gameassistant.XActivity}, canShowTransient=false, restorePositionTypes=0x3, from=com.android.server.wm.DisplayPolicy.access$100:223 com.android.server.wm.DisplayPolicy$1.onSwipeFromBottom:577 
03-01 22:45:51.682  1156  5946 D WindowManager: Moved rootTask=Task{6ec2928 #1 type=home ?? U=0 visible=false mode=fullscreen translucent=true sz=1} behind rootTask=Task{9b474b0 #488 type=standard A=10360:com.panda.mouse U=0 visible=true mode=fullscreen translucent=false sz=1}
03-01 22:45:51.851  1156  2360 D MdnieScenarioControlService:  packageName : com.panda.mouse    className : com.chaozhuo.gameassistant.XActivity
03-01 22:45:51.988  1156  2894 D SGM:GameManager:   sendRunningComponentTop(), pkgName: com.panda.mouse, userId: 0
03-01 22:45:51.989  1156  2004 D SGM:GameManager: onLooperPrepared(), msg: MSG_TASK_FOCUSED, pkgName: com.panda.mouse, userId: 0
03-01 22:45:51.989  1156  2004 D SGM:GameManager:   handleTaskFocused(), pkgName: com.panda.mouse, userID:0
03-01 22:45:51.989  1156  2894 D WindowManager: onAnimationFinished(): targetRootTask=Task{6ec2928 #1 type=home ?? U=0 visible=false mode=fullscreen translucent=false sz=1} targetActivity=ActivityRecord{9c3a077 u0 com.sec.android.app.launcher/.activities.LauncherActivity t315} mRestoreTargetBehindRootTask=Task{9b474b0 #488 type=standard A=10360:com.panda.mouse U=0 visible=true mode=fullscreen translucent=false sz=1}
03-01 22:45:51.991  1156  2894 V WindowManager: Changing focus from Window{5c3638f u0 com.panda.mouse/com.chaozhuo.gameassistant.XActivity} to Window{ae14756 u0 com.sec.android.app.launcher/com.sec.android.app.launcher.activities.LauncherActivity} displayId=0 Callers=com.android.server.wm.RootWindowContainer.updateFocusedWindowLocked:582 com.android.server.wm.WindowManagerService.updateFocusedWindowLocked:6420 com.android.server.wm.DisplayContent.layoutAndAssignWindowLayersIfNeeded:4588 com.android.server.wm.TaskDisplayArea.positionChildTaskAt:560 
03-01 22:45:52.005  1156  2894 V WindowManager: Setting visibility of Window{5c3638f u0 com.panda.mouse/com.chaozhuo.gameassistant.XActivity}: false, caller=com.android.server.wm.WindowContainer.sendAppVisibilityToClients:1100 com.android.server.wm.WindowToken.setClientVisible:448 com.android.server.wm.ActivityRecord.setClientVisible:6926 com.android.server.wm.ActivityRecord.onAnimationFinished:7813 com.android.server.wm.ActivityRecord.postApplyAnimation:5520 
03-01 22:45:52.014  1156  1289 D SGM:GameManager: notePauseComponent(), received pkgName: com.panda.mouse, userId: 0
03-01 22:45:52.055  1156  2321 E WindowManager: win=Window{5c3638f u0 com.panda.mouse/com.chaozhuo.gameassistant.XActivity} destroySurfaces: appStopped=true win.mWindowRemovalAllowed=false win.mRemoveOnExit=false win.mViewVisibility=8 caller=com.android.server.wm.ActivityRecord.destroySurfaces:5789 com.android.server.wm.ActivityRecord.destroySurfaces:5770 com.android.server.wm.ActivityRecord.notifyAppStopped:5834 com.android.server.wm.ActivityRecord.activityStopped:6454 com.android.server.wm.ActivityClientController.activityStopped:248 android.app.IActivityClientController$Stub.onTransact:596 com.android.server.wm.ActivityClientController.onTransact:124 
03-01 22:45:52.055  1156  2321 I WindowManager: Destroying surface Surface(name=com.panda.mouse/com.chaozhuo.gameassistant.XActivity$_32074)/@0x2d82ab8 called by com.android.server.wm.WindowStateAnimator.destroySurface:987 com.android.server.wm.WindowStateAnimator.destroySurfaceLocked:518 com.android.server.wm.WindowState.destroySurfaceUnchecked:4203 com.android.server.wm.WindowState.destroySurface:4177 com.android.server.wm.ActivityRecord.destroySurfaces:5789 com.android.server.wm.ActivityRecord.destroySurfaces:5770 com.android.server.wm.ActivityRecord.notifyAppStopped:5834 com.android.server.wm.ActivityRecord.activityStopped:6454 
03-01 22:45:57.061  1156  2740 W AppOps  : Noting op not finished: uid 10360 pkg com.panda.mouse code 24 startTime of in progress event=1646149557048
03-01 22:45:57.138  1156  2740 D WindowManager: finishDrawingWindow: Window{ce7ed0 u0 com.panda.mouse} mDrawState=DRAW_PENDING
03-01 22:45:57.142  1156  2740 D WindowManager: finishDrawingWindow: Window{d63c064 u0 com.panda.mouse} mDrawState=DRAW_PENDING
03-01 22:46:00.450  1156  2483 V WindowManager: Changing focus from Window{ed91e0 u0 com.pubg.newstate/com.epicgames.ue4.GameActivity} to Window{ce7ed0 u0 com.panda.mouse} displayId=0 Callers=com.android.server.wm.RootWindowContainer.updateFocusedWindowLocked:582 com.android.server.wm.WindowManagerService.updateFocusedWindowLocked:6420 com.android.server.wm.WindowManagerService.relayoutWindow:2741 com.android.server.wm.Session.relayout:242 
03-01 22:46:01.266  1156  2321 V WindowManager: Changing focus from Window{ce7ed0 u0 com.panda.mouse} to Window{ed91e0 u0 com.pubg.newstate/com.epicgames.ue4.GameActivity} displayId=0 Callers=com.android.server.wm.RootWindowContainer.updateFocusedWindowLocked:582 com.android.server.wm.WindowManagerService.updateFocusedWindowLocked:6420 com.android.server.wm.WindowManagerService.relayoutWindow:2741 com.android.server.wm.Session.relayout:242 
03-01 22:46:03.350  1156  2321 V WindowManager: Changing focus from Window{ed91e0 u0 com.pubg.newstate/com.epicgames.ue4.GameActivity} to Window{ce7ed0 u0 com.panda.mouse} displayId=0 Callers=com.android.server.wm.RootWindowContainer.updateFocusedWindowLocked:582 com.android.server.wm.WindowManagerService.updateFocusedWindowLocked:6420 com.android.server.wm.WindowManagerService.relayoutWindow:2741 com.android.server.wm.Session.relayout:242 
03-01 22:46:03.983  1156  2321 V WindowManager: Changing focus from Window{ce7ed0 u0 com.panda.mouse} to Window{ed91e0 u0 com.pubg.newstate/com.epicgames.ue4.GameActivity} displayId=0 Callers=com.android.server.wm.RootWindowContainer.updateFocusedWindowLocked:582 com.android.server.wm.WindowManagerService.updateFocusedWindowLocked:6420 com.android.server.wm.WindowManagerService.relayoutWindow:2741 com.android.server.wm.Session.relayout:242 
03-01 22:46:05.870  1156  2483 V WindowManager: Changing focus from Window{ed91e0 u0 com.pubg.newstate/com.epicgames.ue4.GameActivity} to Window{ce7ed0 u0 com.panda.mouse} displayId=0 Callers=com.android.server.wm.RootWindowContainer.updateFocusedWindowLocked:582 com.android.server.wm.WindowManagerService.updateFocusedWindowLocked:6420 com.android.server.wm.WindowManagerService.relayoutWindow:2741 com.android.server.wm.Session.relayout:242 
03-01 22:46:06.478  1156  2483 W AppOps  : Noting op not finished: uid 10360 pkg com.panda.mouse code 24 startTime of in progress event=1646149557064
03-01 22:46:06.485  1156  2483 V WindowManager: Changing focus from Window{ce7ed0 u0 com.panda.mouse} to Window{ff17130 u0 com.panda.mouse} displayId=0 Callers=com.android.server.wm.RootWindowContainer.updateFocusedWindowLocked:582 com.android.server.wm.WindowManagerService.updateFocusedWindowLocked:6420 com.android.server.wm.WindowManagerService.addWindow:2024 com.android.server.wm.Session.addToDisplayAsUser:211 
03-01 22:46:06.630  1156  2321 D WindowManager: finishDrawingWindow: Window{ff17130 u0 com.panda.mouse} mDrawState=DRAW_PENDING
03-01 22:46:06.636  1156  1290 I WindowManager: Reparenting to leash, surface=Surface(name=ff17130 com.panda.mouse)/@0x6ad843a, leashParent=Surface(name=WindowToken{5505e73 android.os.BinderProxy@6fb7ae2})/@0x50728eb
03-01 22:46:06.637  1156  1290 D WindowManager: makeSurface duration=1 leash=Surface(name=Surface(name=ff17130 com.panda.mouse)/@0x6ad843a - animation-leash of window_animation)/@0x3463648
03-01 22:46:06.799  1156  1290 I WindowManager: Reparenting to original parent: Surface(name=WindowToken{5505e73 android.os.BinderProxy@6fb7ae2})/@0x50728eb, destroy=true, surface=Surface(name=ff17130 com.panda.mouse)/@0x6ad843a
03-01 22:46:10.477  1156  2321 I WindowManager: Reparenting to leash, surface=Surface(name=ff17130 com.panda.mouse)/@0x6ad843a, leashParent=Surface(name=WindowToken{5505e73 android.os.BinderProxy@6fb7ae2})/@0x50728eb
03-01 22:46:10.478  1156  2321 D WindowManager: makeSurface duration=0 leash=Surface(name=Surface(name=ff17130 com.panda.mouse)/@0x6ad843a - animation-leash of window_animation)/@0xbb6397a
03-01 22:46:10.478  1156  2321 V WindowManager: removeIfPossible 2, Window{ff17130 u0 com.panda.mouse}: mAnimatingExit=true caller=com.android.server.wm.WindowState.removeIfPossible:2958 com.android.server.wm.WindowManagerService.removeWindow:2240 com.android.server.wm.Session.remove:225 android.view.IWindowSession$Stub.onTransact:746 com.android.server.wm.Session.onTransact:176 
03-01 22:46:10.479  1156  2321 V WindowManager: Changing focus from Window{ff17130 u0 com.panda.mouse EXITING} to Window{ce7ed0 u0 com.panda.mouse} displayId=0 Callers=com.android.server.wm.RootWindowContainer.updateFocusedWindowLocked:582 com.android.server.wm.WindowManagerService.updateFocusedWindowLocked:6420 com.android.server.wm.WindowState.setupWindowForRemoveOnExit:3149 com.android.server.wm.WindowState.removeIfPossible:3117 
03-01 22:46:10.634  1156  1290 I WindowManager: Reparenting to original parent: Surface(name=WindowToken{5505e73 android.os.BinderProxy@6fb7ae2})/@0x50728eb, destroy=true, surface=Surface(name=ff17130 com.panda.mouse)/@0x6ad843a
03-01 22:46:11.986  1156  2321 V WindowManager: Changing focus from Window{ce7ed0 u0 com.panda.mouse} to Window{ed91e0 u0 com.pubg.newstate/com.epicgames.ue4.GameActivity} displayId=0 Callers=com.android.server.wm.RootWindowContainer.updateFocusedWindowLocked:582 com.android.server.wm.WindowManagerService.updateFocusedWindowLocked:6420 com.android.server.wm.WindowManagerService.relayoutWindow:2741 com.android.server.wm.Session.relayout:242 
