03-01 22:51:12.373  1156  1199 V WindowManager: Relayout Window{8d68c2e u0 com.panda.mouse}: viewVisibility=0 req=24x29 d0
03-01 22:51:12.393  1156  5947 V WindowManager: Relayout Window{8d68c2e u0 com.panda.mouse}: viewVisibility=0 req=24x29 d0
03-01 22:51:12.408  1156  5947 V WindowManager: Relayout Window{8d68c2e u0 com.panda.mouse}: viewVisibility=0 req=24x29 d0
03-01 22:51:12.425  1156  1199 V WindowManager: Relayout Window{8d68c2e u0 com.panda.mouse}: viewVisibility=0 req=24x29 d0
03-01 22:51:12.440  1156  1199 V WindowManager: Relayout Window{8d68c2e u0 com.panda.mouse}: viewVisibility=0 req=24x29 d0
03-01 22:51:12.657  1156  5947 V WindowManager: Relayout Window{8d68c2e u0 com.panda.mouse}: viewVisibility=0 req=24x29 d0
03-01 22:51:12.673  1156  5947 V WindowManager: Relayout Window{8d68c2e u0 com.panda.mouse}: viewVisibility=0 req=24x29 d0
03-01 22:51:12.693  1156  5947 V WindowManager: Relayout Window{8d68c2e u0 com.panda.mouse}: viewVisibility=0 req=24x29 d0
03-01 22:51:12.708  1156  5947 V WindowManager: Relayout Window{8d68c2e u0 com.panda.mouse}: viewVisibility=0 req=24x29 d0
03-01 22:51:12.724  1156  1199 V WindowManager: Relayout Window{8d68c2e u0 com.panda.mouse}: viewVisibility=0 req=24x29 d0
03-01 22:51:12.740  1156  1199 V WindowManager: Relayout Window{8d68c2e u0 com.panda.mouse}: viewVisibility=0 req=24x29 d0
03-01 22:51:12.758  1156  1199 V WindowManager: Relayout Window{8d68c2e u0 com.panda.mouse}: viewVisibility=0 req=24x29 d0
03-01 22:51:12.773  1156  5947 V WindowManager: Relayout Window{8d68c2e u0 com.panda.mouse}: viewVisibility=0 req=24x29 d0
03-01 22:51:12.790  1156  5947 V WindowManager: Relayout Window{8d68c2e u0 com.panda.mouse}: viewVisibility=0 req=24x29 d0
03-01 22:51:12.807  1156  5947 V WindowManager: Relayout Window{8d68c2e u0 com.panda.mouse}: viewVisibility=0 req=24x29 d0
03-01 22:51:12.823  1156  5947 V WindowManager: Relayout Window{8d68c2e u0 com.panda.mouse}: viewVisibility=0 req=24x29 d0
03-01 22:51:12.840  1156  5947 V WindowManager: Relayout Window{8d68c2e u0 com.panda.mouse}: viewVisibility=0 req=24x29 d0
03-01 22:51:12.856  1156  1199 V WindowManager: Relayout Window{8d68c2e u0 com.panda.mouse}: viewVisibility=0 req=24x29 d0
03-01 22:51:12.875  1156  5947 V WindowManager: Relayout Window{8d68c2e u0 com.panda.mouse}: viewVisibility=0 req=24x29 d0
03-01 22:51:12.893  1156  7005 V WindowManager: Relayout Window{8d68c2e u0 com.panda.mouse}: viewVisibility=0 req=24x29 d0
03-01 22:51:12.909  1156  7005 V WindowManager: Relayout Window{8d68c2e u0 com.panda.mouse}: viewVisibility=0 req=24x29 d0
03-01 22:51:12.926  1156  7005 V WindowManager: Relayout Window{8d68c2e u0 com.panda.mouse}: viewVisibility=0 req=24x29 d0
03-01 22:51:12.964  1156  1199 V WindowManager: Relayout Window{8d68c2e u0 com.panda.mouse}: viewVisibility=0 req=24x29 d0
03-01 22:51:12.973  1156  1199 V WindowManager: Relayout Window{8d68c2e u0 com.panda.mouse}: viewVisibility=0 req=24x29 d0
03-01 22:51:12.990  1156  1199 V WindowManager: Relayout Window{8d68c2e u0 com.panda.mouse}: viewVisibility=0 req=24x29 d0
03-01 22:51:13.006  1156  1199 V WindowManager: Relayout Window{8d68c2e u0 com.panda.mouse}: viewVisibility=0 req=24x29 d0
03-01 22:51:13.023  1156  1199 V WindowManager: Relayout Window{8d68c2e u0 com.panda.mouse}: viewVisibility=0 req=24x29 d0
03-01 22:51:13.040  1156  7005 V WindowManager: Relayout Window{8d68c2e u0 com.panda.mouse}: viewVisibility=0 req=24x29 d0
03-01 22:51:13.057  1156  7005 V WindowManager: Relayout Window{8d68c2e u0 com.panda.mouse}: viewVisibility=0 req=24x29 d0
03-01 22:51:13.073  1156  7005 V WindowManager: Relayout Window{8d68c2e u0 com.panda.mouse}: viewVisibility=0 req=24x29 d0
03-01 22:51:13.092  1156  7005 V WindowManager: Relayout Window{8d68c2e u0 com.panda.mouse}: viewVisibility=0 req=24x29 d0
03-01 22:51:13.106  1156  7005 V WindowManager: Relayout Window{8d68c2e u0 com.panda.mouse}: viewVisibility=0 req=24x29 d0
03-01 22:51:13.123  1156  7005 V WindowManager: Relayout Window{8d68c2e u0 com.panda.mouse}: viewVisibility=0 req=24x29 d0
03-01 22:51:13.141  1156  7005 V WindowManager: Relayout Window{8d68c2e u0 com.panda.mouse}: viewVisibility=0 req=24x29 d0
03-01 22:51:13.156  1156  7005 V WindowManager: Relayout Window{8d68c2e u0 com.panda.mouse}: viewVisibility=0 req=24x29 d0
03-01 22:51:13.176  1156  7005 V WindowManager: Relayout Window{8d68c2e u0 com.panda.mouse}: viewVisibility=0 req=24x29 d0
03-01 22:51:13.190  1156  7005 V WindowManager: Relayout Window{8d68c2e u0 com.panda.mouse}: viewVisibility=0 req=24x29 d0
03-01 22:51:13.206  1156  7005 V WindowManager: Relayout Window{8d68c2e u0 com.panda.mouse}: viewVisibility=0 req=24x29 d0
03-01 22:51:13.223  1156  7005 V WindowManager: Relayout Window{8d68c2e u0 com.panda.mouse}: viewVisibility=0 req=24x29 d0
03-01 22:51:13.241  1156  7005 V WindowManager: Relayout Window{8d68c2e u0 com.panda.mouse}: viewVisibility=0 req=24x29 d0
03-01 22:51:13.256  1156  7005 V WindowManager: Relayout Window{8d68c2e u0 com.panda.mouse}: viewVisibility=0 req=24x29 d0
03-01 22:51:13.273  1156  7005 V WindowManager: Relayout Window{8d68c2e u0 com.panda.mouse}: viewVisibility=0 req=24x29 d0
03-01 22:51:13.290  1156  7005 V WindowManager: Relayout Window{8d68c2e u0 com.panda.mouse}: viewVisibility=0 req=24x29 d0
03-01 22:51:13.306  1156  7005 V WindowManager: Relayout Window{8d68c2e u0 com.panda.mouse}: viewVisibility=0 req=24x29 d0
03-01 22:51:13.323  1156  7005 V WindowManager: Relayout Window{8d68c2e u0 com.panda.mouse}: viewVisibility=0 req=24x29 d0
03-01 22:51:13.340  1156  7005 V WindowManager: Relayout Window{8d68c2e u0 com.panda.mouse}: viewVisibility=0 req=24x29 d0
03-01 22:51:13.373  1156  1199 V WindowManager: Relayout Window{8d68c2e u0 com.panda.mouse}: viewVisibility=0 req=24x29 d0
03-01 22:51:13.390  1156  7005 V WindowManager: Relayout Window{8d68c2e u0 com.panda.mouse}: viewVisibility=0 req=24x29 d0
03-01 22:51:13.409  1156  7005 V WindowManager: Relayout Window{8d68c2e u0 com.panda.mouse}: viewVisibility=0 req=24x29 d0
03-01 22:51:13.423  1156  7005 V WindowManager: Relayout Window{8d68c2e u0 com.panda.mouse}: viewVisibility=0 req=24x29 d0
03-01 22:51:13.439  1156  7005 V WindowManager: Relayout Window{8d68c2e u0 com.panda.mouse}: viewVisibility=0 req=24x29 d0
03-01 22:51:13.456  1156  7005 V WindowManager: Relayout Window{8d68c2e u0 com.panda.mouse}: viewVisibility=0 req=24x29 d0
03-01 22:51:13.473  1156  7005 V WindowManager: Relayout Window{8d68c2e u0 com.panda.mouse}: viewVisibility=0 req=24x29 d0
03-01 22:51:13.490  1156  7005 V WindowManager: Relayout Window{8d68c2e u0 com.panda.mouse}: viewVisibility=0 req=24x29 d0
03-01 22:51:13.506  1156  7005 V WindowManager: Relayout Window{8d68c2e u0 com.panda.mouse}: viewVisibility=0 req=24x29 d0
03-01 22:51:13.523  1156  7005 V WindowManager: Relayout Window{8d68c2e u0 com.panda.mouse}: viewVisibility=0 req=24x29 d0
03-01 22:51:13.540  1156  7005 V WindowManager: Relayout Window{8d68c2e u0 com.panda.mouse}: viewVisibility=0 req=24x29 d0
03-01 22:51:13.556  1156  7005 V WindowManager: Relayout Window{8d68c2e u0 com.panda.mouse}: viewVisibility=0 req=24x29 d0
03-01 22:51:13.573  1156  7005 V WindowManager: Relayout Window{8d68c2e u0 com.panda.mouse}: viewVisibility=0 req=24x29 d0
03-01 22:51:13.590  1156  7005 V WindowManager: Relayout Window{8d68c2e u0 com.panda.mouse}: viewVisibility=0 req=24x29 d0
03-01 22:51:13.606  1156  7005 V WindowManager: Relayout Window{8d68c2e u0 com.panda.mouse}: viewVisibility=0 req=24x29 d0
03-01 22:51:13.623  1156  7005 V WindowManager: Relayout Window{8d68c2e u0 com.panda.mouse}: viewVisibility=0 req=24x29 d0
03-01 22:51:13.640  1156  7005 V WindowManager: Relayout Window{8d68c2e u0 com.panda.mouse}: viewVisibility=0 req=24x29 d0
03-01 22:51:13.657  1156  7005 V WindowManager: Relayout Window{8d68c2e u0 com.panda.mouse}: viewVisibility=0 req=24x29 d0
03-01 22:51:13.675  1156  7005 V WindowManager: Relayout Window{8d68c2e u0 com.panda.mouse}: viewVisibility=0 req=24x29 d0
03-01 22:51:13.690  1156  1199 V WindowManager: Relayout Window{8d68c2e u0 com.panda.mouse}: viewVisibility=0 req=24x29 d0
03-01 22:51:13.708  1156  7005 V WindowManager: Relayout Window{8d68c2e u0 com.panda.mouse}: viewVisibility=0 req=24x29 d0
03-01 22:51:13.724  1156  7005 V WindowManager: Relayout Window{8d68c2e u0 com.panda.mouse}: viewVisibility=0 req=24x29 d0
03-01 22:51:13.740  1156  1199 V WindowManager: Relayout Window{8d68c2e u0 com.panda.mouse}: viewVisibility=0 req=24x29 d0
03-01 22:51:13.758  1156  7005 V WindowManager: Relayout Window{8d68c2e u0 com.panda.mouse}: viewVisibility=0 req=24x29 d0
03-01 22:51:13.774  1156  7005 V WindowManager: Relayout Window{8d68c2e u0 com.panda.mouse}: viewVisibility=0 req=24x29 d0
03-01 22:51:13.790  1156  7005 V WindowManager: Relayout Window{8d68c2e u0 com.panda.mouse}: viewVisibility=0 req=24x29 d0
03-01 22:51:13.808  1156  1199 V WindowManager: Relayout Window{8d68c2e u0 com.panda.mouse}: viewVisibility=0 req=24x29 d0
03-01 22:51:13.825  1156  1199 V WindowManager: Relayout Window{8d68c2e u0 com.panda.mouse}: viewVisibility=0 req=24x29 d0
03-01 22:51:13.841  1156  1199 V WindowManager: Relayout Window{8d68c2e u0 com.panda.mouse}: viewVisibility=0 req=24x29 d0
03-01 22:51:13.874  1156  7005 V WindowManager: Relayout Window{8d68c2e u0 com.panda.mouse}: viewVisibility=0 req=24x29 d0
03-01 22:51:13.892  1156  7005 V WindowManager: Relayout Window{8d68c2e u0 com.panda.mouse}: viewVisibility=0 req=24x29 d0
03-01 22:51:13.958  1156  7005 V WindowManager: Relayout Window{8d68c2e u0 com.panda.mouse}: viewVisibility=0 req=24x29 d0
03-01 22:51:14.041  1156  7005 V WindowManager: Relayout Window{8d68c2e u0 com.panda.mouse}: viewVisibility=0 req=24x29 d0
03-01 22:51:14.057  1156  1199 V WindowManager: Relayout Window{8d68c2e u0 com.panda.mouse}: viewVisibility=0 req=24x29 d0
03-01 22:51:14.074  1156  1199 V WindowManager: Relayout Window{8d68c2e u0 com.panda.mouse}: viewVisibility=0 req=24x29 d0
03-01 22:51:14.090  1156  1199 V WindowManager: Relayout Window{8d68c2e u0 com.panda.mouse}: viewVisibility=0 req=24x29 d0
03-01 22:51:14.108  1156  1199 V WindowManager: Relayout Window{8d68c2e u0 com.panda.mouse}: viewVisibility=0 req=24x29 d0
03-01 22:51:14.124  1156  1199 V WindowManager: Relayout Window{8d68c2e u0 com.panda.mouse}: viewVisibility=0 req=24x29 d0
03-01 22:51:14.141  1156  1199 V WindowManager: Relayout Window{8d68c2e u0 com.panda.mouse}: viewVisibility=0 req=24x29 d0
03-01 22:51:14.157  1156  1199 V WindowManager: Relayout Window{8d68c2e u0 com.panda.mouse}: viewVisibility=0 req=24x29 d0
03-01 22:51:14.241  1156  7005 V WindowManager: Relayout Window{8d68c2e u0 com.panda.mouse}: viewVisibility=0 req=24x29 d0
03-01 22:51:14.257  1156  7005 V WindowManager: Relayout Window{8d68c2e u0 com.panda.mouse}: viewVisibility=0 req=24x29 d0
03-01 22:51:14.274  1156  7005 V WindowManager: Relayout Window{8d68c2e u0 com.panda.mouse}: viewVisibility=0 req=24x29 d0
03-01 22:51:14.293  1156  1199 V WindowManager: Relayout Window{8d68c2e u0 com.panda.mouse}: viewVisibility=0 req=24x29 d0
03-01 22:51:14.307  1156  7005 V WindowManager: Relayout Window{8d68c2e u0 com.panda.mouse}: viewVisibility=0 req=24x29 d0
03-01 22:51:14.324  1156  7005 V WindowManager: Relayout Window{8d68c2e u0 com.panda.mouse}: viewVisibility=0 req=24x29 d0
03-01 22:51:14.340  1156  7005 V WindowManager: Relayout Window{8d68c2e u0 com.panda.mouse}: viewVisibility=0 req=24x29 d0
03-01 22:51:14.358  1156  7005 V WindowManager: Relayout Window{8d68c2e u0 com.panda.mouse}: viewVisibility=0 req=24x29 d0
03-01 22:51:14.373  1156  7005 V WindowManager: Relayout Window{8d68c2e u0 com.panda.mouse}: viewVisibility=0 req=24x29 d0
03-01 22:51:14.391  1156  7005 V WindowManager: Relayout Window{8d68c2e u0 com.panda.mouse}: viewVisibility=0 req=24x29 d0
03-01 22:51:14.408  1156  7005 V WindowManager: Relayout Window{8d68c2e u0 com.panda.mouse}: viewVisibility=0 req=24x29 d0
03-01 22:51:14.424  1156  7005 V WindowManager: Relayout Window{8d68c2e u0 com.panda.mouse}: viewVisibility=0 req=24x29 d0
03-01 22:51:14.441  1156  1199 V WindowManager: Relayout Window{8d68c2e u0 com.panda.mouse}: viewVisibility=0 req=24x29 d0
03-01 22:51:14.457  1156  1199 V WindowManager: Relayout Window{8d68c2e u0 com.panda.mouse}: viewVisibility=0 req=24x29 d0
03-01 22:51:14.474  1156  7005 V WindowManager: Relayout Window{8d68c2e u0 com.panda.mouse}: viewVisibility=0 req=24x29 d0
03-01 22:51:14.491  1156  7005 V WindowManager: Relayout Window{8d68c2e u0 com.panda.mouse}: viewVisibility=0 req=24x29 d0
03-01 22:51:14.524  1156  7005 V WindowManager: Relayout Window{8d68c2e u0 com.panda.mouse}: viewVisibility=0 req=24x29 d0
03-01 22:51:14.541  1156  1199 V WindowManager: Relayout Window{8d68c2e u0 com.panda.mouse}: viewVisibility=0 req=24x29 d0
03-01 22:51:14.558  1156  7005 V WindowManager: Relayout Window{8d68c2e u0 com.panda.mouse}: viewVisibility=0 req=24x29 d0
03-01 22:51:14.574  1156  1199 V WindowManager: Relayout Window{8d68c2e u0 com.panda.mouse}: viewVisibility=0 req=24x29 d0
03-01 22:51:14.590  1156  1199 V WindowManager: Relayout Window{8d68c2e u0 com.panda.mouse}: viewVisibility=0 req=24x29 d0
03-01 22:51:14.608  1156  1199 V WindowManager: Relayout Window{8d68c2e u0 com.panda.mouse}: viewVisibility=0 req=24x29 d0
03-01 22:51:14.624  1156  1199 V WindowManager: Relayout Window{8d68c2e u0 com.panda.mouse}: viewVisibility=0 req=24x29 d0
03-01 22:51:14.641  1156  7005 V WindowManager: Relayout Window{8d68c2e u0 com.panda.mouse}: viewVisibility=0 req=24x29 d0
03-01 22:51:14.658  1156  7005 V WindowManager: Relayout Window{8d68c2e u0 com.panda.mouse}: viewVisibility=0 req=24x29 d0
03-01 22:51:14.675  1156  1199 V WindowManager: Relayout Window{8d68c2e u0 com.panda.mouse}: viewVisibility=0 req=24x29 d0
03-01 22:51:14.691  1156  1199 V WindowManager: Relayout Window{8d68c2e u0 com.panda.mouse}: viewVisibility=0 req=24x29 d0
03-01 22:51:14.708  1156  1199 V WindowManager: Relayout Window{8d68c2e u0 com.panda.mouse}: viewVisibility=0 req=24x29 d0
03-01 22:51:14.725  1156  1199 V WindowManager: Relayout Window{8d68c2e u0 com.panda.mouse}: viewVisibility=0 req=24x29 d0
03-01 22:51:14.741  1156  7005 V WindowManager: Relayout Window{8d68c2e u0 com.panda.mouse}: viewVisibility=0 req=24x29 d0
03-01 22:51:14.757  1156  7005 V WindowManager: Relayout Window{8d68c2e u0 com.panda.mouse}: viewVisibility=0 req=24x29 d0
03-01 22:51:14.774  1156  7005 V WindowManager: Relayout Window{8d68c2e u0 com.panda.mouse}: viewVisibility=0 req=24x29 d0
03-01 22:51:14.791  1156  1199 V WindowManager: Relayout Window{8d68c2e u0 com.panda.mouse}: viewVisibility=0 req=24x29 d0
03-01 22:51:14.807  1156  1199 V WindowManager: Relayout Window{8d68c2e u0 com.panda.mouse}: viewVisibility=0 req=24x29 d0
03-01 22:51:14.875  1156  7005 V WindowManager: Relayout Window{8d68c2e u0 com.panda.mouse}: viewVisibility=0 req=24x29 d0
03-01 22:51:14.891  1156  1199 V WindowManager: Relayout Window{8d68c2e u0 com.panda.mouse}: viewVisibility=0 req=24x29 d0
03-01 22:51:14.908  1156  1199 V WindowManager: Relayout Window{8d68c2e u0 com.panda.mouse}: viewVisibility=0 req=24x29 d0
03-01 22:51:15.006  1156  1199 V WindowManager: Relayout Window{b0dcbf6 u0 com.panda.mouse}: viewVisibility=0 req=1920x1080 d0
03-01 22:51:15.008  1156  1199 V WindowManager: Changing focus from Window{75ce50c u0 com.aurora.warden/com.aurora.warden.ui.activities.AuroraActivity} to Window{b0dcbf6 u0 com.panda.mouse} displayId=0 Callers=com.android.server.wm.RootWindowContainer.updateFocusedWindowLocked:582 com.android.server.wm.WindowManagerService.updateFocusedWindowLocked:6420 com.android.server.wm.WindowManagerService.relayoutWindow:2741 com.android.server.wm.Session.relayout:242 
03-01 22:51:15.029  1156  1290 D InsetsSourceProvider: updateVisibility: serverVisible=true, clientVisible=false, source=InsetsSource: {mType=ITYPE_NAVIGATION_BAR, mFrame=[0,1080][1920,1080], mVisible=false, mWindowFrame=[0,1020][1920,1080]}, controlTarget=Window{b0dcbf6 u0 com.panda.mouse}, from=com.android.server.wm.InsetsSourceProvider.setClientVisible:428 com.android.server.wm.InsetsSourceProvider.updateClientVisibility:413 com.android.server.wm.InsetsStateController.onInsetsModified:457 com.android.server.wm.InsetsStateController.lambda$notifyPendingInsetsControlChanged$6$InsetsStateController:638 com.android.server.wm.InsetsStateController$$ExternalSyntheticLambda1.run:2 com.android.server.wm.WindowAnimator.executeAfterPrepareSurfacesRunnables:345 com.android.server.wm.WindowAnimator.animate:226 com.android.server.wm.WindowAnimator.lambda$new$1$WindowAnimator:106 com.android.server.wm.WindowAnimator$$ExternalSyntheticLambda0.doFrame:2 android.view.Choreographer$CallbackRecord.run:1061 
03-01 22:51:15.029  1156  1290 D InsetsSourceProvider: updateVisibility: serverVisible=true, clientVisible=false, source=InsetsSource: {mType=ITYPE_STATUS_BAR, mFrame=[0,0][1920,30], mVisible=false, mWindowFrame=[0,0][0,0]}, controlTarget=Window{b0dcbf6 u0 com.panda.mouse}, from=com.android.server.wm.InsetsSourceProvider.setClientVisible:428 com.android.server.wm.InsetsSourceProvider.updateClientVisibility:413 com.android.server.wm.InsetsStateController.onInsetsModified:457 com.android.server.wm.InsetsStateController.lambda$notifyPendingInsetsControlChanged$6$InsetsStateController:638 com.android.server.wm.InsetsStateController$$ExternalSyntheticLambda1.run:2 com.android.server.wm.WindowAnimator.executeAfterPrepareSurfacesRunnables:345 com.android.server.wm.WindowAnimator.animate:226 com.android.server.wm.WindowAnimator.lambda$new$1$WindowAnimator:106 com.android.server.wm.WindowAnimator$$ExternalSyntheticLambda0.doFrame:2 android.view.Choreographer$CallbackRecord.run:1061 
03-01 22:51:15.034  1156  5947 V WindowManager: Relayout Window{8d68c2e u0 com.panda.mouse}: viewVisibility=0 req=24x29 d0
03-01 22:51:15.039  1132  1132 I SurfaceFlinger: [b0dcbf6 com.panda.mouse#0] FrameRatePriority: 1
03-01 22:51:15.042  1156  5947 D InputDispatcher: Focus entered window (0): b0dcbf6 com.panda.mouse
03-01 22:51:15.046  1156  7005 V WindowManager: Relayout Window{8d68c2e u0 com.panda.mouse}: viewVisibility=0 req=24x29 d0
03-01 22:51:15.063  1156  7005 V WindowManager: Relayout Window{8d68c2e u0 com.panda.mouse}: viewVisibility=0 req=24x29 d0
03-01 22:51:15.076  1156  7005 V WindowManager: Relayout Window{8d68c2e u0 com.panda.mouse}: viewVisibility=0 req=24x29 d0
03-01 22:51:15.094  1156  7005 V WindowManager: Relayout Window{8d68c2e u0 com.panda.mouse}: viewVisibility=0 req=24x29 d0
03-01 22:51:15.108  1156  7005 W InputManager-JNI: Input channel object '8d68c2e com.panda.mouse (client)' was disposed without first being removed with the input manager!
03-01 22:51:15.123  1132  1132 I Layer   : id=15474 removedFromDrawingState 8d68c2e com.panda.mouse#0 (230)
03-01 22:51:15.123  1132  1132 I SurfaceFlinger: id=15474 Removed 8d68c2e com.panda.mouse#0 (230)
03-01 22:51:15.123  1132  1132 I Layer   : id=15474 Destroyed 8d68c2e com.panda.mouse#0
03-01 22:51:15.128  1156  7005 W AppOps  : Noting op not finished: uid 10360 pkg com.panda.mouse code 24 startTime of in progress event=1646149839239
03-01 22:51:15.130  1132  1253 I SurfaceFlinger: id=15485 createSurf (0x0),-1 flag=80004, aef5de6 com.panda.mouse#0
03-01 22:51:15.141  1156  7005 V WindowManager: Relayout Window{aef5de6 u0 com.panda.mouse}: viewVisibility=0 req=24x29 d0
03-01 22:51:15.150  1156  7005 D WindowManager: finishDrawingWindow: Window{aef5de6 u0 com.panda.mouse} mDrawState=DRAW_PENDING
03-01 22:51:15.157  1156  7005 V WindowManager: Relayout Window{aef5de6 u0 com.panda.mouse}: viewVisibility=0 req=24x29 d0
03-01 22:51:15.191  1156  7005 V WindowManager: Relayout Window{aef5de6 u0 com.panda.mouse}: viewVisibility=0 req=24x29 d0
03-01 22:51:15.257  1156  7005 V WindowManager: Relayout Window{aef5de6 u0 com.panda.mouse}: viewVisibility=0 req=24x29 d0
03-01 22:51:15.273  1156  1199 V WindowManager: Relayout Window{aef5de6 u0 com.panda.mouse}: viewVisibility=0 req=24x29 d0
03-01 22:51:15.290  1156  1199 V WindowManager: Relayout Window{aef5de6 u0 com.panda.mouse}: viewVisibility=0 req=24x29 d0
03-01 22:51:15.308  1156  7005 V WindowManager: Relayout Window{aef5de6 u0 com.panda.mouse}: viewVisibility=0 req=24x29 d0
03-01 22:51:15.323  1156  7005 V WindowManager: Relayout Window{aef5de6 u0 com.panda.mouse}: viewVisibility=0 req=24x29 d0
03-01 22:51:15.341  1156  1199 V WindowManager: Relayout Window{aef5de6 u0 com.panda.mouse}: viewVisibility=0 req=24x29 d0
03-01 22:51:15.357  1156  1199 V WindowManager: Relayout Window{aef5de6 u0 com.panda.mouse}: viewVisibility=0 req=24x29 d0
03-01 22:51:15.374  1156  7005 V WindowManager: Relayout Window{aef5de6 u0 com.panda.mouse}: viewVisibility=0 req=24x29 d0
03-01 22:51:15.390  1156  5947 V WindowManager: Relayout Window{aef5de6 u0 com.panda.mouse}: viewVisibility=0 req=24x29 d0
03-01 22:51:15.407  1156  5223 V WindowManager: Relayout Window{aef5de6 u0 com.panda.mouse}: viewVisibility=0 req=24x29 d0
03-01 22:51:15.423  1156  5947 V WindowManager: Relayout Window{aef5de6 u0 com.panda.mouse}: viewVisibility=0 req=24x29 d0
03-01 22:51:15.441  1156  5223 V WindowManager: Relayout Window{aef5de6 u0 com.panda.mouse}: viewVisibility=0 req=24x29 d0
03-01 22:51:15.457  1156  5223 V WindowManager: Relayout Window{aef5de6 u0 com.panda.mouse}: viewVisibility=0 req=24x29 d0
03-01 22:51:15.474  1156  5223 V WindowManager: Relayout Window{aef5de6 u0 com.panda.mouse}: viewVisibility=0 req=24x29 d0
03-01 22:51:15.490  1156  1199 V WindowManager: Relayout Window{aef5de6 u0 com.panda.mouse}: viewVisibility=0 req=24x29 d0
03-01 22:51:15.507  1156  5223 V WindowManager: Relayout Window{aef5de6 u0 com.panda.mouse}: viewVisibility=0 req=24x29 d0
03-01 22:51:15.523  1156  1199 V WindowManager: Relayout Window{aef5de6 u0 com.panda.mouse}: viewVisibility=0 req=24x29 d0
03-01 22:51:15.540  1156  5223 V WindowManager: Relayout Window{aef5de6 u0 com.panda.mouse}: viewVisibility=0 req=24x29 d0
03-01 22:51:15.557  1156  1199 V WindowManager: Relayout Window{aef5de6 u0 com.panda.mouse}: viewVisibility=0 req=24x29 d0
03-01 22:51:15.573  1156  1199 V WindowManager: Relayout Window{aef5de6 u0 com.panda.mouse}: viewVisibility=0 req=24x29 d0
03-01 22:51:15.657  1156  1199 V WindowManager: Relayout Window{aef5de6 u0 com.panda.mouse}: viewVisibility=0 req=24x29 d0
03-01 22:51:15.674  1156  1199 V WindowManager: Relayout Window{aef5de6 u0 com.panda.mouse}: viewVisibility=0 req=24x29 d0
03-01 22:51:15.691  1156  1199 V WindowManager: Relayout Window{aef5de6 u0 com.panda.mouse}: viewVisibility=0 req=24x29 d0
03-01 22:51:15.697  1156  5947 V WindowManager: Relayout Window{b0dcbf6 u0 com.panda.mouse}: viewVisibility=0 req=1920x1080 d0
03-01 22:51:15.698  1156  5947 V WindowManager: Changing focus from Window{b0dcbf6 u0 com.panda.mouse} to Window{75ce50c u0 com.aurora.warden/com.aurora.warden.ui.activities.AuroraActivity} displayId=0 Callers=com.android.server.wm.RootWindowContainer.updateFocusedWindowLocked:582 com.android.server.wm.WindowManagerService.updateFocusedWindowLocked:6420 com.android.server.wm.WindowManagerService.relayoutWindow:2741 com.android.server.wm.Session.relayout:242 
03-01 22:51:15.723  1132  1132 I SurfaceFlinger: [b0dcbf6 com.panda.mouse#0] FrameRatePriority: -1
03-01 22:51:15.724  1156  7005 D InputDispatcher: Focus left window (0): b0dcbf6 com.panda.mouse
03-01 22:51:15.738  1156  7005 V WindowManager: Relayout Window{aef5de6 u0 com.panda.mouse}: viewVisibility=0 req=24x29 d0
03-01 22:51:16.702 24396 24396 I DaemonService: appInstalled: com.panda.mouse
03-01 22:51:16.750 24396 24396 I DaemonService: line=package:com.panda.mouse
03-01 22:51:16.752 24396 24396 I DaemonService: getPidViaProcessName: com.panda.mouse:i
03-01 22:51:17.183 24396 24396 I DaemonService: line=root         24394     1 1606364  22460 do_sys_poll         0 S com.panda.mouse:i
03-01 22:51:18.190  2910  3057 D SuggestedItemsProvider: <RecentApps> : (6) [{com.aurora.warden/com.aurora.warden.ui.activities.AuroraActivity} / UserHandle{0}, {com.panda.mouse/com.chaozhuo.gameassistant.SplashActivity} / UserHandle{0}, {com.pubg.newstate/com.epicgames.ue4.SplashActivity} / UserHandle{0}, {com.android.settings/com.android.settings.homepage.SettingsHomepageActivity} / UserHandle{0}, {com.termux/com.termux.app.TermuxActivity} / UserHandle{0}, {com.sec.android.desktopmode.uiservice/com.sec.android.desktopmode.uiservice.activity.connectivity.ConnectivityActivity} / UserHandle{0}]
03-01 22:51:18.190  2910  3057 D SuggestedItemsProvider: <Excludings> : (7) [{com.android.settings/com.android.settings.homepage.SettingsHomepageActivity} / UserHandle{0}, {com.panda.mouse/com.chaozhuo.gameassistant.SplashActivity} / UserHandle{0}, {com.aurora.warden/com.aurora.warden.ui.activities.AuroraActivity} / UserHandle{0}, {com.termux/com.termux.app.TermuxActivity} / UserHandle{0}, {com.sec.android.desktopmode.uiservice/com.sec.android.desktopmode.uiservice.activity.connectivity.ConnectivityActivity} / UserHandle{0}, {com.pubg.newstate/com.epicgames.ue4.SplashActivity} / UserHandle{0}, {com.samsung.android.appseparation/com.samsung.android.appseparation.view.launcher.LauncherActivity} / UserHandle{0}]
03-01 22:51:18.205  2910  7078 I AppIconSolution: getThemeIconWithBG called with public API, pkg = com.panda.mouse
03-01 22:51:18.205  2910  7078 I AppIconSolution: return adaptive icon for com.panda.mouse, isNight = true
03-01 22:51:18.205  2910  7078 I LauncherActivityInfo: packageName: com.panda.mouse, useThemeIcon: false, height: 120, width: 120, density: 200
03-01 22:51:18.229  2910  2910 I TaskThumbnailView: isDrawBackgroundOnly is true, mBitmapShader == null, ComponentInfo{com.panda.mouse/com.chaozhuo.gameassistant.XActivity}
03-01 22:51:18.335  1156  1199 D WindowManager: onAnimationFinished(): targetRootTask=Task{6ec2928 #1 type=home ?? U=0 visible=false mode=fullscreen translucent=false sz=1} targetActivity=ActivityRecord{9c3a077 u0 com.sec.android.app.launcher/.activities.LauncherActivity t315} mRestoreTargetBehindRootTask=Task{9b474b0 #488 type=standard A=10360:com.panda.mouse U=0 visible=false mode=fullscreen translucent=true sz=1}
03-01 22:51:18.355  2910  3057 I Launcher.NotificationListener: notificationIsValidForUI : com.panda.mouse missingTitleAndText : false isGroupHeader : false
03-01 22:51:18.382  2910  2910 I PopupDataProvider: refresh badge  package : com.panda.mouse count : 1
03-01 22:51:18.453  2910  3057 D SuggestedItemsProvider: <RecentApps> : (6) [{com.aurora.warden/com.aurora.warden.ui.activities.AuroraActivity} / UserHandle{0}, {com.panda.mouse/com.chaozhuo.gameassistant.SplashActivity} / UserHandle{0}, {com.pubg.newstate/com.epicgames.ue4.SplashActivity} / UserHandle{0}, {com.android.settings/com.android.settings.homepage.SettingsHomepageActivity} / UserHandle{0}, {com.termux/com.termux.app.TermuxActivity} / UserHandle{0}, {com.sec.android.desktopmode.uiservice/com.sec.android.desktopmode.uiservice.activity.connectivity.ConnectivityActivity} / UserHandle{0}]
03-01 22:51:18.453  2910  3057 D SuggestedItemsProvider: <Excludings> : (7) [{com.android.settings/com.android.settings.homepage.SettingsHomepageActivity} / UserHandle{0}, {com.panda.mouse/com.chaozhuo.gameassistant.SplashActivity} / UserHandle{0}, {com.aurora.warden/com.aurora.warden.ui.activities.AuroraActivity} / UserHandle{0}, {com.termux/com.termux.app.TermuxActivity} / UserHandle{0}, {com.sec.android.desktopmode.uiservice/com.sec.android.desktopmode.uiservice.activity.connectivity.ConnectivityActivity} / UserHandle{0}, {com.pubg.newstate/com.epicgames.ue4.SplashActivity} / UserHandle{0}, {com.samsung.android.appseparation/com.samsung.android.appseparation.view.launcher.LauncherActivity} / UserHandle{0}]
03-01 22:51:19.115  1156  1210 W InputManager-JNI: Input channel object '83479e9 com.panda.mouse (client)' was disposed without first being removed with the input manager!
03-01 22:51:19.121  1156  5947 W InputManager-JNI: Input channel object 'b0dcbf6 com.panda.mouse (client)' was disposed without first being removed with the input manager!
03-01 22:51:19.122  1132  1132 I Layer   : id=15449 removedFromDrawingState 83479e9 com.panda.mouse#0 (232)
03-01 22:51:19.123  1132  1132 I SurfaceFlinger: id=15449 Removed 83479e9 com.panda.mouse#0 (232)
03-01 22:51:19.123  1132  1132 I Layer   : id=15449 Destroyed 83479e9 com.panda.mouse#0
03-01 22:51:19.139  1132  1132 I Layer   : id=15451 removedFromDrawingState b0dcbf6 com.panda.mouse#0 (229)
03-01 22:51:19.139  1132  1132 I SurfaceFlinger: id=15451 Removed b0dcbf6 com.panda.mouse#0 (229)
03-01 22:51:19.140  1132  1132 I Layer   : id=15451 Destroyed b0dcbf6 com.panda.mouse#0
03-01 22:51:19.200  1156  7005 W InputManager-JNI: Input channel object 'aef5de6 com.panda.mouse (client)' was disposed without first being removed with the input manager!
03-01 22:51:19.201  1156  7005 E AppOps  : Operation not started: uid=10360 pkg=com.panda.mouse(null) op=SYSTEM_ALERT_WINDOW
03-01 22:51:19.201  1156  1156 D EdgeLightingPolicyManager:NotificationGroup: remove : sbn : StatusBarNotification(pkg=android user=UserHandle{0} id=0 tag=com.android.server.wm.AlertWindowNotification - com.panda.mouse key=0|android|0|com.android.server.wm.AlertWindowNotification - com.panda.mouse|1000: Notification(channel=com.android.server.wm.AlertWindowNotification - com.panda.mouse shortcut=null contentView=null vibrate=null sound=null defaults=0x0 flags=0x102 color=0xff888fa2 vis=PRIVATE semFlags=0x0 semPriority=0 semMissedCount=0))
03-01 22:51:19.205  2287  2287 D FaceWidgetNotificationManager: removeFaceWidgetMusicNotification() key : 0|android|0|com.android.server.wm.AlertWindowNotification - com.panda.mouse|1000
03-01 22:51:19.206  1132  1132 I Layer   : id=15485 removedFromDrawingState aef5de6 com.panda.mouse#0 (226)
03-01 22:51:19.206  1132  1132 I SurfaceFlinger: id=15485 Removed aef5de6 com.panda.mouse#0 (226)
03-01 22:51:19.206  1132  1132 I Layer   : id=15485 Destroyed aef5de6 com.panda.mouse#0
03-01 22:51:19.947 17593 17593 I AppsEdge.Split: FromRecent recent item : ComponentItem:Panda Mouse Pro:com.panda.mouse/com.chaozhuo.gameassistant.XActivity&0
03-01 22:51:20.128 17593 17653 I AppIconSolution: return adaptive icon for com.panda.mouse, isNight = true
03-01 22:51:22.316 24396 24396 I DaemonService: appInstalled: com.panda.mouse
03-01 22:51:22.370 24396 24396 I DaemonService: line=package:com.panda.mouse
03-01 22:51:22.373 24396 24396 I DaemonService: getPidViaProcessName: com.panda.mouse:i
03-01 22:51:22.622 24396 24396 I DaemonService: line=root         24394     1 1606564  23292 do_sys_poll         0 S com.panda.mouse:i
03-01 22:51:23.153  2910  7078 I AppIconSolution: getThemeIconWithBG called with public API, pkg = com.panda.mouse
03-01 22:51:23.153  2910  7078 I AppIconSolution: return adaptive icon for com.panda.mouse, isNight = true
03-01 22:51:23.153  2910  7078 I LauncherActivityInfo: packageName: com.panda.mouse, useThemeIcon: false, height: 120, width: 120, density: 200
03-01 22:51:23.313  2910  3057 D SuggestedItemsProvider: <RecentApps> : (5) [{com.termux/com.termux.app.TermuxActivity} / UserHandle{0}, {com.aurora.warden/com.aurora.warden.ui.activities.AuroraActivity} / UserHandle{0}, {com.panda.mouse/com.chaozhuo.gameassistant.SplashActivity} / UserHandle{0}, {com.pubg.newstate/com.epicgames.ue4.SplashActivity} / UserHandle{0}, {com.android.settings/com.android.settings.homepage.SettingsHomepageActivity} / UserHandle{0}]
03-01 22:51:23.313  2910  3057 D SuggestedItemsProvider: <Excludings> : (6) [{com.android.settings/com.android.settings.homepage.SettingsHomepageActivity} / UserHandle{0}, {com.panda.mouse/com.chaozhuo.gameassistant.SplashActivity} / UserHandle{0}, {com.aurora.warden/com.aurora.warden.ui.activities.AuroraActivity} / UserHandle{0}, {com.termux/com.termux.app.TermuxActivity} / UserHandle{0}, {com.pubg.newstate/com.epicgames.ue4.SplashActivity} / UserHandle{0}, {com.samsung.android.appseparation/com.samsung.android.appseparation.view.launcher.LauncherActivity} / UserHandle{0}]
03-01 22:51:23.670  2910  3057 I Launcher.NotificationListener: notificationIsValidForUI : com.panda.mouse missingTitleAndText : false isGroupHeader : false
03-01 22:51:23.728  2910  2910 I PopupDataProvider: refresh badge  package : com.panda.mouse count : 1
03-01 22:51:23.776  2910  3057 D SuggestedItemsProvider: <RecentApps> : (5) [{com.termux/com.termux.app.TermuxActivity} / UserHandle{0}, {com.aurora.warden/com.aurora.warden.ui.activities.AuroraActivity} / UserHandle{0}, {com.panda.mouse/com.chaozhuo.gameassistant.SplashActivity} / UserHandle{0}, {com.pubg.newstate/com.epicgames.ue4.SplashActivity} / UserHandle{0}, {com.android.settings/com.android.settings.homepage.SettingsHomepageActivity} / UserHandle{0}]
03-01 22:51:23.776  2910  3057 D SuggestedItemsProvider: <Excludings> : (6) [{com.android.settings/com.android.settings.homepage.SettingsHomepageActivity} / UserHandle{0}, {com.panda.mouse/com.chaozhuo.gameassistant.SplashActivity} / UserHandle{0}, {com.aurora.warden/com.aurora.warden.ui.activities.AuroraActivity} / UserHandle{0}, {com.termux/com.termux.app.TermuxActivity} / UserHandle{0}, {com.pubg.newstate/com.epicgames.ue4.SplashActivity} / UserHandle{0}, {com.samsung.android.appseparation/com.samsung.android.appseparation.view.launcher.LauncherActivity} / UserHandle{0}]
03-01 22:51:27.748 24396 24396 I DaemonService: appInstalled: com.panda.mouse
03-01 22:51:27.795 24396 24396 I DaemonService: line=package:com.panda.mouse
03-01 22:51:27.798 24396 24396 I DaemonService: getPidViaProcessName: com.panda.mouse:i
03-01 22:51:28.149 24396 24396 I DaemonService: line=root         24394     1 1606764  23964 do_sys_poll         0 S com.panda.mouse:i
03-01 22:51:29.726  7960  9406 I AppsEdge.Badge: key=com.panda.mouse:0 count=1
03-01 22:51:31.907  7960  9406 I AppsEdge.Badge: key=com.panda.mouse:0 count=1
03-01 22:51:33.295 24396 24396 I DaemonService: appInstalled: com.panda.mouse
03-01 22:51:33.347 24396 24396 I DaemonService: line=package:com.panda.mouse
03-01 22:51:33.351 24396 24396 I DaemonService: getPidViaProcessName: com.panda.mouse:i
03-01 22:51:33.691 24396 24396 I DaemonService: line=root         24394     1 1607004  24144 do_sys_poll         0 S com.panda.mouse:i
03-01 22:51:38.820 24396 24396 I DaemonService: appInstalled: com.panda.mouse
03-01 22:51:38.880 24396 24396 I DaemonService: line=package:com.panda.mouse
03-01 22:51:38.884 24396 24396 I DaemonService: getPidViaProcessName: com.panda.mouse:i
03-01 22:51:39.233 24396 24396 I DaemonService: line=root         24394     1 1607204  24552 do_sys_poll         0 S com.panda.mouse:i
03-01 22:51:44.378 24396 24396 I DaemonService: appInstalled: com.panda.mouse
03-01 22:51:44.434 24396 24396 I DaemonService: line=package:com.panda.mouse
03-01 22:51:44.436 24396 24396 I DaemonService: getPidViaProcessName: com.panda.mouse:i
03-01 22:51:44.850 24396 24396 I DaemonService: line=root         24394     1 1607408  25028 do_sys_poll         0 S com.panda.mouse:i
03-01 22:51:49.983 24396 24396 I DaemonService: appInstalled: com.panda.mouse
03-01 22:51:50.032 24396 24396 I DaemonService: line=package:com.panda.mouse
03-01 22:51:50.033 24396 24396 I DaemonService: getPidViaProcessName: com.panda.mouse:i
03-01 22:51:50.353 24396 24396 I DaemonService: line=root         24394     1 1607648  24660 do_sys_poll         0 S com.panda.mouse:i
03-01 22:51:55.480 24396 24396 I DaemonService: appInstalled: com.panda.mouse
03-01 22:51:55.529 24396 24396 I DaemonService: line=package:com.panda.mouse
03-01 22:51:55.532 24396 24396 I DaemonService: getPidViaProcessName: com.panda.mouse:i
03-01 22:51:55.761 24396 24396 I DaemonService: line=root         24394     1 1607848  23852 do_sys_poll         0 S com.panda.mouse:i
03-01 22:52:00.883 24396 24396 I DaemonService: appInstalled: com.panda.mouse
03-01 22:52:00.936 24396 24396 I DaemonService: line=package:com.panda.mouse
03-01 22:52:00.940 24396 24396 I DaemonService: getPidViaProcessName: com.panda.mouse:i
03-01 22:52:01.092 24396 24396 I DaemonService: line=root         24394     1 1606396  19892 do_sys_poll         0 S com.panda.mouse:i
03-01 22:52:03.808  2910  3057 D SuggestedItemsProvider: <RecentApps> : (5) [{com.microsoft.emmx/com.microsoft.ruby.Main} / UserHandle{0}, {com.termux/com.termux.app.TermuxActivity} / UserHandle{0}, {com.aurora.warden/com.aurora.warden.ui.activities.AuroraActivity} / UserHandle{0}, {com.panda.mouse/com.chaozhuo.gameassistant.SplashActivity} / UserHandle{0}, {com.pubg.newstate/com.epicgames.ue4.SplashActivity} / UserHandle{0}]
03-01 22:52:03.808  2910  3057 D SuggestedItemsProvider: <Excludings> : (6) [{com.panda.mouse/com.chaozhuo.gameassistant.SplashActivity} / UserHandle{0}, {com.aurora.warden/com.aurora.warden.ui.activities.AuroraActivity} / UserHandle{0}, {com.termux/com.termux.app.TermuxActivity} / UserHandle{0}, {com.pubg.newstate/com.epicgames.ue4.SplashActivity} / UserHandle{0}, {com.microsoft.emmx/com.microsoft.ruby.Main} / UserHandle{0}, {com.samsung.android.appseparation/com.samsung.android.appseparation.view.launcher.LauncherActivity} / UserHandle{0}]
03-01 22:52:03.852  2910  7078 I AppIconSolution: getThemeIconWithBG called with public API, pkg = com.panda.mouse
03-01 22:52:03.852  2910  7078 I AppIconSolution: return adaptive icon for com.panda.mouse, isNight = true
03-01 22:52:03.852  2910  7078 I LauncherActivityInfo: packageName: com.panda.mouse, useThemeIcon: false, height: 120, width: 120, density: 200
03-01 22:52:03.854  2910  2910 I TaskThumbnailView: isDrawBackgroundOnly is true, mBitmapShader == null, ComponentInfo{com.panda.mouse/com.chaozhuo.gameassistant.XActivity}
03-01 22:52:03.894  2910  2910 I TaskThumbnailView: isDrawBackgroundOnly is true, mBitmapShader == null, ComponentInfo{com.panda.mouse/com.chaozhuo.gameassistant.XActivity}
03-01 22:52:04.250  2910  3057 I Launcher.NotificationListener: notificationIsValidForUI : com.panda.mouse missingTitleAndText : false isGroupHeader : false
03-01 22:52:04.262  2910  2910 I PopupDataProvider: refresh badge  package : com.panda.mouse count : 1
03-01 22:52:04.379  2910  3057 D SuggestedItemsProvider: <RecentApps> : (5) [{com.microsoft.emmx/com.microsoft.ruby.Main} / UserHandle{0}, {com.termux/com.termux.app.TermuxActivity} / UserHandle{0}, {com.aurora.warden/com.aurora.warden.ui.activities.AuroraActivity} / UserHandle{0}, {com.panda.mouse/com.chaozhuo.gameassistant.SplashActivity} / UserHandle{0}, {com.pubg.newstate/com.epicgames.ue4.SplashActivity} / UserHandle{0}]
03-01 22:52:04.379  2910  3057 D SuggestedItemsProvider: <Excludings> : (6) [{com.panda.mouse/com.chaozhuo.gameassistant.SplashActivity} / UserHandle{0}, {com.aurora.warden/com.aurora.warden.ui.activities.AuroraActivity} / UserHandle{0}, {com.termux/com.termux.app.TermuxActivity} / UserHandle{0}, {com.pubg.newstate/com.epicgames.ue4.SplashActivity} / UserHandle{0}, {com.microsoft.emmx/com.microsoft.ruby.Main} / UserHandle{0}, {com.samsung.android.appseparation/com.samsung.android.appseparation.view.launcher.LauncherActivity} / UserHandle{0}]
03-01 22:52:06.206 24396 24396 I DaemonService: appInstalled: com.panda.mouse
03-01 22:52:06.259 24396 24396 I DaemonService: line=package:com.panda.mouse
03-01 22:52:06.260 24396 24396 I DaemonService: getPidViaProcessName: com.panda.mouse:i
03-01 22:52:06.688 24396 24396 I DaemonService: line=root         24394     1 1606636  20396 do_sys_poll         0 S com.panda.mouse:i
03-01 22:52:11.830 24396 24396 I DaemonService: appInstalled: com.panda.mouse
03-01 22:52:11.882 24396 24396 I DaemonService: line=package:com.panda.mouse
03-01 22:52:11.885 24396 24396 I DaemonService: getPidViaProcessName: com.panda.mouse:i
03-01 22:52:12.167 24396 24396 I DaemonService: line=root         24394     1 1606836  20840 do_sys_poll         0 S com.panda.mouse:i
03-01 22:52:17.292 24396 24396 I DaemonService: appInstalled: com.panda.mouse
03-01 22:52:17.343 24396 24396 I DaemonService: line=package:com.panda.mouse
03-01 22:52:17.347 24396 24396 I DaemonService: getPidViaProcessName: com.panda.mouse:i
03-01 22:52:17.686 24396 24396 I DaemonService: line=root         24394     1 1607036  21080 do_sys_poll         0 S com.panda.mouse:i
03-01 22:52:22.824 24396 24396 I DaemonService: appInstalled: com.panda.mouse
03-01 22:52:22.877 24396 24396 I DaemonService: line=package:com.panda.mouse
03-01 22:52:22.880 24396 24396 I DaemonService: getPidViaProcessName: com.panda.mouse:i
03-01 22:52:23.080 24396 24396 I DaemonService: line=root         24394     1 1607276  21316 do_sys_poll         0 S com.panda.mouse:i
03-01 22:52:28.194 24396 24396 I DaemonService: appInstalled: com.panda.mouse
03-01 22:52:28.248 24396 24396 I DaemonService: line=package:com.panda.mouse
03-01 22:52:28.251 24396 24396 I DaemonService: getPidViaProcessName: com.panda.mouse:i
03-01 22:52:28.508 24396 24396 I DaemonService: line=root         24394     1 1607476  21516 do_sys_poll         0 S com.panda.mouse:i
03-01 22:52:33.624 24396 24396 I DaemonService: appInstalled: com.panda.mouse
03-01 22:52:33.674 24396 24396 I DaemonService: line=package:com.panda.mouse
03-01 22:52:33.676 24396 24396 I DaemonService: getPidViaProcessName: com.panda.mouse:i
03-01 22:52:34.003 24396 24396 I DaemonService: line=root         24394     1 1607676  21756 do_sys_poll         0 S com.panda.mouse:i
03-01 22:52:36.492  1132  3124 I SurfaceFlinger: id=15621 createSurf (0x0),-1 flag=80004, 1fa286f com.panda.mouse#0
03-01 22:52:36.499  1156  6546 W AppOps  : Noting op not finished: uid 10360 pkg com.panda.mouse code 24 startTime of in progress event=1646149956492
03-01 22:52:36.500  1132  1254 I SurfaceFlinger: id=15623 createSurf (0x0),-1 flag=80004, 6aadc8b com.panda.mouse#0
03-01 22:52:36.512  1156  2624 V WindowManager: Relayout Window{1fa286f u0 com.panda.mouse}: viewVisibility=0 req=103x110 d0
03-01 22:52:36.556  1156  2624 V WindowManager: Relayout Window{6aadc8b u0 com.panda.mouse}: viewVisibility=0 req=1920x1080 d0
03-01 22:52:36.574  1156  6546 D WindowManager: finishDrawingWindow: Window{6aadc8b u0 com.panda.mouse} mDrawState=DRAW_PENDING
03-01 22:52:36.579  1156  6546 D WindowManager: finishDrawingWindow: Window{1fa286f u0 com.panda.mouse} mDrawState=DRAW_PENDING
03-01 22:52:36.608  1156  6546 W AppOps  : Noting op not finished: uid 10360 pkg com.panda.mouse code 24 startTime of in progress event=1646149956492
03-01 22:52:36.610  1132  3124 I SurfaceFlinger: id=15627 createSurf (0x0),-1 flag=80004, ed63c62 com.panda.mouse#0
03-01 22:52:36.622  1156  6546 V WindowManager: Relayout Window{ed63c62 u0 com.panda.mouse}: viewVisibility=0 req=24x29 d0
03-01 22:52:36.636  1156  6546 D WindowManager: finishDrawingWindow: Window{ed63c62 u0 com.panda.mouse} mDrawState=DRAW_PENDING
03-01 22:52:36.639  1156  2624 V WindowManager: Relayout Window{ed63c62 u0 com.panda.mouse}: viewVisibility=0 req=24x29 d0
03-01 22:52:36.655  1156  6546 V WindowManager: Relayout Window{ed63c62 u0 com.panda.mouse}: viewVisibility=0 req=24x29 d0
03-01 22:52:36.793  7960  7960 I Edge.badge: updateBadge item=key=0|android|0|com.android.server.wm.AlertWindowNotification - com.panda.mouse|1000, count=1
03-01 22:52:36.809  2287  2287 D InterruptionStateProvider: No bubble up: not allowed to bubble: 0|android|0|com.android.server.wm.AlertWindowNotification - com.panda.mouse|1000
03-01 22:52:36.810  2287  2287 D InterruptionStateProvider:  no Heads up : edgelighting enabled app. 0|android|0|com.android.server.wm.AlertWindowNotification - com.panda.mouse|1000
03-01 22:52:36.838  1156  5266 V WindowManager: Relayout Window{ed63c62 u0 com.panda.mouse}: viewVisibility=0 req=24x29 d0
03-01 22:52:36.856  1156  2624 V WindowManager: Relayout Window{ed63c62 u0 com.panda.mouse}: viewVisibility=0 req=24x29 d0
03-01 22:52:36.872  1156  5266 V WindowManager: Relayout Window{ed63c62 u0 com.panda.mouse}: viewVisibility=0 req=24x29 d0
03-01 22:52:36.888  1156  5266 V WindowManager: Relayout Window{ed63c62 u0 com.panda.mouse}: viewVisibility=0 req=24x29 d0
03-01 22:52:36.905  1156  5266 V WindowManager: Relayout Window{ed63c62 u0 com.panda.mouse}: viewVisibility=0 req=24x29 d0
03-01 22:52:36.922  1156  5266 V WindowManager: Relayout Window{ed63c62 u0 com.panda.mouse}: viewVisibility=0 req=24x29 d0
03-01 22:52:36.938  1156  5266 V WindowManager: Relayout Window{ed63c62 u0 com.panda.mouse}: viewVisibility=0 req=24x29 d0
03-01 22:52:36.955  1156  5266 V WindowManager: Relayout Window{ed63c62 u0 com.panda.mouse}: viewVisibility=0 req=24x29 d0
03-01 22:52:36.972  1156  2624 V WindowManager: Relayout Window{ed63c62 u0 com.panda.mouse}: viewVisibility=0 req=24x29 d0
03-01 22:52:36.988  1156  5266 V WindowManager: Relayout Window{ed63c62 u0 com.panda.mouse}: viewVisibility=0 req=24x29 d0
03-01 22:52:37.005  1156  5266 V WindowManager: Relayout Window{ed63c62 u0 com.panda.mouse}: viewVisibility=0 req=24x29 d0
03-01 22:52:37.024  1156  5266 V WindowManager: Relayout Window{ed63c62 u0 com.panda.mouse}: viewVisibility=0 req=24x29 d0
03-01 22:52:37.038  1156  5266 V WindowManager: Relayout Window{ed63c62 u0 com.panda.mouse}: viewVisibility=0 req=24x29 d0
03-01 22:52:37.055  1156  5266 V WindowManager: Relayout Window{ed63c62 u0 com.panda.mouse}: viewVisibility=0 req=24x29 d0
03-01 22:52:37.072  1156  5266 V WindowManager: Relayout Window{ed63c62 u0 com.panda.mouse}: viewVisibility=0 req=24x29 d0
03-01 22:52:37.090  1156  5266 V WindowManager: Relayout Window{ed63c62 u0 com.panda.mouse}: viewVisibility=0 req=24x29 d0
03-01 22:52:37.122  1156  5266 V WindowManager: Relayout Window{ed63c62 u0 com.panda.mouse}: viewVisibility=0 req=24x29 d0
03-01 22:52:37.139  1156  5266 V WindowManager: Relayout Window{ed63c62 u0 com.panda.mouse}: viewVisibility=0 req=24x29 d0
03-01 22:52:37.155  1156  5266 V WindowManager: Relayout Window{ed63c62 u0 com.panda.mouse}: viewVisibility=0 req=24x29 d0
03-01 22:52:37.172  1156  5266 V WindowManager: Relayout Window{ed63c62 u0 com.panda.mouse}: viewVisibility=0 req=24x29 d0
03-01 22:52:37.188  1156  5266 V WindowManager: Relayout Window{ed63c62 u0 com.panda.mouse}: viewVisibility=0 req=24x29 d0
03-01 22:52:37.206  1156  5266 V WindowManager: Relayout Window{ed63c62 u0 com.panda.mouse}: viewVisibility=0 req=24x29 d0
03-01 22:52:37.222  1156  5266 V WindowManager: Relayout Window{ed63c62 u0 com.panda.mouse}: viewVisibility=0 req=24x29 d0
03-01 22:52:37.238  1156  5266 V WindowManager: Relayout Window{ed63c62 u0 com.panda.mouse}: viewVisibility=0 req=24x29 d0
03-01 22:52:37.255  1156  5266 V WindowManager: Relayout Window{ed63c62 u0 com.panda.mouse}: viewVisibility=0 req=24x29 d0
03-01 22:52:37.305  1156  5266 V WindowManager: Relayout Window{ed63c62 u0 com.panda.mouse}: viewVisibility=0 req=24x29 d0
03-01 22:52:37.372  1156  6546 V WindowManager: Relayout Window{ed63c62 u0 com.panda.mouse}: viewVisibility=0 req=24x29 d0
03-01 22:52:37.472  1156  5266 V WindowManager: Relayout Window{ed63c62 u0 com.panda.mouse}: viewVisibility=0 req=24x29 d0
03-01 22:52:37.523  1156  5266 V WindowManager: Relayout Window{ed63c62 u0 com.panda.mouse}: viewVisibility=0 req=24x29 d0
03-01 22:52:37.540  1156  6546 V WindowManager: Relayout Window{ed63c62 u0 com.panda.mouse}: viewVisibility=0 req=24x29 d0
03-01 22:52:37.555  1156  5266 V WindowManager: Relayout Window{ed63c62 u0 com.panda.mouse}: viewVisibility=0 req=24x29 d0
03-01 22:52:37.572  1156  5266 V WindowManager: Relayout Window{ed63c62 u0 com.panda.mouse}: viewVisibility=0 req=24x29 d0
03-01 22:52:37.588  1156  5266 V WindowManager: Relayout Window{ed63c62 u0 com.panda.mouse}: viewVisibility=0 req=24x29 d0
03-01 22:52:37.605  1156  5266 V WindowManager: Relayout Window{ed63c62 u0 com.panda.mouse}: viewVisibility=0 req=24x29 d0
03-01 22:52:37.622  1156  5266 V WindowManager: Relayout Window{ed63c62 u0 com.panda.mouse}: viewVisibility=0 req=24x29 d0
03-01 22:52:37.638  1156  5266 V WindowManager: Relayout Window{ed63c62 u0 com.panda.mouse}: viewVisibility=0 req=24x29 d0
03-01 22:52:37.656  1156  5266 V WindowManager: Relayout Window{ed63c62 u0 com.panda.mouse}: viewVisibility=0 req=24x29 d0
03-01 22:52:37.672  1156  6546 V WindowManager: Relayout Window{ed63c62 u0 com.panda.mouse}: viewVisibility=0 req=24x29 d0
03-01 22:52:37.689  1156  5266 V WindowManager: Relayout Window{ed63c62 u0 com.panda.mouse}: viewVisibility=0 req=24x29 d0
03-01 22:52:37.706  1156  5266 V WindowManager: Relayout Window{ed63c62 u0 com.panda.mouse}: viewVisibility=0 req=24x29 d0
03-01 22:52:37.723  1156  5266 V WindowManager: Relayout Window{ed63c62 u0 com.panda.mouse}: viewVisibility=0 req=24x29 d0
03-01 22:52:37.739  1156  5266 V WindowManager: Relayout Window{ed63c62 u0 com.panda.mouse}: viewVisibility=0 req=24x29 d0
03-01 22:52:37.756  1156  2624 V WindowManager: Relayout Window{ed63c62 u0 com.panda.mouse}: viewVisibility=0 req=24x29 d0
03-01 22:52:37.772  1156  2624 V WindowManager: Relayout Window{ed63c62 u0 com.panda.mouse}: viewVisibility=0 req=24x29 d0
03-01 22:52:37.789  1156  2624 V WindowManager: Relayout Window{ed63c62 u0 com.panda.mouse}: viewVisibility=0 req=24x29 d0
03-01 22:52:37.822  1156  5266 V WindowManager: Relayout Window{ed63c62 u0 com.panda.mouse}: viewVisibility=0 req=24x29 d0
03-01 22:52:37.839  1156  2624 V WindowManager: Relayout Window{ed63c62 u0 com.panda.mouse}: viewVisibility=0 req=24x29 d0
03-01 22:52:37.856  1156  2624 V WindowManager: Relayout Window{ed63c62 u0 com.panda.mouse}: viewVisibility=0 req=24x29 d0
03-01 22:52:37.872  1156  2624 V WindowManager: Relayout Window{ed63c62 u0 com.panda.mouse}: viewVisibility=0 req=24x29 d0
03-01 22:52:37.888  1156  2624 V WindowManager: Relayout Window{ed63c62 u0 com.panda.mouse}: viewVisibility=0 req=24x29 d0
03-01 22:52:37.922  1156  5266 V WindowManager: Relayout Window{ed63c62 u0 com.panda.mouse}: viewVisibility=0 req=24x29 d0
03-01 22:52:37.939  1156  5266 V WindowManager: Relayout Window{ed63c62 u0 com.panda.mouse}: viewVisibility=0 req=24x29 d0
